Archive member included to satisfy reference by file (symbol)

C:/ST/STM32CubeCLT_1.18.0/GNU-tools-for-STM32/bin/../lib/gcc/arm-none-eabi/13.3.1/../../../../arm-none-eabi/lib/thumb/v7e-m+fp/hard\libc_nano.a(libc_a-exit.o)
                              C:/ST/STM32CubeCLT_1.18.0/GNU-tools-for-STM32/bin/../lib/gcc/arm-none-eabi/13.3.1/../../../../arm-none-eabi/lib/thumb/v7e-m+fp/hard/crt0.o (exit)
C:/ST/STM32CubeCLT_1.18.0/GNU-tools-for-STM32/bin/../lib/gcc/arm-none-eabi/13.3.1/../../../../arm-none-eabi/lib/thumb/v7e-m+fp/hard\libc_nano.a(libc_a-findfp.o)
                              C:/ST/STM32CubeCLT_1.18.0/GNU-tools-for-STM32/bin/../lib/gcc/arm-none-eabi/13.3.1/../../../../arm-none-eabi/lib/thumb/v7e-m+fp/hard\libc_nano.a(libc_a-exit.o) (__stdio_exit_handler)
C:/ST/STM32CubeCLT_1.18.0/GNU-tools-for-STM32/bin/../lib/gcc/arm-none-eabi/13.3.1/../../../../arm-none-eabi/lib/thumb/v7e-m+fp/hard\libc_nano.a(libc_a-fwalk.o)
                              C:/ST/STM32CubeCLT_1.18.0/GNU-tools-for-STM32/bin/../lib/gcc/arm-none-eabi/13.3.1/../../../../arm-none-eabi/lib/thumb/v7e-m+fp/hard\libc_nano.a(libc_a-findfp.o) (_fwalk_sglue)
C:/ST/STM32CubeCLT_1.18.0/GNU-tools-for-STM32/bin/../lib/gcc/arm-none-eabi/13.3.1/../../../../arm-none-eabi/lib/thumb/v7e-m+fp/hard\libc_nano.a(libc_a-stdio.o)
                              C:/ST/STM32CubeCLT_1.18.0/GNU-tools-for-STM32/bin/../lib/gcc/arm-none-eabi/13.3.1/../../../../arm-none-eabi/lib/thumb/v7e-m+fp/hard\libc_nano.a(libc_a-findfp.o) (__sread)
C:/ST/STM32CubeCLT_1.18.0/GNU-tools-for-STM32/bin/../lib/gcc/arm-none-eabi/13.3.1/../../../../arm-none-eabi/lib/thumb/v7e-m+fp/hard\libc_nano.a(libc_a-memset.o)
                              C:/ST/STM32CubeCLT_1.18.0/GNU-tools-for-STM32/bin/../lib/gcc/arm-none-eabi/13.3.1/../../../../arm-none-eabi/lib/thumb/v7e-m+fp/hard/crt0.o (memset)
C:/ST/STM32CubeCLT_1.18.0/GNU-tools-for-STM32/bin/../lib/gcc/arm-none-eabi/13.3.1/../../../../arm-none-eabi/lib/thumb/v7e-m+fp/hard\libc_nano.a(libc_a-closer.o)
                              C:/ST/STM32CubeCLT_1.18.0/GNU-tools-for-STM32/bin/../lib/gcc/arm-none-eabi/13.3.1/../../../../arm-none-eabi/lib/thumb/v7e-m+fp/hard\libc_nano.a(libc_a-stdio.o) (_close_r)
C:/ST/STM32CubeCLT_1.18.0/GNU-tools-for-STM32/bin/../lib/gcc/arm-none-eabi/13.3.1/../../../../arm-none-eabi/lib/thumb/v7e-m+fp/hard\libc_nano.a(libc_a-reent.o)
                              C:/ST/STM32CubeCLT_1.18.0/GNU-tools-for-STM32/bin/../lib/gcc/arm-none-eabi/13.3.1/../../../../arm-none-eabi/lib/thumb/v7e-m+fp/hard\libc_nano.a(libc_a-closer.o) (errno)
C:/ST/STM32CubeCLT_1.18.0/GNU-tools-for-STM32/bin/../lib/gcc/arm-none-eabi/13.3.1/../../../../arm-none-eabi/lib/thumb/v7e-m+fp/hard\libc_nano.a(libc_a-impure.o)
                              C:/ST/STM32CubeCLT_1.18.0/GNU-tools-for-STM32/bin/../lib/gcc/arm-none-eabi/13.3.1/../../../../arm-none-eabi/lib/thumb/v7e-m+fp/hard\libc_nano.a(libc_a-reent.o) (_impure_ptr)
C:/ST/STM32CubeCLT_1.18.0/GNU-tools-for-STM32/bin/../lib/gcc/arm-none-eabi/13.3.1/../../../../arm-none-eabi/lib/thumb/v7e-m+fp/hard\libc_nano.a(libc_a-lseekr.o)
                              C:/ST/STM32CubeCLT_1.18.0/GNU-tools-for-STM32/bin/../lib/gcc/arm-none-eabi/13.3.1/../../../../arm-none-eabi/lib/thumb/v7e-m+fp/hard\libc_nano.a(libc_a-stdio.o) (_lseek_r)
C:/ST/STM32CubeCLT_1.18.0/GNU-tools-for-STM32/bin/../lib/gcc/arm-none-eabi/13.3.1/../../../../arm-none-eabi/lib/thumb/v7e-m+fp/hard\libc_nano.a(libc_a-readr.o)
                              C:/ST/STM32CubeCLT_1.18.0/GNU-tools-for-STM32/bin/../lib/gcc/arm-none-eabi/13.3.1/../../../../arm-none-eabi/lib/thumb/v7e-m+fp/hard\libc_nano.a(libc_a-stdio.o) (_read_r)
C:/ST/STM32CubeCLT_1.18.0/GNU-tools-for-STM32/bin/../lib/gcc/arm-none-eabi/13.3.1/../../../../arm-none-eabi/lib/thumb/v7e-m+fp/hard\libc_nano.a(libc_a-writer.o)
                              C:/ST/STM32CubeCLT_1.18.0/GNU-tools-for-STM32/bin/../lib/gcc/arm-none-eabi/13.3.1/../../../../arm-none-eabi/lib/thumb/v7e-m+fp/hard\libc_nano.a(libc_a-stdio.o) (_write_r)
C:/ST/STM32CubeCLT_1.18.0/GNU-tools-for-STM32/bin/../lib/gcc/arm-none-eabi/13.3.1/../../../../arm-none-eabi/lib/thumb/v7e-m+fp/hard\libc_nano.a(libc_a-init.o)
                              C:/ST/STM32CubeCLT_1.18.0/GNU-tools-for-STM32/bin/../lib/gcc/arm-none-eabi/13.3.1/../../../../arm-none-eabi/lib/thumb/v7e-m+fp/hard/crt0.o (__libc_init_array)
C:/ST/STM32CubeCLT_1.18.0/GNU-tools-for-STM32/bin/../lib/gcc/arm-none-eabi/13.3.1/../../../../arm-none-eabi/lib/thumb/v7e-m+fp/hard\libc_nano.a(libc_a-lock.o)
                              C:/ST/STM32CubeCLT_1.18.0/GNU-tools-for-STM32/bin/../lib/gcc/arm-none-eabi/13.3.1/../../../../arm-none-eabi/lib/thumb/v7e-m+fp/hard\libc_nano.a(libc_a-findfp.o) (__retarget_lock_init_recursive)
C:/ST/STM32CubeCLT_1.18.0/GNU-tools-for-STM32/bin/../lib/gcc/arm-none-eabi/13.3.1/../../../../arm-none-eabi/lib/thumb/v7e-m+fp/hard\libc_nano.a(libc_a-freer.o)
[...]
Memory Configuration

Name             Origin             Length             Attributes
RAM              0x20000000         0x00020000         xrw
CCMRAM           0x10000000         0x00010000         xrw
FLASH            0x08000000         0x00080000         xr
*default*        0x00000000         0xffffffff

Linker script and memory map

LOAD C:/ST/STM32CubeCLT_1.18.0/GNU-tools-for-STM32/bin/../lib/gcc/arm-none-eabi/13.3.1/thumb/v7e-m+fp/hard/crti.o
LOAD C:/ST/STM32CubeCLT_1.18.0/GNU-tools-for-STM32/bin/../lib/gcc/arm-none-eabi/13.3.1/thumb/v7e-m+fp/hard/crtbegin.o
LOAD C:/ST/STM32CubeCLT_1.18.0/GNU-tools-for-STM32/bin/../lib/gcc/arm-none-eabi/13.3.1/../../../../arm-none-eabi/lib/thumb/v7e-m+fp/hard/crt0.o
START GROUP
LOAD C:/ST/STM32CubeCLT_1.18.0/GNU-tools-for-STM32/bin/../lib/gcc/arm-none-eabi/13.3.1/../../../../arm-none-eabi/lib/thumb/v7e-m+fp/hard\libc_nano.a
LOAD C:/ST/STM32CubeCLT_1.18.0/GNU-tools-for-STM32/bin/../lib/gcc/arm-none-eabi/13.3.1/../../../../arm-none-eabi/lib/thumb/v7e-m+fp/hard\libm.a
END GROUP
LOAD cmake/stm32cubemx/CMakeFiles/STM32_Drivers.dir/__/__/Core/Src/system_stm32f4xx.c.obj
LOAD cmake/stm32cubemx/CMakeFiles/STM32_Drivers.dir/__/__/Drivers/STM32F4xx_HAL_Driver/Src/stm32f4xx_hal_pcd.c.obj
LOAD cmake/stm32cubemx/CMakeFiles/STM32_Drivers.dir/__/__/Drivers/STM32F4xx_HAL_Driver/Src/stm32f4xx_hal_pcd_ex.c.obj
LOAD cmake/stm32cubemx/CMakeFiles/STM32_Drivers.dir/__/__/Drivers/STM32F4xx_HAL_Driver/Src/stm32f4xx_ll_usb.c.obj
LOAD cmake/stm32cubemx/CMakeFiles/STM32_Drivers.dir/__/__/Drivers/STM32F4xx_HAL_Driver/Src/stm32f4xx_hal_rcc.c.obj
LOAD cmake/stm32cubemx/CMakeFiles/STM32_Drivers.dir/__/__/Drivers/STM32F4xx_HAL_Driver/Src/stm32f4xx_hal_rcc_ex.c.obj
LOAD cmake/stm32cubemx/CMakeFiles/STM32_Drivers.dir/__/__/Drivers/STM32F4xx_HAL_Driver/Src/stm32f4xx_hal_flash.c.obj
LOAD cmake/stm32cubemx/CMakeFiles/STM32_Drivers.dir/__/__/Drivers/STM32F4xx_HAL_Driver/Src/stm32f4xx_hal_flash_ex.c.obj
LOAD cmake/stm32cubemx/CMakeFiles/STM32_Drivers.dir/__/__/Drivers/STM32F4xx_HAL_Driver/Src/stm32f4xx_hal_flash_ramfunc.c.obj
LOAD cmake/stm32cubemx/CMakeFiles/STM32_Drivers.dir/__/__/Drivers/STM32F4xx_HAL_Driver/Src/stm32f4xx_hal_gpio.c.obj
LOAD cmake/stm32cubemx/CMakeFiles/STM32_Drivers.dir/__/__/Drivers/STM32F4xx_HAL_Driver/Src/stm32f4xx_hal_dma_ex.c.obj
LOAD cmake/stm32cubemx/CMakeFiles/STM32_Drivers.dir/__/__/Drivers/STM32F4xx_HAL_Driver/Src/stm32f4xx_hal_dma.c.obj
LOAD cmake/stm32cubemx/CMakeFiles/STM32_Drivers.dir/__/__/Drivers/STM32F4xx_HAL_Driver/Src/stm32f4xx_hal_pwr.c.obj
LOAD cmake/stm32cubemx/CMakeFiles/STM32_Drivers.dir/__/__/Drivers/STM32F4xx_HAL_Driver/Src/stm32f4xx_hal_pwr_ex.c.obj
LOAD cmake/stm32cubemx/CMakeFiles/STM32_Drivers.dir/__/__/Drivers/STM32F4xx_HAL_Driver/Src/stm32f4xx_hal_cortex.c.obj
LOAD cmake/stm32cubemx/CMakeFiles/STM32_Drivers.dir/__/__/Drivers/STM32F4xx_HAL_Driver/Src/stm32f4xx_hal.c.obj
LOAD cmake/stm32cubemx/CMakeFiles/STM32_Drivers.dir/__/__/Drivers/STM32F4xx_HAL_Driver/Src/stm32f4xx_hal_exti.c.obj
LOAD cmake/stm32cubemx/CMakeFiles/STM32_Drivers.dir/__/__/Drivers/STM32F4xx_HAL_Driver/Src/stm32f4xx_hal_dcmi.c.obj
LOAD cmake/stm32cubemx/CMakeFiles/STM32_Drivers.dir/__/__/Drivers/STM32F4xx_HAL_Driver/Src/stm32f4xx_hal_dcmi_ex.c.obj
LOAD cmake/stm32cubemx/CMakeFiles/STM32_Drivers.dir/__/__/Drivers/STM32F4xx_HAL_Driver/Src/stm32f4xx_hal_i2c.c.obj
LOAD cmake/stm32cubemx/CMakeFiles/STM32_Drivers.dir/__/__/Drivers/STM32F4xx_HAL_Driver/Src/stm32f4xx_hal_i2c_ex.c.obj
LOAD cmake/stm32cubemx/CMakeFiles/USB_Device_Library.dir/__/__/Middlewares/ST/STM32_USB_Device_Library/Core/Src/usbd_core.c.obj
LOAD cmake/stm32cubemx/CMakeFiles/USB_Device_Library.dir/__/__/Middlewares/ST/STM32_USB_Device_Library/Core/Src/usbd_ctlreq.c.obj
LOAD cmake/stm32cubemx/CMakeFiles/USB_Device_Library.dir/__/__/Middlewares/ST/STM32_USB_Device_Library/Core/Src/usbd_ioreq.c.obj
LOAD cmake/stm32cubemx/CMakeFiles/USB_Device_Library.dir/197333d81b7587277aa101873a1ada28/Class/CDC/Src/usbd_cdc.c.obj
LOAD CMakeFiles/ov7670_2.dir/USB_DEVICE/Target/usbd_conf.c.obj
LOAD CMakeFiles/ov7670_2.dir/USB_DEVICE/App/usb_device.c.obj
LOAD CMakeFiles/ov7670_2.dir/USB_DEVICE/App/usbd_desc.c.obj
LOAD CMakeFiles/ov7670_2.dir/USB_DEVICE/App/usbd_cdc_if.c.obj
LOAD CMakeFiles/ov7670_2.dir/Core/Src/main.c.obj
LOAD CMakeFiles/ov7670_2.dir/Core/Src/stm32f4xx_it.c.obj
LOAD CMakeFiles/ov7670_2.dir/Core/Src/stm32f4xx_hal_msp.c.obj
LOAD CMakeFiles/ov7670_2.dir/Core/Src/sysmem.c.obj
LOAD CMakeFiles/ov7670_2.dir/Core/Src/syscalls.c.obj
LOAD CMakeFiles/ov7670_2.dir/startup_stm32f407xx.s.obj
START GROUP
LOAD C:/ST/STM32CubeCLT_1.18.0/GNU-tools-for-STM32/bin/../lib/gcc/arm-none-eabi/13.3.1/thumb/v7e-m+fp/hard\libgcc.a
LOAD C:/ST/STM32CubeCLT_1.18.0/GNU-tools-for-STM32/bin/../lib/gcc/arm-none-eabi/13.3.1/../../../../arm-none-eabi/lib/thumb/v7e-m+fp/hard\libg_nano.a
LOAD C:/ST/STM32CubeCLT_1.18.0/GNU-tools-for-STM32/bin/../lib/gcc/arm-none-eabi/13.3.1/../../../../arm-none-eabi/lib/thumb/v7e-m+fp/hard\libc_nano.a
END GROUP
START GROUP
LOAD C:/ST/STM32CubeCLT_1.18.0/GNU-tools-for-STM32/bin/../lib/gcc/arm-none-eabi/13.3.1/thumb/v7e-m+fp/hard\libgcc.a
LOAD C:/ST/STM32CubeCLT_1.18.0/GNU-tools-for-STM32/bin/../lib/gcc/arm-none-eabi/13.3.1/../../../../arm-none-eabi/lib/thumb/v7e-m+fp/hard\libc_nano.a
END GROUP
LOAD C:/ST/STM32CubeCLT_1.18.0/GNU-tools-for-STM32/bin/../lib/gcc/arm-none-eabi/13.3.1/thumb/v7e-m+fp/hard/crtend.o
LOAD C:/ST/STM32CubeCLT_1.18.0/GNU-tools-for-STM32/bin/../lib/gcc/arm-none-eabi/13.3.1/thumb/v7e-m+fp/hard/crtn.o
                0x20020000                        _estack = (ORIGIN (RAM) + LENGTH (RAM))
                0x00000200                        _Min_Heap_Size = 0x200
                0x00000400                        _Min_Stack_Size = 0x400

.isr_vector     0x08000000      0x188
                0x08000000                        . = ALIGN (0x4)
 *(.isr_vector)
 .isr_vector    0x08000000      0x188 CMakeFiles/ov7670_2.dir/startup_stm32f407xx.s.obj
                0x08000000                g_pfnVectors
                0x08000188                        . = ALIGN (0x4)

.text           0x08000188     0x8980
                0x08000188                        . = ALIGN (0x4)
 *(.text)
 .text          0x08000188       0x40 C:/ST/STM32CubeCLT_1.18.0/GNU-tools-for-STM32/bin/../lib/gcc/arm-none-eabi/13.3.1/thumb/v7e-m+fp/hard/crtbegin.o
 *(.text*)
 .text.memset   0x080001c8       0x10 C:/ST/STM32CubeCLT_1.18.0/GNU-tools-for-STM32/bin/../lib/gcc/arm-none-eabi/13.3.1/../../../../arm-none-eabi/lib/thumb/v7e-m+fp/hard\libc_nano.a(libc_a-memset.o)
                0x080001c8                memset
 .text.__libc_init_array
                0x080001d8       0x48 C:/ST/STM32CubeCLT_1.18.0/GNU-tools-for-STM32/bin/../lib/gcc/arm-none-eabi/13.3.1/../../../../arm-none-eabi/lib/thumb/v7e-m+fp/hard\libc_nano.a(libc_a-init.o)
                0x080001d8                __libc_init_array
 .text.SystemInit
                0x08000220       0x24 cmake/stm32cubemx/CMakeFiles/STM32_Drivers.dir/__/__/Core/Src/system_stm32f4xx.c.obj
                0x08000220                SystemInit
 .text.HAL_PCD_Init
                0x08000244      0x21e cmake/stm32cubemx/CMakeFiles/STM32_Drivers.dir/__/__/Drivers/STM32F4xx_HAL_Driver/Src/stm32f4xx_hal_pcd.c.obj
                0x08000244                HAL_PCD_Init
 .text.HAL_PCD_Start
                0x08000462       0x6a cmake/stm32cubemx/CMakeFiles/STM32_Drivers.dir/__/__/Drivers/STM32F4xx_HAL_Driver/Src/stm32f4xx_hal_pcd.c.obj
                0x08000462                HAL_PCD_Start
 .text.HAL_PCD_IRQHandler
                0x080004cc      0x942 cmake/stm32cubemx/CMakeFiles/STM32_Drivers.dir/__/__/Drivers/STM32F4xx_HAL_Driver/Src/stm32f4xx_hal_pcd.c.obj
                0x080004cc                HAL_PCD_IRQHandler
 .text.HAL_PCD_SetAddress
                0x08000e0e       0x48 cmake/stm32cubemx/CMakeFiles/STM32_Drivers.dir/__/__/Drivers/STM32F4xx_HAL_Driver/Src/stm32f4xx_hal_pcd.c.obj
                0x08000e0e                HAL_PCD_SetAddress
 .text.HAL_PCD_EP_Open
                0x08000e56       0xd4 cmake/stm32cubemx/CMakeFiles/STM32_Drivers.dir/__/__/Drivers/STM32F4xx_HAL_Driver/Src/stm32f4xx_hal_pcd.c.obj
                0x08000e56                HAL_PCD_EP_Open
 .text.HAL_PCD_EP_Close
                0x08000f2a       0x94 cmake/stm32cubemx/CMakeFiles/STM32_Drivers.dir/__/__/Drivers/STM32F4xx_HAL_Driver/Src/stm32f4xx_hal_pcd.c.obj
                0x08000f2a                HAL_PCD_EP_Close
 .text.HAL_PCD_EP_Receive
                0x08000fbe       0x76 cmake/stm32cubemx/CMakeFiles/STM32_Drivers.dir/__/__/Drivers/STM32F4xx_HAL_Driver/Src/stm32f4xx_hal_pcd.c.obj
                0x08000fbe                HAL_PCD_EP_Receive
 .text.HAL_PCD_EP_GetRxCount
                0x08001034       0x30 cmake/stm32cubemx/CMakeFiles/STM32_Drivers.dir/__/__/Drivers/STM32F4xx_HAL_Driver/Src/stm32f4xx_hal_pcd.c.obj
                0x08001034                HAL_PCD_EP_GetRxCount
 .text.HAL_PCD_EP_Transmit
                0x08001064       0x74 cmake/stm32cubemx/CMakeFiles/STM32_Drivers.dir/__/__/Drivers/STM32F4xx_HAL_Driver/Src/stm32f4xx_hal_pcd.c.obj
                0x08001064                HAL_PCD_EP_Transmit
 .text.HAL_PCD_EP_SetStall
                0x080010d8       0xc6 cmake/stm32cubemx/CMakeFiles/STM32_Drivers.dir/__/__/Drivers/STM32F4xx_HAL_Driver/Src/stm32f4xx_hal_pcd.c.obj
                0x080010d8                HAL_PCD_EP_SetStall
 .text.HAL_PCD_EP_ClrStall
                0x0800119e       0xac cmake/stm32cubemx/CMakeFiles/STM32_Drivers.dir/__/__/Drivers/STM32F4xx_HAL_Driver/Src/stm32f4xx_hal_pcd.c.obj
                0x0800119e                HAL_PCD_EP_ClrStall
 .text.HAL_PCD_EP_Abort
                0x0800124a       0x62 cmake/stm32cubemx/CMakeFiles/STM32_Drivers.dir/__/__/Drivers/STM32F4xx_HAL_Driver/Src/stm32f4xx_hal_pcd.c.obj
                0x0800124a                HAL_PCD_EP_Abort
 .text.PCD_WriteEmptyTxFifo
                0x080012ac      0x118 cmake/stm32cubemx/CMakeFiles/STM32_Drivers.dir/__/__/Drivers/STM32F4xx_HAL_Driver/Src/stm32f4xx_hal_pcd.c.obj
 .text.PCD_EP_OutXfrComplete_int
                0x080013c4      0x1d0 cmake/stm32cubemx/CMakeFiles/STM32_Drivers.dir/__/__/Drivers/STM32F4xx_HAL_Driver/Src/stm32f4xx_hal_pcd.c.obj
 .text.PCD_EP_OutSetupPacket_int
                0x08001594       0x8c cmake/stm32cubemx/CMakeFiles/STM32_Drivers.dir/__/__/Drivers/STM32F4xx_HAL_Driver/Src/stm32f4xx_hal_pcd.c.obj
 .text.HAL_PCDEx_SetTxFiFo
                0x08001620       0x8e cmake/stm32cubemx/CMakeFiles/STM32_Drivers.dir/__/__/Drivers/STM32F4xx_HAL_Driver/Src/stm32f4xx_hal_pcd_ex.c.obj
                0x08001620                HAL_PCDEx_SetTxFiFo
 .text.HAL_PCDEx_SetRxFiFo
                0x080016ae       0x22 cmake/stm32cubemx/CMakeFiles/STM32_Drivers.dir/__/__/Drivers/STM32F4xx_HAL_Driver/Src/stm32f4xx_hal_pcd_ex.c.obj
                0x080016ae                HAL_PCDEx_SetRxFiFo
 .text.HAL_PCDEx_LPM_Callback
                0x080016d0       0x18 cmake/stm32cubemx/CMakeFiles/STM32_Drivers.dir/__/__/Drivers/STM32F4xx_HAL_Driver/Src/stm32f4xx_hal_pcd_ex.c.obj
                0x080016d0                HAL_PCDEx_LPM_Callback
 .text.USB_CoreInit
                0x080016e8       0xc8 cmake/stm32cubemx/CMakeFiles/STM32_Drivers.dir/__/__/Drivers/STM32F4xx_HAL_Driver/Src/stm32f4xx_ll_usb.c.obj
                0x080016e8                USB_CoreInit
 .text.USB_SetTurnaroundTime
                0x080017b0      0x144 cmake/stm32cubemx/CMakeFiles/STM32_Drivers.dir/__/__/Drivers/STM32F4xx_HAL_Driver/Src/stm32f4xx_ll_usb.c.obj
                0x080017b0                USB_SetTurnaroundTime
 .text.USB_EnableGlobalInt
                0x080018f4       0x22 cmake/stm32cubemx/CMakeFiles/STM32_Drivers.dir/__/__/Drivers/STM32F4xx_HAL_Driver/Src/stm32f4xx_ll_usb.c.obj
                0x080018f4                USB_EnableGlobalInt
 .text.USB_DisableGlobalInt
                0x08001916       0x22 cmake/stm32cubemx/CMakeFiles/STM32_Drivers.dir/__/__/Drivers/STM32F4xx_HAL_Driver/Src/stm32f4xx_ll_usb.c.obj
                0x08001916                USB_DisableGlobalInt
 .text.USB_SetCurrentMode
                0x08001938       0x98 cmake/stm32cubemx/CMakeFiles/STM32_Drivers.dir/__/__/Drivers/STM32F4xx_HAL_Driver/Src/stm32f4xx_ll_usb.c.obj
                0x08001938                USB_SetCurrentMode
 .text.USB_DevInit
                0x080019d0      0x2c8 cmake/stm32cubemx/CMakeFiles/STM32_Drivers.dir/__/__/Drivers/STM32F4xx_HAL_Driver/Src/stm32f4xx_ll_usb.c.obj
                0x080019d0                USB_DevInit
 .text.USB_FlushTxFifo
                0x08001c98       0x64 cmake/stm32cubemx/CMakeFiles/STM32_Drivers.dir/__/__/Drivers/STM32F4xx_HAL_Driver/Src/stm32f4xx_ll_usb.c.obj
                0x08001c98                USB_FlushTxFifo
 .text.USB_FlushRxFifo
                0x08001cfc       0x5c cmake/stm32cubemx/CMakeFiles/STM32_Drivers.dir/__/__/Drivers/STM32F4xx_HAL_Driver/Src/stm32f4xx_ll_usb.c.obj
                0x08001cfc                USB_FlushRxFifo
 .text.USB_SetDevSpeed
                0x08001d58       0x32 cmake/stm32cubemx/CMakeFiles/STM32_Drivers.dir/__/__/Drivers/STM32F4xx_HAL_Driver/Src/stm32f4xx_ll_usb.c.obj
                0x08001d58                USB_SetDevSpeed
 .text.USB_GetDevSpeed
                0x08001d8a       0x4a cmake/stm32cubemx/CMakeFiles/STM32_Drivers.dir/__/__/Drivers/STM32F4xx_HAL_Driver/Src/stm32f4xx_ll_usb.c.obj
                0x08001d8a                USB_GetDevSpeed
 .text.USB_ActivateEndpoint
                0x08001dd4      0x10e cmake/stm32cubemx/CMakeFiles/STM32_Drivers.dir/__/__/Drivers/STM32F4xx_HAL_Driver/Src/stm32f4xx_ll_usb.c.obj
                0x08001dd4                USB_ActivateEndpoint
 *fill*         0x08001ee2        0x2 
 .text.USB_DeactivateEndpoint
                0x08001ee4      0x1b8 cmake/stm32cubemx/CMakeFiles/STM32_Drivers.dir/__/__/Drivers/STM32F4xx_HAL_Driver/Src/stm32f4xx_ll_usb.c.obj
                0x08001ee4                USB_DeactivateEndpoint
 .text.USB_EPStartXfer
                0x0800209c      0x53c cmake/stm32cubemx/CMakeFiles/STM32_Drivers.dir/__/__/Drivers/STM32F4xx_HAL_Driver/Src/stm32f4xx_ll_usb.c.obj
                0x0800209c                USB_EPStartXfer
 .text.USB_EPStopXfer
                0x080025d8      0x154 cmake/stm32cubemx/CMakeFiles/STM32_Drivers.dir/__/__/Drivers/STM32F4xx_HAL_Driver/Src/stm32f4xx_ll_usb.c.obj
                0x080025d8                USB_EPStopXfer
 .text.USB_WritePacket
                0x0800272c       0x7c cmake/stm32cubemx/CMakeFiles/STM32_Drivers.dir/__/__/Drivers/STM32F4xx_HAL_Driver/Src/stm32f4xx_ll_usb.c.obj
                0x0800272c                USB_WritePacket
 .text.USB_ReadPacket
                0x080027a8       0xb0 cmake/stm32cubemx/CMakeFiles/STM32_Drivers.dir/__/__/Drivers/STM32F4xx_HAL_Driver/Src/stm32f4xx_ll_usb.c.obj
                0x080027a8                USB_ReadPacket
 .text.USB_EPSetStall
                0x08002858       0xdc cmake/stm32cubemx/CMakeFiles/STM32_Drivers.dir/__/__/Drivers/STM32F4xx_HAL_Driver/Src/stm32f4xx_ll_usb.c.obj
                0x08002858                USB_EPSetStall
 .text.USB_EPClearStall
                0x08002934       0xcc cmake/stm32cubemx/CMakeFiles/STM32_Drivers.dir/__/__/Drivers/STM32F4xx_HAL_Driver/Src/stm32f4xx_ll_usb.c.obj
                0x08002934                USB_EPClearStall
 .text.USB_SetDevAddress
                0x08002a00       0x4c cmake/stm32cubemx/CMakeFiles/STM32_Drivers.dir/__/__/Drivers/STM32F4xx_HAL_Driver/Src/stm32f4xx_ll_usb.c.obj
                0x08002a00                USB_SetDevAddress
 .text.USB_DevConnect
                0x08002a4c       0x42 cmake/stm32cubemx/CMakeFiles/STM32_Drivers.dir/__/__/Drivers/STM32F4xx_HAL_Driver/Src/stm32f4xx_ll_usb.c.obj
                0x08002a4c                USB_DevConnect
 .text.USB_DevDisconnect
                0x08002a8e       0x42 cmake/stm32cubemx/CMakeFiles/STM32_Drivers.dir/__/__/Drivers/STM32F4xx_HAL_Driver/Src/stm32f4xx_ll_usb.c.obj
                0x08002a8e                USB_DevDisconnect
 .text.USB_ReadInterrupts
                0x08002ad0       0x26 cmake/stm32cubemx/CMakeFiles/STM32_Drivers.dir/__/__/Drivers/STM32F4xx_HAL_Driver/Src/stm32f4xx_ll_usb.c.obj
                0x08002ad0                USB_ReadInterrupts
 .text.USB_ReadDevAllOutEpInterrupt
                0x08002af6       0x34 cmake/stm32cubemx/CMakeFiles/STM32_Drivers.dir/__/__/Drivers/STM32F4xx_HAL_Driver/Src/stm32f4xx_ll_usb.c.obj
                0x08002af6                USB_ReadDevAllOutEpInterrupt
 .text.USB_ReadDevAllInEpInterrupt
                0x08002b2a       0x34 cmake/stm32cubemx/CMakeFiles/STM32_Drivers.dir/__/__/Drivers/STM32F4xx_HAL_Driver/Src/stm32f4xx_ll_usb.c.obj
                0x08002b2a                USB_ReadDevAllInEpInterrupt
 .text.USB_ReadDevOutEPInterrupt
                0x08002b5e       0x3c cmake/stm32cubemx/CMakeFiles/STM32_Drivers.dir/__/__/Drivers/STM32F4xx_HAL_Driver/Src/stm32f4xx_ll_usb.c.obj
                0x08002b5e                USB_ReadDevOutEPInterrupt
 .text.USB_ReadDevInEPInterrupt
                0x08002b9a       0x5c cmake/stm32cubemx/CMakeFiles/STM32_Drivers.dir/__/__/Drivers/STM32F4xx_HAL_Driver/Src/stm32f4xx_ll_usb.c.obj
                0x08002b9a                USB_ReadDevInEPInterrupt
 .text.USB_GetMode
                0x08002bf6       0x1c cmake/stm32cubemx/CMakeFiles/STM32_Drivers.dir/__/__/Drivers/STM32F4xx_HAL_Driver/Src/stm32f4xx_ll_usb.c.obj
                0x08002bf6                USB_GetMode
 .text.USB_ActivateSetup
                0x08002c12       0x46 cmake/stm32cubemx/CMakeFiles/STM32_Drivers.dir/__/__/Drivers/STM32F4xx_HAL_Driver/Src/stm32f4xx_ll_usb.c.obj
                0x08002c12                USB_ActivateSetup
 .text.USB_EP0_OutStart
                0x08002c58       0xbc cmake/stm32cubemx/CMakeFiles/STM32_Drivers.dir/__/__/Drivers/STM32F4xx_HAL_Driver/Src/stm32f4xx_ll_usb.c.obj
                0x08002c58                USB_EP0_OutStart
 .text.USB_CoreReset
                0x08002d14       0x62 cmake/stm32cubemx/CMakeFiles/STM32_Drivers.dir/__/__/Drivers/STM32F4xx_HAL_Driver/Src/stm32f4xx_ll_usb.c.obj
 *fill*         0x08002d76        0x2 
 .text.HAL_RCC_GetHCLKFreq
                0x08002d78       0x18 cmake/stm32cubemx/CMakeFiles/STM32_Drivers.dir/__/__/Drivers/STM32F4xx_HAL_Driver/Src/stm32f4xx_hal_rcc.c.obj
                0x08002d78                HAL_RCC_GetHCLKFreq
 .text.HAL_RCC_GetPCLK1Freq
                0x08002d90       0x28 cmake/stm32cubemx/CMakeFiles/STM32_Drivers.dir/__/__/Drivers/STM32F4xx_HAL_Driver/Src/stm32f4xx_hal_rcc.c.obj
                0x08002d90                HAL_RCC_GetPCLK1Freq
 .text.HAL_GPIO_Init
                0x08002db8      0x338 cmake/stm32cubemx/CMakeFiles/STM32_Drivers.dir/__/__/Drivers/STM32F4xx_HAL_Driver/Src/stm32f4xx_hal_gpio.c.obj
                0x08002db8                HAL_GPIO_Init
 .text.HAL_GPIO_WritePin
                0x080030f0       0x32 cmake/stm32cubemx/CMakeFiles/STM32_Drivers.dir/__/__/Drivers/STM32F4xx_HAL_Driver/Src/stm32f4xx_hal_gpio.c.obj
                0x080030f0                HAL_GPIO_WritePin
 *fill*         0x08003122        0x2 
 .text.HAL_DMAEx_MultiBufferStart_IT
                0x08003124     0x1290 cmake/stm32cubemx/CMakeFiles/STM32_Drivers.dir/__/__/Drivers/STM32F4xx_HAL_Driver/Src/stm32f4xx_hal_dma_ex.c.obj
                0x08003124                HAL_DMAEx_MultiBufferStart_IT
 .text.HAL_DMAEx_ChangeMemory
                0x080043b4       0x34 cmake/stm32cubemx/CMakeFiles/STM32_Drivers.dir/__/__/Drivers/STM32F4xx_HAL_Driver/Src/stm32f4xx_hal_dma_ex.c.obj
                0x080043b4                HAL_DMAEx_ChangeMemory
 .text.DMA_MultiBufferSetConfig
                0x080043e8       0x4c cmake/stm32cubemx/CMakeFiles/STM32_Drivers.dir/__/__/Drivers/STM32F4xx_HAL_Driver/Src/stm32f4xx_hal_dma_ex.c.obj
 .text.HAL_DMA_Init
                0x08004434      0x15c cmake/stm32cubemx/CMakeFiles/STM32_Drivers.dir/__/__/Drivers/STM32F4xx_HAL_Driver/Src/stm32f4xx_hal_dma.c.obj
                0x08004434                HAL_DMA_Init
 .text.HAL_DMA_Start_IT
                0x08004590       0xb0 cmake/stm32cubemx/CMakeFiles/STM32_Drivers.dir/__/__/Drivers/STM32F4xx_HAL_Driver/Src/stm32f4xx_hal_dma.c.obj
                0x08004590                HAL_DMA_Start_IT
 .text.HAL_DMA_IRQHandler
                0x08004640      0x314 cmake/stm32cubemx/CMakeFiles/STM32_Drivers.dir/__/__/Drivers/STM32F4xx_HAL_Driver/Src/stm32f4xx_hal_dma.c.obj
                0x08004640                HAL_DMA_IRQHandler
 .text.DMA_SetConfig
                0x08004954       0x5c cmake/stm32cubemx/CMakeFiles/STM32_Drivers.dir/__/__/Drivers/STM32F4xx_HAL_Driver/Src/stm32f4xx_hal_dma.c.obj
 .text.DMA_CalcBaseAndBitshift
                0x080049b0       0x6c cmake/stm32cubemx/CMakeFiles/STM32_Drivers.dir/__/__/Drivers/STM32F4xx_HAL_Driver/Src/stm32f4xx_hal_dma.c.obj
 .text.DMA_CheckFifoParam
                0x08004a1c       0xf8 cmake/stm32cubemx/CMakeFiles/STM32_Drivers.dir/__/__/Drivers/STM32F4xx_HAL_Driver/Src/stm32f4xx_hal_dma.c.obj
 .text.__NVIC_SetPriorityGrouping
                0x08004b14       0x48 cmake/stm32cubemx/CMakeFiles/STM32_Drivers.dir/__/__/Drivers/STM32F4xx_HAL_Driver/Src/stm32f4xx_hal_cortex.c.obj
 .text.__NVIC_GetPriorityGrouping
                0x08004b5c       0x1c cmake/stm32cubemx/CMakeFiles/STM32_Drivers.dir/__/__/Drivers/STM32F4xx_HAL_Driver/Src/stm32f4xx_hal_cortex.c.obj
 .text.__NVIC_EnableIRQ
                0x08004b78       0x3c cmake/stm32cubemx/CMakeFiles/STM32_Drivers.dir/__/__/Drivers/STM32F4xx_HAL_Driver/Src/stm32f4xx_hal_cortex.c.obj
 .text.__NVIC_SetPriority
                0x08004bb4       0x54 cmake/stm32cubemx/CMakeFiles/STM32_Drivers.dir/__/__/Drivers/STM32F4xx_HAL_Driver/Src/stm32f4xx_hal_cortex.c.obj
 .text.NVIC_EncodePriority
                0x08004c08       0x66 cmake/stm32cubemx/CMakeFiles/STM32_Drivers.dir/__/__/Drivers/STM32F4xx_HAL_Driver/Src/stm32f4xx_hal_cortex.c.obj
 *fill*         0x08004c6e        0x2 
 .text.SysTick_Config
                0x08004c70       0x44 cmake/stm32cubemx/CMakeFiles/STM32_Drivers.dir/__/__/Drivers/STM32F4xx_HAL_Driver/Src/stm32f4xx_hal_cortex.c.obj
 .text.HAL_NVIC_SetPriorityGrouping
                0x08004cb4       0x16 cmake/stm32cubemx/CMakeFiles/STM32_Drivers.dir/__/__/Drivers/STM32F4xx_HAL_Driver/Src/stm32f4xx_hal_cortex.c.obj
                0x08004cb4                HAL_NVIC_SetPriorityGrouping
 .text.HAL_NVIC_SetPriority
                0x08004cca       0x38 cmake/stm32cubemx/CMakeFiles/STM32_Drivers.dir/__/__/Drivers/STM32F4xx_HAL_Driver/Src/stm32f4xx_hal_cortex.c.obj
                0x08004cca                HAL_NVIC_SetPriority
 .text.HAL_NVIC_EnableIRQ
                0x08004d02       0x1c cmake/stm32cubemx/CMakeFiles/STM32_Drivers.dir/__/__/Drivers/STM32F4xx_HAL_Driver/Src/stm32f4xx_hal_cortex.c.obj
                0x08004d02                HAL_NVIC_EnableIRQ
 .text.HAL_SYSTICK_Config
                0x08004d1e       0x18 cmake/stm32cubemx/CMakeFiles/STM32_Drivers.dir/__/__/Drivers/STM32F4xx_HAL_Driver/Src/stm32f4xx_hal_cortex.c.obj
                0x08004d1e                HAL_SYSTICK_Config
 *fill*         0x08004d36        0x2 
 .text.HAL_Init
                0x08004d38       0x44 cmake/stm32cubemx/CMakeFiles/STM32_Drivers.dir/__/__/Drivers/STM32F4xx_HAL_Driver/Src/stm32f4xx_hal.c.obj
                0x08004d38                HAL_Init
 .text.HAL_InitTick
                0x08004d7c       0x60 cmake/stm32cubemx/CMakeFiles/STM32_Drivers.dir/__/__/Drivers/STM32F4xx_HAL_Driver/Src/stm32f4xx_hal.c.obj
                0x08004d7c                HAL_InitTick
 .text.HAL_IncTick
                0x08004ddc       0x28 cmake/stm32cubemx/CMakeFiles/STM32_Drivers.dir/__/__/Drivers/STM32F4xx_HAL_Driver/Src/stm32f4xx_hal.c.obj
                0x08004ddc                HAL_IncTick
 .text.HAL_GetTick
                0x08004e04       0x18 cmake/stm32cubemx/CMakeFiles/STM32_Drivers.dir/__/__/Drivers/STM32F4xx_HAL_Driver/Src/stm32f4xx_hal.c.obj
                0x08004e04                HAL_GetTick
 .text.HAL_Delay
                0x08004e1c       0x48 cmake/stm32cubemx/CMakeFiles/STM32_Drivers.dir/__/__/Drivers/STM32F4xx_HAL_Driver/Src/stm32f4xx_hal.c.obj
                0x08004e1c                HAL_Delay
 .text.HAL_DCMI_Start_DMA
                0x08004e64      0x140 cmake/stm32cubemx/CMakeFiles/STM32_Drivers.dir/__/__/Drivers/STM32F4xx_HAL_Driver/Src/stm32f4xx_hal_dcmi.c.obj
                0x08004e64                HAL_DCMI_Start_DMA
 .text.HAL_DCMI_ErrorCallback
                0x08004fa4       0x14 cmake/stm32cubemx/CMakeFiles/STM32_Drivers.dir/__/__/Drivers/STM32F4xx_HAL_Driver/Src/stm32f4xx_hal_dcmi.c.obj
                0x08004fa4                HAL_DCMI_ErrorCallback
 .text.DCMI_DMAXferCplt
                0x08004fb8      0x12a cmake/stm32cubemx/CMakeFiles/STM32_Drivers.dir/__/__/Drivers/STM32F4xx_HAL_Driver/Src/stm32f4xx_hal_dcmi.c.obj
 .text.DCMI_DMAError
                0x080050e2       0x2e cmake/stm32cubemx/CMakeFiles/STM32_Drivers.dir/__/__/Drivers/STM32F4xx_HAL_Driver/Src/stm32f4xx_hal_dcmi.c.obj
 .text.HAL_DCMI_Init
                0x08005110       0xda cmake/stm32cubemx/CMakeFiles/STM32_Drivers.dir/__/__/Drivers/STM32F4xx_HAL_Driver/Src/stm32f4xx_hal_dcmi_ex.c.obj
                0x08005110                HAL_DCMI_Init
 *fill*         0x080051ea        0x2 
 .text.HAL_I2C_Init
                0x080051ec      0x288 cmake/stm32cubemx/CMakeFiles/STM32_Drivers.dir/__/__/Drivers/STM32F4xx_HAL_Driver/Src/stm32f4xx_hal_i2c.c.obj
                0x080051ec                HAL_I2C_Init
 .text.HAL_I2C_Master_Transmit
                0x08005474      0x1fc cmake/stm32cubemx/CMakeFiles/STM32_Drivers.dir/__/__/Drivers/STM32F4xx_HAL_Driver/Src/stm32f4xx_hal_i2c.c.obj
                0x08005474                HAL_I2C_Master_Transmit
 .text.I2C_MasterRequestWrite
                0x08005670      0x104 cmake/stm32cubemx/CMakeFiles/STM32_Drivers.dir/__/__/Drivers/STM32F4xx_HAL_Driver/Src/stm32f4xx_hal_i2c.c.obj
 .text.I2C_WaitOnFlagUntilTimeout
                0x08005774       0xf4 cmake/stm32cubemx/CMakeFiles/STM32_Drivers.dir/__/__/Drivers/STM32F4xx_HAL_Driver/Src/stm32f4xx_hal_i2c.c.obj
 .text.I2C_WaitOnMasterAddressFlagUntilTimeout
                0x08005868      0x140 cmake/stm32cubemx/CMakeFiles/STM32_Drivers.dir/__/__/Drivers/STM32F4xx_HAL_Driver/Src/stm32f4xx_hal_i2c.c.obj
 .text.I2C_WaitOnTXEFlagUntilTimeout
                0x080059a8       0x90 cmake/stm32cubemx/CMakeFiles/STM32_Drivers.dir/__/__/Drivers/STM32F4xx_HAL_Driver/Src/stm32f4xx_hal_i2c.c.obj
 .text.I2C_WaitOnBTFFlagUntilTimeout
                0x08005a38       0x90 cmake/stm32cubemx/CMakeFiles/STM32_Drivers.dir/__/__/Drivers/STM32F4xx_HAL_Driver/Src/stm32f4xx_hal_i2c.c.obj
 .text.I2C_IsAcknowledgeFailed
                0x08005ac8       0x5e cmake/stm32cubemx/CMakeFiles/STM32_Drivers.dir/__/__/Drivers/STM32F4xx_HAL_Driver/Src/stm32f4xx_hal_i2c.c.obj
 .text.USBD_Init
                0x08005b26       0x60 cmake/stm32cubemx/CMakeFiles/USB_Device_Library.dir/__/__/Middlewares/ST/STM32_USB_Device_Library/Core/Src/usbd_core.c.obj
                0x08005b26                USBD_Init
 .text.USBD_RegisterClass
                0x08005b86       0x6c cmake/stm32cubemx/CMakeFiles/USB_Device_Library.dir/__/__/Middlewares/ST/STM32_USB_Device_Library/Core/Src/usbd_core.c.obj
                0x08005b86                USBD_RegisterClass
 .text.USBD_Start
                0x08005bf2       0x18 cmake/stm32cubemx/CMakeFiles/USB_Device_Library.dir/__/__/Middlewares/ST/STM32_USB_Device_Library/Core/Src/usbd_core.c.obj
                0x08005bf2                USBD_Start
 .text.USBD_RunTestMode
                0x08005c0a       0x16 cmake/stm32cubemx/CMakeFiles/USB_Device_Library.dir/__/__/Middlewares/ST/STM32_USB_Device_Library/Core/Src/usbd_core.c.obj
                0x08005c0a                USBD_RunTestMode
 .text.USBD_SetClassConfig
                0x08005c20       0x38 cmake/stm32cubemx/CMakeFiles/USB_Device_Library.dir/__/__/Middlewares/ST/STM32_USB_Device_Library/Core/Src/usbd_core.c.obj
                0x08005c20                USBD_SetClassConfig
 .text.USBD_ClrClassConfig
                0x08005c58       0x34 cmake/stm32cubemx/CMakeFiles/USB_Device_Library.dir/__/__/Middlewares/ST/STM32_USB_Device_Library/Core/Src/usbd_core.c.obj
                0x08005c58                USBD_ClrClassConfig
 .text.USBD_LL_SetupStage
                0x08005c8c       0xaa cmake/stm32cubemx/CMakeFiles/USB_Device_Library.dir/__/__/Middlewares/ST/STM32_USB_Device_Library/Core/Src/usbd_core.c.obj
                0x08005c8c                USBD_LL_SetupStage
 .text.USBD_LL_DataOutStage
                0x08005d36      0x166 cmake/stm32cubemx/CMakeFiles/USB_Device_Library.dir/__/__/Middlewares/ST/STM32_USB_Device_Library/Core/Src/usbd_core.c.obj
                0x08005d36                USBD_LL_DataOutStage
 .text.USBD_LL_DataInStage
                0x08005e9c      0x164 cmake/stm32cubemx/CMakeFiles/USB_Device_Library.dir/__/__/Middlewares/ST/STM32_USB_Device_Library/Core/Src/usbd_core.c.obj
                0x08005e9c                USBD_LL_DataInStage
 .text.USBD_LL_Reset
                0x08006000       0xa4 cmake/stm32cubemx/CMakeFiles/USB_Device_Library.dir/__/__/Middlewares/ST/STM32_USB_Device_Library/Core/Src/usbd_core.c.obj
                0x08006000                USBD_LL_Reset
 .text.USBD_LL_SetSpeed
                0x080060a4       0x20 cmake/stm32cubemx/CMakeFiles/USB_Device_Library.dir/__/__/Middlewares/ST/STM32_USB_Device_Library/Core/Src/usbd_core.c.obj
                0x080060a4                USBD_LL_SetSpeed
 .text.USBD_LL_Suspend
                0x080060c4       0x38 cmake/stm32cubemx/CMakeFiles/USB_Device_Library.dir/__/__/Middlewares/ST/STM32_USB_Device_Library/Core/Src/usbd_core.c.obj
                0x080060c4                USBD_LL_Suspend
 .text.USBD_LL_Resume
                0x080060fc       0x30 cmake/stm32cubemx/CMakeFiles/USB_Device_Library.dir/__/__/Middlewares/ST/STM32_USB_Device_Library/Core/Src/usbd_core.c.obj
                0x080060fc                USBD_LL_Resume
 .text.USBD_LL_SOF
                0x0800612c       0x40 cmake/stm32cubemx/CMakeFiles/USB_Device_Library.dir/__/__/Middlewares/ST/STM32_USB_Device_Library/Core/Src/usbd_core.c.obj
                0x0800612c                USBD_LL_SOF
 .text.USBD_LL_IsoINIncomplete
                0x0800616c       0x64 cmake/stm32cubemx/CMakeFiles/USB_Device_Library.dir/__/__/Middlewares/ST/STM32_USB_Device_Library/Core/Src/usbd_core.c.obj
                0x0800616c                USBD_LL_IsoINIncomplete
 .text.USBD_LL_IsoOUTIncomplete
                0x080061d0       0x64 cmake/stm32cubemx/CMakeFiles/USB_Device_Library.dir/__/__/Middlewares/ST/STM32_USB_Device_Library/Core/Src/usbd_core.c.obj
                0x080061d0                USBD_LL_IsoOUTIncomplete
 .text.USBD_LL_DevConnected
                0x08006234       0x16 cmake/stm32cubemx/CMakeFiles/USB_Device_Library.dir/__/__/Middlewares/ST/STM32_USB_Device_Library/Core/Src/usbd_core.c.obj
                0x08006234                USBD_LL_DevConnected
 .text.USBD_LL_DevDisconnected
                0x0800624a       0x46 cmake/stm32cubemx/CMakeFiles/USB_Device_Library.dir/__/__/Middlewares/ST/STM32_USB_Device_Library/Core/Src/usbd_core.c.obj
                0x0800624a                USBD_LL_DevDisconnected
 .text.USBD_CoreFindIF
                0x08006290       0x1a cmake/stm32cubemx/CMakeFiles/USB_Device_Library.dir/__/__/Middlewares/ST/STM32_USB_Device_Library/Core/Src/usbd_core.c.obj
                0x08006290                USBD_CoreFindIF
 .text.USBD_CoreFindEP
                0x080062aa       0x1a cmake/stm32cubemx/CMakeFiles/USB_Device_Library.dir/__/__/Middlewares/ST/STM32_USB_Device_Library/Core/Src/usbd_core.c.obj
                0x080062aa                USBD_CoreFindEP
 .text.USBD_GetEpDesc
                0x080062c4       0x70 cmake/stm32cubemx/CMakeFiles/USB_Device_Library.dir/__/__/Middlewares/ST/STM32_USB_Device_Library/Core/Src/usbd_core.c.obj
                0x080062c4                USBD_GetEpDesc
 .text.USBD_GetNextDesc
                0x08006334       0x38 cmake/stm32cubemx/CMakeFiles/USB_Device_Library.dir/__/__/Middlewares/ST/STM32_USB_Device_Library/Core/Src/usbd_core.c.obj
                0x08006334                USBD_GetNextDesc
 .text.SWAPBYTE
                0x0800636c       0x3e cmake/stm32cubemx/CMakeFiles/USB_Device_Library.dir/__/__/Middlewares/ST/STM32_USB_Device_Library/Core/Src/usbd_ctlreq.c.obj
 *fill*         0x080063aa        0x2 
 .text.USBD_StdDevReq
                0x080063ac       0xe4 cmake/stm32cubemx/CMakeFiles/USB_Device_Library.dir/__/__/Middlewares/ST/STM32_USB_Device_Library/Core/Src/usbd_ctlreq.c.obj
                0x080063ac                USBD_StdDevReq
 .text.USBD_StdItfReq
                0x08006490       0xd8 cmake/stm32cubemx/CMakeFiles/USB_Device_Library.dir/__/__/Middlewares/ST/STM32_USB_Device_Library/Core/Src/usbd_ctlreq.c.obj
                0x08006490                USBD_StdItfReq
 .text.USBD_StdEPReq
                0x08006568      0x33a cmake/stm32cubemx/CMakeFiles/USB_Device_Library.dir/__/__/Middlewares/ST/STM32_USB_Device_Library/Core/Src/usbd_ctlreq.c.obj
                0x08006568                USBD_StdEPReq
 *fill*         0x080068a2        0x2 
 .text.USBD_GetDescriptor
                0x080068a4      0x2d4 cmake/stm32cubemx/CMakeFiles/USB_Device_Library.dir/__/__/Middlewares/ST/STM32_USB_Device_Library/Core/Src/usbd_ctlreq.c.obj
 .text.USBD_SetAddress
                0x08006b78       0x88 cmake/stm32cubemx/CMakeFiles/USB_Device_Library.dir/__/__/Middlewares/ST/STM32_USB_Device_Library/Core/Src/usbd_ctlreq.c.obj
 .text.USBD_SetConfig
                0x08006c00      0x154 cmake/stm32cubemx/CMakeFiles/USB_Device_Library.dir/__/__/Middlewares/ST/STM32_USB_Device_Library/Core/Src/usbd_ctlreq.c.obj
 .text.USBD_GetConfig
                0x08006d54       0x6c cmake/stm32cubemx/CMakeFiles/USB_Device_Library.dir/__/__/Middlewares/ST/STM32_USB_Device_Library/Core/Src/usbd_ctlreq.c.obj
 .text.USBD_GetStatus
                0x08006dc0       0x68 cmake/stm32cubemx/CMakeFiles/USB_Device_Library.dir/__/__/Middlewares/ST/STM32_USB_Device_Library/Core/Src/usbd_ctlreq.c.obj
 .text.USBD_SetFeature
                0x08006e28       0x52 cmake/stm32cubemx/CMakeFiles/USB_Device_Library.dir/__/__/Middlewares/ST/STM32_USB_Device_Library/Core/Src/usbd_ctlreq.c.obj
 .text.USBD_ClrFeature
                0x08006e7a       0x44 cmake/stm32cubemx/CMakeFiles/USB_Device_Library.dir/__/__/Middlewares/ST/STM32_USB_Device_Library/Core/Src/usbd_ctlreq.c.obj
 .text.USBD_ParseSetupRequest
                0x08006ebe       0x74 cmake/stm32cubemx/CMakeFiles/USB_Device_Library.dir/__/__/Middlewares/ST/STM32_USB_Device_Library/Core/Src/usbd_ctlreq.c.obj
                0x08006ebe                USBD_ParseSetupRequest
 .text.USBD_CtlError
                0x08006f32       0x22 cmake/stm32cubemx/CMakeFiles/USB_Device_Library.dir/__/__/Middlewares/ST/STM32_USB_Device_Library/Core/Src/usbd_ctlreq.c.obj
                0x08006f32                USBD_CtlError
 .text.USBD_GetString
                0x08006f54       0xa4 cmake/stm32cubemx/CMakeFiles/USB_Device_Library.dir/__/__/Middlewares/ST/STM32_USB_Device_Library/Core/Src/usbd_ctlreq.c.obj
                0x08006f54                USBD_GetString
 .text.USBD_GetLen
                0x08006ff8       0x34 cmake/stm32cubemx/CMakeFiles/USB_Device_Library.dir/__/__/Middlewares/ST/STM32_USB_Device_Library/Core/Src/usbd_ctlreq.c.obj
 .text.USBD_CtlSendData
                0x0800702c       0x36 cmake/stm32cubemx/CMakeFiles/USB_Device_Library.dir/__/__/Middlewares/ST/STM32_USB_Device_Library/Core/Src/usbd_ioreq.c.obj
                0x0800702c                USBD_CtlSendData
 .text.USBD_CtlContinueSendData
                0x08007062       0x22 cmake/stm32cubemx/CMakeFiles/USB_Device_Library.dir/__/__/Middlewares/ST/STM32_USB_Device_Library/Core/Src/usbd_ioreq.c.obj
                0x08007062                USBD_CtlContinueSendData
 .text.USBD_CtlPrepareRx
                0x08007084       0x3a cmake/stm32cubemx/CMakeFiles/USB_Device_Library.dir/__/__/Middlewares/ST/STM32_USB_Device_Library/Core/Src/usbd_ioreq.c.obj
                0x08007084                USBD_CtlPrepareRx
 .text.USBD_CtlContinueRx
                0x080070be       0x22 cmake/stm32cubemx/CMakeFiles/USB_Device_Library.dir/__/__/Middlewares/ST/STM32_USB_Device_Library/Core/Src/usbd_ioreq.c.obj
                0x080070be                USBD_CtlContinueRx
 .text.USBD_CtlSendStatus
                0x080070e0       0x26 cmake/stm32cubemx/CMakeFiles/USB_Device_Library.dir/__/__/Middlewares/ST/STM32_USB_Device_Library/Core/Src/usbd_ioreq.c.obj
                0x080070e0                USBD_CtlSendStatus
 .text.USBD_CtlReceiveStatus
                0x08007106       0x26 cmake/stm32cubemx/CMakeFiles/USB_Device_Library.dir/__/__/Middlewares/ST/STM32_USB_Device_Library/Core/Src/usbd_ioreq.c.obj
                0x08007106                USBD_CtlReceiveStatus
 .text.USBD_CDC_Init
                0x0800712c      0x1f0 cmake/stm32cubemx/CMakeFiles/USB_Device_Library.dir/197333d81b7587277aa101873a1ada28/Class/CDC/Src/usbd_cdc.c.obj
 .text.USBD_CDC_DeInit
                0x0800731c      0x104 cmake/stm32cubemx/CMakeFiles/USB_Device_Library.dir/197333d81b7587277aa101873a1ada28/Class/CDC/Src/usbd_cdc.c.obj
 .text.USBD_CDC_Setup
                0x08007420      0x1b8 cmake/stm32cubemx/CMakeFiles/USB_Device_Library.dir/197333d81b7587277aa101873a1ada28/Class/CDC/Src/usbd_cdc.c.obj
 .text.USBD_CDC_DataIn
                0x080075d8       0xfe cmake/stm32cubemx/CMakeFiles/USB_Device_Library.dir/197333d81b7587277aa101873a1ada28/Class/CDC/Src/usbd_cdc.c.obj
 .text.USBD_CDC_DataOut
                0x080076d6       0x70 cmake/stm32cubemx/CMakeFiles/USB_Device_Library.dir/197333d81b7587277aa101873a1ada28/Class/CDC/Src/usbd_cdc.c.obj
 .text.USBD_CDC_EP0_RxReady
                0x08007746       0x74 cmake/stm32cubemx/CMakeFiles/USB_Device_Library.dir/197333d81b7587277aa101873a1ada28/Class/CDC/Src/usbd_cdc.c.obj
 *fill*         0x080077ba        0x2 
 .text.USBD_CDC_GetFSCfgDesc
                0x080077bc       0x70 cmake/stm32cubemx/CMakeFiles/USB_Device_Library.dir/197333d81b7587277aa101873a1ada28/Class/CDC/Src/usbd_cdc.c.obj
 .text.USBD_CDC_GetHSCfgDesc
                0x0800782c       0x70 cmake/stm32cubemx/CMakeFiles/USB_Device_Library.dir/197333d81b7587277aa101873a1ada28/Class/CDC/Src/usbd_cdc.c.obj
 .text.USBD_CDC_GetOtherSpeedCfgDesc
                0x0800789c       0x70 cmake/stm32cubemx/CMakeFiles/USB_Device_Library.dir/197333d81b7587277aa101873a1ada28/Class/CDC/Src/usbd_cdc.c.obj
 .text.USBD_CDC_GetDeviceQualifierDescriptor
                0x0800790c       0x20 cmake/stm32cubemx/CMakeFiles/USB_Device_Library.dir/197333d81b7587277aa101873a1ada28/Class/CDC/Src/usbd_cdc.c.obj
                0x0800790c                USBD_CDC_GetDeviceQualifierDescriptor
 .text.USBD_CDC_RegisterInterface
                0x0800792c       0x34 cmake/stm32cubemx/CMakeFiles/USB_Device_Library.dir/197333d81b7587277aa101873a1ada28/Class/CDC/Src/usbd_cdc.c.obj
                0x0800792c                USBD_CDC_RegisterInterface
 .text.USBD_CDC_SetTxBuffer
                0x08007960       0x44 cmake/stm32cubemx/CMakeFiles/USB_Device_Library.dir/197333d81b7587277aa101873a1ada28/Class/CDC/Src/usbd_cdc.c.obj
                0x08007960                USBD_CDC_SetTxBuffer
 .text.USBD_CDC_SetRxBuffer
                0x080079a4       0x3a cmake/stm32cubemx/CMakeFiles/USB_Device_Library.dir/197333d81b7587277aa101873a1ada28/Class/CDC/Src/usbd_cdc.c.obj
                0x080079a4                USBD_CDC_SetRxBuffer
 *fill*         0x080079de        0x2 
 .text.USBD_CDC_ReceivePacket
                0x080079e0       0x6c cmake/stm32cubemx/CMakeFiles/USB_Device_Library.dir/197333d81b7587277aa101873a1ada28/Class/CDC/Src/usbd_cdc.c.obj
                0x080079e0                USBD_CDC_ReceivePacket
 .text.HAL_PCD_MspInit
                0x08007a4c       0xc4 CMakeFiles/ov7670_2.dir/USB_DEVICE/Target/usbd_conf.c.obj
                0x08007a4c                HAL_PCD_MspInit
 .text.HAL_PCD_SetupStageCallback
                0x08007b10       0x24 CMakeFiles/ov7670_2.dir/USB_DEVICE/Target/usbd_conf.c.obj
                0x08007b10                HAL_PCD_SetupStageCallback
 .text.HAL_PCD_DataOutStageCallback
                0x08007b34       0x36 CMakeFiles/ov7670_2.dir/USB_DEVICE/Target/usbd_conf.c.obj
                0x08007b34                HAL_PCD_DataOutStageCallback
 .text.HAL_PCD_DataInStageCallback
                0x08007b6a       0x34 CMakeFiles/ov7670_2.dir/USB_DEVICE/Target/usbd_conf.c.obj
                0x08007b6a                HAL_PCD_DataInStageCallback
 .text.HAL_PCD_SOFCallback
                0x08007b9e       0x1c CMakeFiles/ov7670_2.dir/USB_DEVICE/Target/usbd_conf.c.obj
                0x08007b9e                HAL_PCD_SOFCallback
 .text.HAL_PCD_ResetCallback
                0x08007bba       0x50 CMakeFiles/ov7670_2.dir/USB_DEVICE/Target/usbd_conf.c.obj
                0x08007bba                HAL_PCD_ResetCallback
 *fill*         0x08007c0a        0x2 
 .text.HAL_PCD_SuspendCallback
                0x08007c0c       0x4c CMakeFiles/ov7670_2.dir/USB_DEVICE/Target/usbd_conf.c.obj
                0x08007c0c                HAL_PCD_SuspendCallback
 .text.HAL_PCD_ResumeCallback
                0x08007c58       0x1c CMakeFiles/ov7670_2.dir/USB_DEVICE/Target/usbd_conf.c.obj
                0x08007c58                HAL_PCD_ResumeCallback
 .text.HAL_PCD_ISOOUTIncompleteCallback
                0x08007c74       0x24 CMakeFiles/ov7670_2.dir/USB_DEVICE/Target/usbd_conf.c.obj
                0x08007c74                HAL_PCD_ISOOUTIncompleteCallback
 .text.HAL_PCD_ISOINIncompleteCallback
                0x08007c98       0x24 CMakeFiles/ov7670_2.dir/USB_DEVICE/Target/usbd_conf.c.obj
                0x08007c98                HAL_PCD_ISOINIncompleteCallback
 .text.HAL_PCD_ConnectCallback
                0x08007cbc       0x1c CMakeFiles/ov7670_2.dir/USB_DEVICE/Target/usbd_conf.c.obj
                0x08007cbc                HAL_PCD_ConnectCallback
 .text.HAL_PCD_DisconnectCallback
                0x08007cd8       0x1c CMakeFiles/ov7670_2.dir/USB_DEVICE/Target/usbd_conf.c.obj
                0x08007cd8                HAL_PCD_DisconnectCallback
 .text.USBD_LL_Init
                0x08007cf4       0x98 CMakeFiles/ov7670_2.dir/USB_DEVICE/Target/usbd_conf.c.obj
                0x08007cf4                USBD_LL_Init
 .text.USBD_LL_Start
                0x08007d8c       0x36 CMakeFiles/ov7670_2.dir/USB_DEVICE/Target/usbd_conf.c.obj
                0x08007d8c                USBD_LL_Start
 .text.USBD_LL_OpenEP
                0x08007dc2       0x4c CMakeFiles/ov7670_2.dir/USB_DEVICE/Target/usbd_conf.c.obj
                0x08007dc2                USBD_LL_OpenEP
 .text.USBD_LL_CloseEP
                0x08007e0e       0x3e CMakeFiles/ov7670_2.dir/USB_DEVICE/Target/usbd_conf.c.obj
                0x08007e0e                USBD_LL_CloseEP
 .text.USBD_LL_StallEP
                0x08007e4c       0x3e CMakeFiles/ov7670_2.dir/USB_DEVICE/Target/usbd_conf.c.obj
                0x08007e4c                USBD_LL_StallEP
 .text.USBD_LL_ClearStallEP
                0x08007e8a       0x3e CMakeFiles/ov7670_2.dir/USB_DEVICE/Target/usbd_conf.c.obj
                0x08007e8a                USBD_LL_ClearStallEP
 .text.USBD_LL_IsStallEP
                0x08007ec8       0x58 CMakeFiles/ov7670_2.dir/USB_DEVICE/Target/usbd_conf.c.obj
                0x08007ec8                USBD_LL_IsStallEP
 .text.USBD_LL_SetUSBAddress
                0x08007f20       0x3e CMakeFiles/ov7670_2.dir/USB_DEVICE/Target/usbd_conf.c.obj
                0x08007f20                USBD_LL_SetUSBAddress
 .text.USBD_LL_Transmit
                0x08007f5e       0x42 CMakeFiles/ov7670_2.dir/USB_DEVICE/Target/usbd_conf.c.obj
                0x08007f5e                USBD_LL_Transmit
 .text.USBD_LL_PrepareReceive
                0x08007fa0       0x42 CMakeFiles/ov7670_2.dir/USB_DEVICE/Target/usbd_conf.c.obj
                0x08007fa0                USBD_LL_PrepareReceive
 .text.USBD_LL_GetRxDataSize
                0x08007fe2       0x26 CMakeFiles/ov7670_2.dir/USB_DEVICE/Target/usbd_conf.c.obj
                0x08007fe2                USBD_LL_GetRxDataSize
 .text.USBD_static_malloc
                0x08008008       0x1c CMakeFiles/ov7670_2.dir/USB_DEVICE/Target/usbd_conf.c.obj
                0x08008008                USBD_static_malloc
 .text.USBD_static_free
                0x08008024       0x14 CMakeFiles/ov7670_2.dir/USB_DEVICE/Target/usbd_conf.c.obj
                0x08008024                USBD_static_free
 .text.USBD_Get_USB_Status
                0x08008038       0x58 CMakeFiles/ov7670_2.dir/USB_DEVICE/Target/usbd_conf.c.obj
                0x08008038                USBD_Get_USB_Status
 .text.MX_USB_DEVICE_Init
                0x08008090       0x60 CMakeFiles/ov7670_2.dir/USB_DEVICE/App/usb_device.c.obj
                0x08008090                MX_USB_DEVICE_Init
 .text.USBD_FS_DeviceDescriptor
                0x080080f0       0x24 CMakeFiles/ov7670_2.dir/USB_DEVICE/App/usbd_desc.c.obj
                0x080080f0                USBD_FS_DeviceDescriptor
 .text.USBD_FS_LangIDStrDescriptor
                0x08008114       0x24 CMakeFiles/ov7670_2.dir/USB_DEVICE/App/usbd_desc.c.obj
                0x08008114                USBD_FS_LangIDStrDescriptor
 .text.USBD_FS_ProductStrDescriptor
                0x08008138       0x3c CMakeFiles/ov7670_2.dir/USB_DEVICE/App/usbd_desc.c.obj
                0x08008138                USBD_FS_ProductStrDescriptor
 .text.USBD_FS_ManufacturerStrDescriptor
                0x08008174       0x28 CMakeFiles/ov7670_2.dir/USB_DEVICE/App/usbd_desc.c.obj
                0x08008174                USBD_FS_ManufacturerStrDescriptor
 .text.USBD_FS_SerialStrDescriptor
                0x0800819c       0x24 CMakeFiles/ov7670_2.dir/USB_DEVICE/App/usbd_desc.c.obj
                0x0800819c                USBD_FS_SerialStrDescriptor
 .text.USBD_FS_ConfigStrDescriptor
                0x080081c0       0x3c CMakeFiles/ov7670_2.dir/USB_DEVICE/App/usbd_desc.c.obj
                0x080081c0                USBD_FS_ConfigStrDescriptor
 .text.USBD_FS_InterfaceStrDescriptor
                0x080081fc       0x3c CMakeFiles/ov7670_2.dir/USB_DEVICE/App/usbd_desc.c.obj
                0x080081fc                USBD_FS_InterfaceStrDescriptor
 .text.Get_SerialNum
                0x08008238       0x58 CMakeFiles/ov7670_2.dir/USB_DEVICE/App/usbd_desc.c.obj
 .text.IntToUnicode
                0x08008290       0x7e CMakeFiles/ov7670_2.dir/USB_DEVICE/App/usbd_desc.c.obj
 *fill*         0x0800830e        0x2 
 .text.CDC_Init_FS
                0x08008310       0x28 CMakeFiles/ov7670_2.dir/USB_DEVICE/App/usbd_cdc_if.c.obj
 .text.CDC_DeInit_FS
                0x08008338       0x10 CMakeFiles/ov7670_2.dir/USB_DEVICE/App/usbd_cdc_if.c.obj
 .text.CDC_Control_FS
                0x08008348       0xbc CMakeFiles/ov7670_2.dir/USB_DEVICE/App/usbd_cdc_if.c.obj
 .text.CDC_Receive_FS
                0x08008404       0x28 CMakeFiles/ov7670_2.dir/USB_DEVICE/App/usbd_cdc_if.c.obj
 .text.CDC_TransmitCplt_FS
                0x0800842c       0x22 CMakeFiles/ov7670_2.dir/USB_DEVICE/App/usbd_cdc_if.c.obj
 *fill*         0x0800844e        0x2 
 .text.main     0x08008450       0x40 CMakeFiles/ov7670_2.dir/Core/Src/main.c.obj
                0x08008450                main
 .text.MX_I2C2_Init
                0x08008490       0x5c CMakeFiles/ov7670_2.dir/Core/Src/main.c.obj
 .text.MX_DMA_Init
                0x080084ec       0x40 CMakeFiles/ov7670_2.dir/Core/Src/main.c.obj
 .text.MX_GPIO_Init
                0x0800852c      0x110 CMakeFiles/ov7670_2.dir/Core/Src/main.c.obj
 .text.MX_DCMI_Init
                0x0800863c       0x50 CMakeFiles/ov7670_2.dir/Core/Src/main.c.obj
 .text.OV7670_Init
                0x0800868c       0x7c CMakeFiles/ov7670_2.dir/Core/Src/main.c.obj
                0x0800868c                OV7670_Init
 .text.DCMI_CaptureImage
                0x08008708       0x28 CMakeFiles/ov7670_2.dir/Core/Src/main.c.obj
                0x08008708                DCMI_CaptureImage
 .text.OV7670_WriteReg
                0x08008730       0x38 CMakeFiles/ov7670_2.dir/Core/Src/main.c.obj
                0x08008730                OV7670_WriteReg
 .text.Error_Handler
                0x08008768        0xc CMakeFiles/ov7670_2.dir/Core/Src/main.c.obj
                0x08008768                Error_Handler
 .text.NMI_Handler
                0x08008774        0x8 CMakeFiles/ov7670_2.dir/Core/Src/stm32f4xx_it.c.obj
                0x08008774                NMI_Handler
 .text.HardFault_Handler
                0x0800877c        0x8 CMakeFiles/ov7670_2.dir/Core/Src/stm32f4xx_it.c.obj
                0x0800877c                HardFault_Handler
 .text.MemManage_Handler
                0x08008784        0x8 CMakeFiles/ov7670_2.dir/Core/Src/stm32f4xx_it.c.obj
                0x08008784                MemManage_Handler
 .text.BusFault_Handler
                0x0800878c        0x8 CMakeFiles/ov7670_2.dir/Core/Src/stm32f4xx_it.c.obj
                0x0800878c                BusFault_Handler
 .text.UsageFault_Handler
                0x08008794        0x8 CMakeFiles/ov7670_2.dir/Core/Src/stm32f4xx_it.c.obj
                0x08008794                UsageFault_Handler
 .text.SVC_Handler
                0x0800879c        0xe CMakeFiles/ov7670_2.dir/Core/Src/stm32f4xx_it.c.obj
                0x0800879c                SVC_Handler
 .text.DebugMon_Handler
                0x080087aa        0xe CMakeFiles/ov7670_2.dir/Core/Src/stm32f4xx_it.c.obj
                0x080087aa                DebugMon_Handler
 .text.PendSV_Handler
                0x080087b8        0xe CMakeFiles/ov7670_2.dir/Core/Src/stm32f4xx_it.c.obj
                0x080087b8                PendSV_Handler
 .text.SysTick_Handler
                0x080087c6        0xc CMakeFiles/ov7670_2.dir/Core/Src/stm32f4xx_it.c.obj
                0x080087c6                SysTick_Handler
 *fill*         0x080087d2        0x2 
 .text.DMA1_Stream2_IRQHandler
                0x080087d4       0x14 CMakeFiles/ov7670_2.dir/Core/Src/stm32f4xx_it.c.obj
                0x080087d4                DMA1_Stream2_IRQHandler
 .text.OTG_FS_IRQHandler
                0x080087e8       0x14 CMakeFiles/ov7670_2.dir/Core/Src/stm32f4xx_it.c.obj
                0x080087e8                OTG_FS_IRQHandler
 .text.HAL_MspInit
                0x080087fc       0x50 CMakeFiles/ov7670_2.dir/Core/Src/stm32f4xx_hal_msp.c.obj
                0x080087fc                HAL_MspInit
 .text.HAL_DCMI_MspInit
                0x0800884c      0x158 CMakeFiles/ov7670_2.dir/Core/Src/stm32f4xx_hal_msp.c.obj
                0x0800884c                HAL_DCMI_MspInit
 .text.HAL_I2C_MspInit
                0x080089a4       0xf8 CMakeFiles/ov7670_2.dir/Core/Src/stm32f4xx_hal_msp.c.obj
                0x080089a4                HAL_I2C_MspInit
 .text.Reset_Handler
                0x08008a9c       0x50 CMakeFiles/ov7670_2.dir/startup_stm32f407xx.s.obj
                0x08008a9c                Reset_Handler
 .text.Default_Handler
                0x08008aec        0x2 CMakeFiles/ov7670_2.dir/startup_stm32f407xx.s.obj
                0x08008aec                RTC_Alarm_IRQHandler
                0x08008aec                HASH_RNG_IRQHandler
                0x08008aec                EXTI2_IRQHandler
                0x08008aec                TIM8_CC_IRQHandler
                0x08008aec                TIM1_CC_IRQHandler
                0x08008aec                DMA2_Stream5_IRQHandler
                0x08008aec                DMA1_Stream5_IRQHandler
                0x08008aec                PVD_IRQHandler
                0x08008aec                SDIO_IRQHandler
                0x08008aec                TAMP_STAMP_IRQHandler
                0x08008aec                CAN2_RX1_IRQHandler
                0x08008aec                EXTI3_IRQHandler
                0x08008aec                TIM8_TRG_COM_TIM14_IRQHandler
                0x08008aec                TIM1_UP_TIM10_IRQHandler
                0x08008aec                TIM8_UP_TIM13_IRQHandler
                0x08008aec                I2C3_ER_IRQHandler
                0x08008aec                EXTI0_IRQHandler
                0x08008aec                I2C2_EV_IRQHandler
                0x08008aec                CAN1_RX0_IRQHandler
                0x08008aec                FPU_IRQHandler
                0x08008aec                OTG_HS_WKUP_IRQHandler
                0x08008aec                CAN2_SCE_IRQHandler
                0x08008aec                DMA2_Stream2_IRQHandler
                0x08008aec                SPI1_IRQHandler
                0x08008aec                TIM6_DAC_IRQHandler
                0x08008aec                TIM1_BRK_TIM9_IRQHandler
                0x08008aec                DCMI_IRQHandler
                0x08008aec                CAN2_RX0_IRQHandler
                0x08008aec                DMA2_Stream3_IRQHandler
                0x08008aec                USART6_IRQHandler
                0x08008aec                USART3_IRQHandler
                0x08008aec                CAN1_RX1_IRQHandler
                0x08008aec                UART5_IRQHandler
                0x08008aec                DMA2_Stream0_IRQHandler
                0x08008aec                TIM4_IRQHandler
                0x08008aec                I2C1_EV_IRQHandler
                0x08008aec                DMA1_Stream6_IRQHandler
                0x08008aec                DMA1_Stream1_IRQHandler
                0x08008aec                UART4_IRQHandler
                0x08008aec                TIM3_IRQHandler
                0x08008aec                RCC_IRQHandler
                0x08008aec                TIM8_BRK_TIM12_IRQHandler
                0x08008aec                Default_Handler
                0x08008aec                EXTI15_10_IRQHandler
                0x08008aec                ADC_IRQHandler
                0x08008aec                DMA1_Stream7_IRQHandler
                0x08008aec                TIM7_IRQHandler
                0x08008aec                CAN2_TX_IRQHandler
                0x08008aec                TIM5_IRQHandler
                0x08008aec                DMA2_Stream7_IRQHandler
                0x08008aec                I2C3_EV_IRQHandler
                0x08008aec                EXTI9_5_IRQHandler
                0x08008aec                RTC_WKUP_IRQHandler
                0x08008aec                ETH_WKUP_IRQHandler
                0x08008aec                SPI2_IRQHandler
                0x08008aec                OTG_HS_EP1_IN_IRQHandler
                0x08008aec                DMA1_Stream0_IRQHandler
                0x08008aec                CAN1_TX_IRQHandler
                0x08008aec                EXTI4_IRQHandler
                0x08008aec                FSMC_IRQHandler
                0x08008aec                ETH_IRQHandler
                0x08008aec                OTG_HS_EP1_OUT_IRQHandler
                0x08008aec                WWDG_IRQHandler
                0x08008aec                TIM2_IRQHandler
                0x08008aec                OTG_FS_WKUP_IRQHandler
                0x08008aec                TIM1_TRG_COM_TIM11_IRQHandler
                0x08008aec                OTG_HS_IRQHandler
                0x08008aec                EXTI1_IRQHandler
                0x08008aec                USART2_IRQHandler
                0x08008aec                I2C2_ER_IRQHandler
                0x08008aec                DMA2_Stream1_IRQHandler
                0x08008aec                CAN1_SCE_IRQHandler
                0x08008aec                FLASH_IRQHandler
                0x08008aec                DMA2_Stream4_IRQHandler
                0x08008aec                USART1_IRQHandler
                0x08008aec                SPI3_IRQHandler
                0x08008aec                DMA1_Stream4_IRQHandler
                0x08008aec                I2C1_ER_IRQHandler
                0x08008aec                DMA2_Stream6_IRQHandler
                0x08008aec                DMA1_Stream3_IRQHandler
 *(.glue_7)
 .glue_7        0x08008aee        0x0 linker stubs
 *(.glue_7t)
 .glue_7t       0x08008aee        0x0 linker stubs
 *(.eh_frame)
 *fill*         0x08008aee        0x2 
 .eh_frame      0x08008af0        0x0 C:/ST/STM32CubeCLT_1.18.0/GNU-tools-for-STM32/bin/../lib/gcc/arm-none-eabi/13.3.1/thumb/v7e-m+fp/hard/crtbegin.o
 *(.init)
 .init          0x08008af0        0x4 C:/ST/STM32CubeCLT_1.18.0/GNU-tools-for-STM32/bin/../lib/gcc/arm-none-eabi/13.3.1/thumb/v7e-m+fp/hard/crti.o
                0x08008af0                _init
 .init          0x08008af4        0x8 C:/ST/STM32CubeCLT_1.18.0/GNU-tools-for-STM32/bin/../lib/gcc/arm-none-eabi/13.3.1/thumb/v7e-m+fp/hard/crtn.o
 *(.fini)
 .fini          0x08008afc        0x4 C:/ST/STM32CubeCLT_1.18.0/GNU-tools-for-STM32/bin/../lib/gcc/arm-none-eabi/13.3.1/thumb/v7e-m+fp/hard/crti.o
                0x08008afc                _fini
 .fini          0x08008b00        0x8 C:/ST/STM32CubeCLT_1.18.0/GNU-tools-for-STM32/bin/../lib/gcc/arm-none-eabi/13.3.1/thumb/v7e-m+fp/hard/crtn.o
                0x08008b08                        . = ALIGN (0x4)
                0x08008b08                        _etext = .

.vfp11_veneer   0x08008b08        0x0
 .vfp11_veneer  0x08008b08        0x0 linker stubs

.v4_bx          0x08008b08        0x0
 .v4_bx         0x08008b08        0x0 linker stubs

.iplt           0x08008b08        0x0
 .iplt          0x08008b08        0x0 C:/ST/STM32CubeCLT_1.18.0/GNU-tools-for-STM32/bin/../lib/gcc/arm-none-eabi/13.3.1/thumb/v7e-m+fp/hard/crtbegin.o

.rodata         0x08008b08       0x58
                0x08008b08                        . = ALIGN (0x4)
 *(.rodata)
 .rodata        0x08008b08       0x46 CMakeFiles/ov7670_2.dir/USB_DEVICE/App/usbd_desc.c.obj
 *(.rodata*)
 *fill*         0x08008b4e        0x2 
 .rodata.APBPrescTable
                0x08008b50        0x8 cmake/stm32cubemx/CMakeFiles/STM32_Drivers.dir/__/__/Core/Src/system_stm32f4xx.c.obj
                0x08008b50                APBPrescTable
 .rodata.flagBitshiftOffset.0
                0x08008b58        0x8 cmake/stm32cubemx/CMakeFiles/STM32_Drivers.dir/__/__/Drivers/STM32F4xx_HAL_Driver/Src/stm32f4xx_hal_dma.c.obj
                0x08008b60                        . = ALIGN (0x4)

.ARM.extab      0x08008b60        0x0
                0x08008b60                        . = ALIGN (0x4)
 *(.ARM.extab* .gnu.linkonce.armextab.*)
                0x08008b60                        . = ALIGN (0x4)

.ARM            0x08008b60        0x0
                0x08008b60                        . = ALIGN (0x4)
                0x08008b60                        __exidx_start = .
 *(.ARM.exidx*)
                0x08008b60                        __exidx_end = .
                0x08008b60                        . = ALIGN (0x4)

.preinit_array  0x08008b60        0x0
                0x08008b60                        . = ALIGN (0x4)
                0x08008b60                        PROVIDE (__preinit_array_start = .)
 *(.preinit_array*)
                0x08008b60                        PROVIDE (__preinit_array_end = .)
                0x08008b60                        . = ALIGN (0x4)

.init_array     0x08008b60        0x4
                0x08008b60                        . = ALIGN (0x4)
                0x08008b60                        PROVIDE (__init_array_start = .)
 *(SORT_BY_NAME(.init_array.*))
 *(.init_array*)
 .init_array    0x08008b60        0x4 C:/ST/STM32CubeCLT_1.18.0/GNU-tools-for-STM32/bin/../lib/gcc/arm-none-eabi/13.3.1/thumb/v7e-m+fp/hard/crtbegin.o
                0x08008b64                        PROVIDE (__init_array_end = .)
                0x08008b64                        . = ALIGN (0x4)

.fini_array     0x08008b64        0x4
                0x08008b64                        . = ALIGN (0x4)
                [!provide]                        PROVIDE (__fini_array_start = .)
 *(SORT_BY_NAME(.fini_array.*))
 *(.fini_array*)
 .fini_array    0x08008b64        0x4 C:/ST/STM32CubeCLT_1.18.0/GNU-tools-for-STM32/bin/../lib/gcc/arm-none-eabi/13.3.1/thumb/v7e-m+fp/hard/crtbegin.o
                [!provide]                        PROVIDE (__fini_array_end = .)
                0x08008b68                        . = ALIGN (0x4)
                0x08008b68                        _sidata = LOADADDR (.data)

.rel.dyn        0x08008b68        0x0
 .rel.iplt      0x08008b68        0x0 C:/ST/STM32CubeCLT_1.18.0/GNU-tools-for-STM32/bin/../lib/gcc/arm-none-eabi/13.3.1/thumb/v7e-m+fp/hard/crtbegin.o

.data           0x20000000       0xfc load address 0x08008b68
                0x20000000                        . = ALIGN (0x4)
                0x20000000                        _sdata = .
 *(.data)
 *(.data*)
 .data.SystemCoreClock
                0x20000000        0x4 cmake/stm32cubemx/CMakeFiles/STM32_Drivers.dir/__/__/Core/Src/system_stm32f4xx.c.obj
                0x20000000                SystemCoreClock
 .data.uwTickPrio
                0x20000004        0x4 cmake/stm32cubemx/CMakeFiles/STM32_Drivers.dir/__/__/Drivers/STM32F4xx_HAL_Driver/Src/stm32f4xx_hal.c.obj
                0x20000004                uwTickPrio
 .data.uwTickFreq
                0x20000008        0x1 cmake/stm32cubemx/CMakeFiles/STM32_Drivers.dir/__/__/Drivers/STM32F4xx_HAL_Driver/Src/stm32f4xx_hal.c.obj
                0x20000008                uwTickFreq
 *fill*         0x20000009        0x3 
 .data.USBD_CDC_DeviceQualifierDesc
                0x2000000c        0xa cmake/stm32cubemx/CMakeFiles/USB_Device_Library.dir/197333d81b7587277aa101873a1ada28/Class/CDC/Src/usbd_cdc.c.obj
 *fill*         0x20000016        0x2 
 .data.USBD_CDC
                0x20000018       0x38 cmake/stm32cubemx/CMakeFiles/USB_Device_Library.dir/197333d81b7587277aa101873a1ada28/Class/CDC/Src/usbd_cdc.c.obj
                0x20000018                USBD_CDC
 .data.USBD_CDC_CfgDesc
                0x20000050       0x43 cmake/stm32cubemx/CMakeFiles/USB_Device_Library.dir/197333d81b7587277aa101873a1ada28/Class/CDC/Src/usbd_cdc.c.obj
 .data.CDCInEpAdd
                0x20000093        0x1 cmake/stm32cubemx/CMakeFiles/USB_Device_Library.dir/197333d81b7587277aa101873a1ada28/Class/CDC/Src/usbd_cdc.c.obj
 .data.CDCOutEpAdd
                0x20000094        0x1 cmake/stm32cubemx/CMakeFiles/USB_Device_Library.dir/197333d81b7587277aa101873a1ada28/Class/CDC/Src/usbd_cdc.c.obj
 .data.CDCCmdEpAdd
                0x20000095        0x1 cmake/stm32cubemx/CMakeFiles/USB_Device_Library.dir/197333d81b7587277aa101873a1ada28/Class/CDC/Src/usbd_cdc.c.obj
 *fill*         0x20000096        0x2 
 .data.FS_Desc  0x20000098       0x1c CMakeFiles/ov7670_2.dir/USB_DEVICE/App/usbd_desc.c.obj
                0x20000098                FS_Desc
 .data.USBD_FS_DeviceDesc
                0x200000b4       0x12 CMakeFiles/ov7670_2.dir/USB_DEVICE/App/usbd_desc.c.obj
                0x200000b4                USBD_FS_DeviceDesc
 *fill*         0x200000c6        0x2 
 .data.USBD_LangIDDesc
                0x200000c8        0x4 CMakeFiles/ov7670_2.dir/USB_DEVICE/App/usbd_desc.c.obj
                0x200000c8                USBD_LangIDDesc
 .data.USBD_StringSerial
                0x200000cc       0x1a CMakeFiles/ov7670_2.dir/USB_DEVICE/App/usbd_desc.c.obj
                0x200000cc                USBD_StringSerial
 *fill*         0x200000e6        0x2 
 .data.USBD_Interface_fops_FS
                0x200000e8       0x14 CMakeFiles/ov7670_2.dir/USB_DEVICE/App/usbd_cdc_if.c.obj
                0x200000e8                USBD_Interface_fops_FS
 *(.RamFunc)
 *(.RamFunc*)
                0x200000fc                        . = ALIGN (0x4)
                0x200000fc                        _edata = .
                0x08008c64                        _siccmram = LOADADDR (.ccmram)

.igot.plt       0x200000fc        0x0 load address 0x08008c64
 .igot.plt      0x200000fc        0x0 C:/ST/STM32CubeCLT_1.18.0/GNU-tools-for-STM32/bin/../lib/gcc/arm-none-eabi/13.3.1/thumb/v7e-m+fp/hard/crtbegin.o

.ccmram         0x10000000        0x0 load address 0x08008c64
                0x10000000                        . = ALIGN (0x4)
                0x10000000                        _sccmram = .
 *(.ccmram)
 *(.ccmram*)
                0x10000000                        . = ALIGN (0x4)
                0x10000000                        _eccmram = .
                0x10000000                        . = ALIGN (0x4)

.bss            0x200000fc     0xb2fc
                0x200000fc                        _sbss = .
                0x200000fc                        __bss_start__ = _sbss
 *(.bss)
 .bss           0x200000fc       0x1c C:/ST/STM32CubeCLT_1.18.0/GNU-tools-for-STM32/bin/../lib/gcc/arm-none-eabi/13.3.1/thumb/v7e-m+fp/hard/crtbegin.o
 *(.bss*)
 .bss.uwTick    0x20000118        0x4 cmake/stm32cubemx/CMakeFiles/STM32_Drivers.dir/__/__/Drivers/STM32F4xx_HAL_Driver/Src/stm32f4xx_hal.c.obj
                0x20000118                uwTick
 .bss.cfgidx.0  0x2000011c        0x1 cmake/stm32cubemx/CMakeFiles/USB_Device_Library.dir/__/__/Middlewares/ST/STM32_USB_Device_Library/Core/Src/usbd_ctlreq.c.obj
 *fill*         0x2000011d        0x3 
 .bss.hpcd_USB_OTG_FS
                0x20000120      0x4e4 CMakeFiles/ov7670_2.dir/USB_DEVICE/Target/usbd_conf.c.obj
                0x20000120                hpcd_USB_OTG_FS
 .bss.mem.0     0x20000604      0x220 CMakeFiles/ov7670_2.dir/USB_DEVICE/Target/usbd_conf.c.obj
 .bss.hUsbDeviceFS
                0x20000824      0x2dc CMakeFiles/ov7670_2.dir/USB_DEVICE/App/usb_device.c.obj
                0x20000824                hUsbDeviceFS
 .bss.USBD_StrDesc
                0x20000b00      0x200 CMakeFiles/ov7670_2.dir/USB_DEVICE/App/usbd_desc.c.obj
                0x20000b00                USBD_StrDesc
 .bss.UserRxBufferFS
                0x20000d00      0x800 CMakeFiles/ov7670_2.dir/USB_DEVICE/App/usbd_cdc_if.c.obj
                0x20000d00                UserRxBufferFS
 .bss.UserTxBufferFS
                0x20001500      0x800 CMakeFiles/ov7670_2.dir/USB_DEVICE/App/usbd_cdc_if.c.obj
                0x20001500                UserTxBufferFS
 .bss.hdcmi     0x20001d00       0x40 CMakeFiles/ov7670_2.dir/Core/Src/main.c.obj
                0x20001d00                hdcmi
 .bss.hi2c2     0x20001d40       0x54 CMakeFiles/ov7670_2.dir/Core/Src/main.c.obj
                0x20001d40                hi2c2
 .bss.hdma_i2c2_rx
                0x20001d94       0x60 CMakeFiles/ov7670_2.dir/Core/Src/main.c.obj
                0x20001d94                hdma_i2c2_rx
 .bss.image_buffer
                0x20001df4     0x9600 CMakeFiles/ov7670_2.dir/Core/Src/main.c.obj
                0x20001df4                image_buffer
 .bss.image_ready
                0x2000b3f4        0x1 CMakeFiles/ov7670_2.dir/Core/Src/main.c.obj
                0x2000b3f4                image_ready
 *(COMMON)
                0x2000b3f8                        . = ALIGN (0x4)
 *fill*         0x2000b3f5        0x3 
                0x2000b3f8                        _ebss = .
                0x2000b3f8                        __bss_end__ = _ebss

._user_heap_stack
                0x2000b3f8      0x600
                0x2000b3f8                        . = ALIGN (0x8)
                [!provide]                        PROVIDE (end = .)
                0x2000b3f8                        PROVIDE (_end = .)
                0x2000b5f8                        . = (. + _Min_Heap_Size)
 *fill*         0x2000b3f8      0x200 
                0x2000b9f8                        . = (. + _Min_Stack_Size)
 *fill*         0x2000b5f8      0x400 
                0x2000b9f8                        . = ALIGN (0x8)

/DISCARD/
 libc.a(*)
 libm.a(*)
 libgcc.a(*)
OUTPUT(ov7670_2.elf elf32-littlearm)
LOAD linker stubs
LOAD C:/ST/STM32CubeCLT_1.18.0/GNU-tools-for-STM32/bin/../lib/gcc/arm-none-eabi/13.3.1/../../../../arm-none-eabi/lib/thumb/v7e-m+fp/hard\libc.a
LOAD C:/ST/STM32CubeCLT_1.18.0/GNU-tools-for-STM32/bin/../lib/gcc/arm-none-eabi/13.3.1/../../../../arm-none-eabi/lib/thumb/v7e-m+fp/hard\libm.a
LOAD C:/ST/STM32CubeCLT_1.18.0/GNU-tools-for-STM32/bin/../lib/gcc/arm-none-eabi/13.3.1/thumb/v7e-m+fp/hard\libgcc.a

.ARM.attributes
                0x00000000       0x30
 .ARM.attributes
                0x00000000       0x22 C:/ST/STM32CubeCLT_1.18.0/GNU-tools-for-STM32/bin/../lib/gcc/arm-none-eabi/13.3.1/thumb/v7e-m+fp/hard/crti.o
 .ARM.attributes
                0x00000022       0x34 C:/ST/STM32CubeCLT_1.18.0/GNU-tools-for-STM32/bin/../lib/gcc/arm-none-eabi/13.3.1/thumb/v7e-m+fp/hard/crtbegin.o
 .ARM.attributes
                0x00000056       0x34 C:/ST/STM32CubeCLT_1.18.0/GNU-tools-for-STM32/bin/../lib/gcc/arm-none-eabi/13.3.1/../../../../arm-none-eabi/lib/thumb/v7e-m+fp/hard\libc_nano.a(libc_a-memset.o)
 .ARM.attributes
                0x0000008a       0x34 C:/ST/STM32CubeCLT_1.18.0/GNU-tools-for-STM32/bin/../lib/gcc/arm-none-eabi/13.3.1/../../../../arm-none-eabi/lib/thumb/v7e-m+fp/hard\libc_nano.a(libc_a-init.o)
 .ARM.attributes
                0x000000be       0x34 cmake/stm32cubemx/CMakeFiles/STM32_Drivers.dir/__/__/Core/Src/system_stm32f4xx.c.obj
 .ARM.attributes
                0x000000f2       0x34 cmake/stm32cubemx/CMakeFiles/STM32_Drivers.dir/__/__/Drivers/STM32F4xx_HAL_Driver/Src/stm32f4xx_hal_pcd.c.obj
 .ARM.attributes
                0x00000126       0x34 cmake/stm32cubemx/CMakeFiles/STM32_Drivers.dir/__/__/Drivers/STM32F4xx_HAL_Driver/Src/stm32f4xx_hal_pcd_ex.c.obj
 .ARM.attributes
                0x0000015a       0x34 cmake/stm32cubemx/CMakeFiles/STM32_Drivers.dir/__/__/Drivers/STM32F4xx_HAL_Driver/Src/stm32f4xx_ll_usb.c.obj
 .ARM.attributes
                0x0000018e       0x34 cmake/stm32cubemx/CMakeFiles/STM32_Drivers.dir/__/__/Drivers/STM32F4xx_HAL_Driver/Src/stm32f4xx_hal_rcc.c.obj
 .ARM.attributes
                0x000001c2       0x34 cmake/stm32cubemx/CMakeFiles/STM32_Drivers.dir/__/__/Drivers/STM32F4xx_HAL_Driver/Src/stm32f4xx_hal_gpio.c.obj
 .ARM.attributes
                0x000001f6       0x34 cmake/stm32cubemx/CMakeFiles/STM32_Drivers.dir/__/__/Drivers/STM32F4xx_HAL_Driver/Src/stm32f4xx_hal_dma_ex.c.obj
 .ARM.attributes
                0x0000022a       0x34 cmake/stm32cubemx/CMakeFiles/STM32_Drivers.dir/__/__/Drivers/STM32F4xx_HAL_Driver/Src/stm32f4xx_hal_dma.c.obj
 .ARM.attributes
                0x0000025e       0x34 cmake/stm32cubemx/CMakeFiles/STM32_Drivers.dir/__/__/Drivers/STM32F4xx_HAL_Driver/Src/stm32f4xx_hal_cortex.c.obj
 .ARM.attributes
                0x00000292       0x34 cmake/stm32cubemx/CMakeFiles/STM32_Drivers.dir/__/__/Drivers/STM32F4xx_HAL_Driver/Src/stm32f4xx_hal.c.obj
 .ARM.attributes
                0x000002c6       0x34 cmake/stm32cubemx/CMakeFiles/STM32_Drivers.dir/__/__/Drivers/STM32F4xx_HAL_Driver/Src/stm32f4xx_hal_dcmi.c.obj
 .ARM.attributes
                0x000002fa       0x34 cmake/stm32cubemx/CMakeFiles/STM32_Drivers.dir/__/__/Drivers/STM32F4xx_HAL_Driver/Src/stm32f4xx_hal_dcmi_ex.c.obj
 .ARM.attributes
                0x0000032e       0x34 cmake/stm32cubemx/CMakeFiles/STM32_Drivers.dir/__/__/Drivers/STM32F4xx_HAL_Driver/Src/stm32f4xx_hal_i2c.c.obj
 .ARM.attributes
                0x00000362       0x34 cmake/stm32cubemx/CMakeFiles/USB_Device_Library.dir/__/__/Middlewares/ST/STM32_USB_Device_Library/Core/Src/usbd_core.c.obj
 .ARM.attributes
                0x00000396       0x34 cmake/stm32cubemx/CMakeFiles/USB_Device_Library.dir/__/__/Middlewares/ST/STM32_USB_Device_Library/Core/Src/usbd_ctlreq.c.obj
 .ARM.attributes
                0x000003ca       0x34 cmake/stm32cubemx/CMakeFiles/USB_Device_Library.dir/__/__/Middlewares/ST/STM32_USB_Device_Library/Core/Src/usbd_ioreq.c.obj
 .ARM.attributes
                0x000003fe       0x34 cmake/stm32cubemx/CMakeFiles/USB_Device_Library.dir/197333d81b7587277aa101873a1ada28/Class/CDC/Src/usbd_cdc.c.obj
 .ARM.attributes
                0x00000432       0x34 CMakeFiles/ov7670_2.dir/USB_DEVICE/Target/usbd_conf.c.obj
 .ARM.attributes
                0x00000466       0x34 CMakeFiles/ov7670_2.dir/USB_DEVICE/App/usb_device.c.obj
 .ARM.attributes
                0x0000049a       0x34 CMakeFiles/ov7670_2.dir/USB_DEVICE/App/usbd_desc.c.obj
 .ARM.attributes
                0x000004ce       0x34 CMakeFiles/ov7670_2.dir/USB_DEVICE/App/usbd_cdc_if.c.obj
 .ARM.attributes
                0x00000502       0x34 CMakeFiles/ov7670_2.dir/Core/Src/main.c.obj
 .ARM.attributes
                0x00000536       0x34 CMakeFiles/ov7670_2.dir/Core/Src/stm32f4xx_it.c.obj
 .ARM.attributes
                0x0000056a       0x34 CMakeFiles/ov7670_2.dir/Core/Src/stm32f4xx_hal_msp.c.obj
 .ARM.attributes
                0x0000059e       0x21 CMakeFiles/ov7670_2.dir/startup_stm32f407xx.s.obj
 .ARM.attributes
                0x000005bf       0x22 C:/ST/STM32CubeCLT_1.18.0/GNU-tools-for-STM32/bin/../lib/gcc/arm-none-eabi/13.3.1/thumb/v7e-m+fp/hard/crtn.o

.comment        0x00000000       0x43
 .comment       0x00000000       0x43 cmake/stm32cubemx/CMakeFiles/STM32_Drivers.dir/__/__/Core/Src/system_stm32f4xx.c.obj
                                 0x44 (size before relaxing)
 .comment       0x00000043       0x44 cmake/stm32cubemx/CMakeFiles/STM32_Drivers.dir/__/__/Drivers/STM32F4xx_HAL_Driver/Src/stm32f4xx_hal_pcd.c.obj
 .comment       0x00000043       0x44 cmake/stm32cubemx/CMakeFiles/STM32_Drivers.dir/__/__/Drivers/STM32F4xx_HAL_Driver/Src/stm32f4xx_hal_pcd_ex.c.obj
 .comment       0x00000043       0x44 cmake/stm32cubemx/CMakeFiles/STM32_Drivers.dir/__/__/Drivers/STM32F4xx_HAL_Driver/Src/stm32f4xx_ll_usb.c.obj
 .comment       0x00000043       0x44 cmake/stm32cubemx/CMakeFiles/STM32_Drivers.dir/__/__/Drivers/STM32F4xx_HAL_Driver/Src/stm32f4xx_hal_rcc.c.obj
 .comment       0x00000043       0x44 cmake/stm32cubemx/CMakeFiles/STM32_Drivers.dir/__/__/Drivers/STM32F4xx_HAL_Driver/Src/stm32f4xx_hal_gpio.c.obj
 .comment       0x00000043       0x44 cmake/stm32cubemx/CMakeFiles/STM32_Drivers.dir/__/__/Drivers/STM32F4xx_HAL_Driver/Src/stm32f4xx_hal_dma_ex.c.obj
 .comment       0x00000043       0x44 cmake/stm32cubemx/CMakeFiles/STM32_Drivers.dir/__/__/Drivers/STM32F4xx_HAL_Driver/Src/stm32f4xx_hal_dma.c.obj
 .comment       0x00000043       0x44 cmake/stm32cubemx/CMakeFiles/STM32_Drivers.dir/__/__/Drivers/STM32F4xx_HAL_Driver/Src/stm32f4xx_hal_cortex.c.obj
 .comment       0x00000043       0x44 cmake/stm32cubemx/CMakeFiles/STM32_Drivers.dir/__/__/Drivers/STM32F4xx_HAL_Driver/Src/stm32f4xx_hal.c.obj
 .comment       0x00000043       0x44 cmake/stm32cubemx/CMakeFiles/STM32_Drivers.dir/__/__/Drivers/STM32F4xx_HAL_Driver/Src/stm32f4xx_hal_dcmi.c.obj
 .comment       0x00000043       0x44 cmake/stm32cubemx/CMakeFiles/STM32_Drivers.dir/__/__/Drivers/STM32F4xx_HAL_Driver/Src/stm32f4xx_hal_dcmi_ex.c.obj
 .comment       0x00000043       0x44 cmake/stm32cubemx/CMakeFiles/STM32_Drivers.dir/__/__/Drivers/STM32F4xx_HAL_Driver/Src/stm32f4xx_hal_i2c.c.obj
 .comment       0x00000043       0x44 cmake/stm32cubemx/CMakeFiles/USB_Device_Library.dir/__/__/Middlewares/ST/STM32_USB_Device_Library/Core/Src/usbd_core.c.obj
 .comment       0x00000043       0x44 cmake/stm32cubemx/CMakeFiles/USB_Device_Library.dir/__/__/Middlewares/ST/STM32_USB_Device_Library/Core/Src/usbd_ctlreq.c.obj
 .comment       0x00000043       0x44 cmake/stm32cubemx/CMakeFiles/USB_Device_Library.dir/__/__/Middlewares/ST/STM32_USB_Device_Library/Core/Src/usbd_ioreq.c.obj
 .comment       0x00000043       0x44 cmake/stm32cubemx/CMakeFiles/USB_Device_Library.dir/197333d81b7587277aa101873a1ada28/Class/CDC/Src/usbd_cdc.c.obj
 .comment       0x00000043       0x44 CMakeFiles/ov7670_2.dir/USB_DEVICE/Target/usbd_conf.c.obj
 .comment       0x00000043       0x44 CMakeFiles/ov7670_2.dir/USB_DEVICE/App/usb_device.c.obj
 .comment       0x00000043       0x44 CMakeFiles/ov7670_2.dir/USB_DEVICE/App/usbd_desc.c.obj
 .comment       0x00000043       0x44 CMakeFiles/ov7670_2.dir/USB_DEVICE/App/usbd_cdc_if.c.obj
 .comment       0x00000043       0x44 CMakeFiles/ov7670_2.dir/Core/Src/main.c.obj
 .comment       0x00000043       0x44 CMakeFiles/ov7670_2.dir/Core/Src/stm32f4xx_it.c.obj
 .comment       0x00000043       0x44 CMakeFiles/ov7670_2.dir/Core/Src/stm32f4xx_hal_msp.c.obj

.debug_frame    0x00000000     0x40f0
 .debug_frame   0x00000000       0x20 C:/ST/STM32CubeCLT_1.18.0/GNU-tools-for-STM32/bin/../lib/gcc/arm-none-eabi/13.3.1/../../../../arm-none-eabi/lib/thumb/v7e-m+fp/hard\libc_nano.a(libc_a-memset.o)
 .debug_frame   0x00000020       0x2c C:/ST/STM32CubeCLT_1.18.0/GNU-tools-for-STM32/bin/../lib/gcc/arm-none-eabi/13.3.1/../../../../arm-none-eabi/lib/thumb/v7e-m+fp/hard\libc_nano.a(libc_a-init.o)
 .debug_frame   0x0000004c       0x58 cmake/stm32cubemx/CMakeFiles/STM32_Drivers.dir/__/__/Core/Src/system_stm32f4xx.c.obj
 .debug_frame   0x000000a4      0x5b8 cmake/stm32cubemx/CMakeFiles/STM32_Drivers.dir/__/__/Drivers/STM32F4xx_HAL_Driver/Src/stm32f4xx_hal_pcd.c.obj
 .debug_frame   0x0000065c       0xb0 cmake/stm32cubemx/CMakeFiles/STM32_Drivers.dir/__/__/Drivers/STM32F4xx_HAL_Driver/Src/stm32f4xx_hal_pcd_ex.c.obj
 .debug_frame   0x0000070c      0x7c0 cmake/stm32cubemx/CMakeFiles/STM32_Drivers.dir/__/__/Drivers/STM32F4xx_HAL_Driver/Src/stm32f4xx_ll_usb.c.obj
 .debug_frame   0x00000ecc      0x1f4 cmake/stm32cubemx/CMakeFiles/STM32_Drivers.dir/__/__/Drivers/STM32F4xx_HAL_Driver/Src/stm32f4xx_hal_rcc.c.obj
 .debug_frame   0x000010c0      0x14c cmake/stm32cubemx/CMakeFiles/STM32_Drivers.dir/__/__/Drivers/STM32F4xx_HAL_Driver/Src/stm32f4xx_hal_gpio.c.obj
 .debug_frame   0x0000120c       0xac cmake/stm32cubemx/CMakeFiles/STM32_Drivers.dir/__/__/Drivers/STM32F4xx_HAL_Driver/Src/stm32f4xx_hal_dma_ex.c.obj
 .debug_frame   0x000012b8      0x250 cmake/stm32cubemx/CMakeFiles/STM32_Drivers.dir/__/__/Drivers/STM32F4xx_HAL_Driver/Src/stm32f4xx_hal_dma.c.obj
 .debug_frame   0x00001508      0x508 cmake/stm32cubemx/CMakeFiles/STM32_Drivers.dir/__/__/Drivers/STM32F4xx_HAL_Driver/Src/stm32f4xx_hal_cortex.c.obj
 .debug_frame   0x00001a10      0x374 cmake/stm32cubemx/CMakeFiles/STM32_Drivers.dir/__/__/Drivers/STM32F4xx_HAL_Driver/Src/stm32f4xx_hal.c.obj
 .debug_frame   0x00001d84      0x340 cmake/stm32cubemx/CMakeFiles/STM32_Drivers.dir/__/__/Drivers/STM32F4xx_HAL_Driver/Src/stm32f4xx_hal_dcmi.c.obj
 .debug_frame   0x000020c4       0x34 cmake/stm32cubemx/CMakeFiles/STM32_Drivers.dir/__/__/Drivers/STM32F4xx_HAL_Driver/Src/stm32f4xx_hal_dcmi_ex.c.obj
 .debug_frame   0x000020f8      0xc84 cmake/stm32cubemx/CMakeFiles/STM32_Drivers.dir/__/__/Drivers/STM32F4xx_HAL_Driver/Src/stm32f4xx_hal_i2c.c.obj
 .debug_frame   0x00002d7c      0x390 cmake/stm32cubemx/CMakeFiles/USB_Device_Library.dir/__/__/Middlewares/ST/STM32_USB_Device_Library/Core/Src/usbd_core.c.obj
 .debug_frame   0x0000310c      0x23c cmake/stm32cubemx/CMakeFiles/USB_Device_Library.dir/__/__/Middlewares/ST/STM32_USB_Device_Library/Core/Src/usbd_ctlreq.c.obj
 .debug_frame   0x00003348      0x10c cmake/stm32cubemx/CMakeFiles/USB_Device_Library.dir/__/__/Middlewares/ST/STM32_USB_Device_Library/Core/Src/usbd_ioreq.c.obj
 .debug_frame   0x00003454      0x23c cmake/stm32cubemx/CMakeFiles/USB_Device_Library.dir/197333d81b7587277aa101873a1ada28/Class/CDC/Src/usbd_cdc.c.obj
 .debug_frame   0x00003690      0x47c CMakeFiles/ov7670_2.dir/USB_DEVICE/Target/usbd_conf.c.obj
 .debug_frame   0x00003b0c       0x2c CMakeFiles/ov7670_2.dir/USB_DEVICE/App/usb_device.c.obj
 .debug_frame   0x00003b38      0x160 CMakeFiles/ov7670_2.dir/USB_DEVICE/App/usbd_desc.c.obj
 .debug_frame   0x00003c98      0x108 CMakeFiles/ov7670_2.dir/USB_DEVICE/App/usbd_cdc_if.c.obj
 .debug_frame   0x00003da0      0x14c CMakeFiles/ov7670_2.dir/Core/Src/main.c.obj
 .debug_frame   0x00003eec      0x13c CMakeFiles/ov7670_2.dir/Core/Src/stm32f4xx_it.c.obj
 .debug_frame   0x00004028       0xc8 CMakeFiles/ov7670_2.dir/Core/Src/stm32f4xx_hal_msp.c.obj

.debug_info     0x00000000    0x12f28
 .debug_info    0x00000000      0x512 cmake/stm32cubemx/CMakeFiles/STM32_Drivers.dir/__/__/Core/Src/system_stm32f4xx.c.obj
 .debug_info    0x00000512     0x156f cmake/stm32cubemx/CMakeFiles/STM32_Drivers.dir/__/__/Drivers/STM32F4xx_HAL_Driver/Src/stm32f4xx_hal_pcd.c.obj
 .debug_info    0x00001a81      0x6ea cmake/stm32cubemx/CMakeFiles/STM32_Drivers.dir/__/__/Drivers/STM32F4xx_HAL_Driver/Src/stm32f4xx_hal_pcd_ex.c.obj
 .debug_info    0x0000216b     0x1993 cmake/stm32cubemx/CMakeFiles/STM32_Drivers.dir/__/__/Drivers/STM32F4xx_HAL_Driver/Src/stm32f4xx_ll_usb.c.obj
 .debug_info    0x00003afe      0x8af cmake/stm32cubemx/CMakeFiles/STM32_Drivers.dir/__/__/Drivers/STM32F4xx_HAL_Driver/Src/stm32f4xx_hal_rcc.c.obj
 .debug_info    0x000043ad      0x6c3 cmake/stm32cubemx/CMakeFiles/STM32_Drivers.dir/__/__/Drivers/STM32F4xx_HAL_Driver/Src/stm32f4xx_hal_gpio.c.obj
 .debug_info    0x00004a70      0x4df cmake/stm32cubemx/CMakeFiles/STM32_Drivers.dir/__/__/Drivers/STM32F4xx_HAL_Driver/Src/stm32f4xx_hal_dma_ex.c.obj
 .debug_info    0x00004f4f      0x8e7 cmake/stm32cubemx/CMakeFiles/STM32_Drivers.dir/__/__/Drivers/STM32F4xx_HAL_Driver/Src/stm32f4xx_hal_dma.c.obj
 .debug_info    0x00005836      0xd8c cmake/stm32cubemx/CMakeFiles/STM32_Drivers.dir/__/__/Drivers/STM32F4xx_HAL_Driver/Src/stm32f4xx_hal_cortex.c.obj
 .debug_info    0x000065c2      0x944 cmake/stm32cubemx/CMakeFiles/STM32_Drivers.dir/__/__/Drivers/STM32F4xx_HAL_Driver/Src/stm32f4xx_hal.c.obj
 .debug_info    0x00006f06      0xacb cmake/stm32cubemx/CMakeFiles/STM32_Drivers.dir/__/__/Drivers/STM32F4xx_HAL_Driver/Src/stm32f4xx_hal_dcmi.c.obj
 .debug_info    0x000079d1      0x5b8 cmake/stm32cubemx/CMakeFiles/STM32_Drivers.dir/__/__/Drivers/STM32F4xx_HAL_Driver/Src/stm32f4xx_hal_dcmi_ex.c.obj
 .debug_info    0x00007f89     0x2415 cmake/stm32cubemx/CMakeFiles/STM32_Drivers.dir/__/__/Drivers/STM32F4xx_HAL_Driver/Src/stm32f4xx_hal_i2c.c.obj
 .debug_info    0x0000a39e      0xe05 cmake/stm32cubemx/CMakeFiles/USB_Device_Library.dir/__/__/Middlewares/ST/STM32_USB_Device_Library/Core/Src/usbd_core.c.obj
 .debug_info    0x0000b1a3      0xade cmake/stm32cubemx/CMakeFiles/USB_Device_Library.dir/__/__/Middlewares/ST/STM32_USB_Device_Library/Core/Src/usbd_ctlreq.c.obj
 .debug_info    0x0000bc81      0x755 cmake/stm32cubemx/CMakeFiles/USB_Device_Library.dir/__/__/Middlewares/ST/STM32_USB_Device_Library/Core/Src/usbd_ioreq.c.obj
 .debug_info    0x0000c3d6     0x12a3 cmake/stm32cubemx/CMakeFiles/USB_Device_Library.dir/197333d81b7587277aa101873a1ada28/Class/CDC/Src/usbd_cdc.c.obj
 .debug_info    0x0000d679     0x1c6b CMakeFiles/ov7670_2.dir/USB_DEVICE/Target/usbd_conf.c.obj
 .debug_info    0x0000f2e4      0x701 CMakeFiles/ov7670_2.dir/USB_DEVICE/App/usb_device.c.obj
 .debug_info    0x0000f9e5      0x458 CMakeFiles/ov7670_2.dir/USB_DEVICE/App/usbd_desc.c.obj
 .debug_info    0x0000fe3d      0x982 CMakeFiles/ov7670_2.dir/USB_DEVICE/App/usbd_cdc_if.c.obj
 .debug_info    0x000107bf     0x11e5 CMakeFiles/ov7670_2.dir/Core/Src/main.c.obj
 .debug_info    0x000119a4      0x891 CMakeFiles/ov7670_2.dir/Core/Src/stm32f4xx_it.c.obj
 .debug_info    0x00012235      0xcc3 CMakeFiles/ov7670_2.dir/Core/Src/stm32f4xx_hal_msp.c.obj
 .debug_info    0x00012ef8       0x30 CMakeFiles/ov7670_2.dir/startup_stm32f407xx.s.obj

.debug_abbrev   0x00000000     0x3642
 .debug_abbrev  0x00000000      0x11a cmake/stm32cubemx/CMakeFiles/STM32_Drivers.dir/__/__/Core/Src/system_stm32f4xx.c.obj
 .debug_abbrev  0x0000011a      0x2b9 cmake/stm32cubemx/CMakeFiles/STM32_Drivers.dir/__/__/Drivers/STM32F4xx_HAL_Driver/Src/stm32f4xx_hal_pcd.c.obj
 .debug_abbrev  0x000003d3      0x1da cmake/stm32cubemx/CMakeFiles/STM32_Drivers.dir/__/__/Drivers/STM32F4xx_HAL_Driver/Src/stm32f4xx_hal_pcd_ex.c.obj
 .debug_abbrev  0x000005ad      0x2b3 cmake/stm32cubemx/CMakeFiles/STM32_Drivers.dir/__/__/Drivers/STM32F4xx_HAL_Driver/Src/stm32f4xx_ll_usb.c.obj
 .debug_abbrev  0x00000860      0x2b7 cmake/stm32cubemx/CMakeFiles/STM32_Drivers.dir/__/__/Drivers/STM32F4xx_HAL_Driver/Src/stm32f4xx_hal_rcc.c.obj
 .debug_abbrev  0x00000b17      0x1d4 cmake/stm32cubemx/CMakeFiles/STM32_Drivers.dir/__/__/Drivers/STM32F4xx_HAL_Driver/Src/stm32f4xx_hal_gpio.c.obj
 .debug_abbrev  0x00000ceb      0x1a3 cmake/stm32cubemx/CMakeFiles/STM32_Drivers.dir/__/__/Drivers/STM32F4xx_HAL_Driver/Src/stm32f4xx_hal_dma_ex.c.obj
 .debug_abbrev  0x00000e8e      0x264 cmake/stm32cubemx/CMakeFiles/STM32_Drivers.dir/__/__/Drivers/STM32F4xx_HAL_Driver/Src/stm32f4xx_hal_dma.c.obj
 .debug_abbrev  0x000010f2      0x31d cmake/stm32cubemx/CMakeFiles/STM32_Drivers.dir/__/__/Drivers/STM32F4xx_HAL_Driver/Src/stm32f4xx_hal_cortex.c.obj
 .debug_abbrev  0x0000140f      0x214 cmake/stm32cubemx/CMakeFiles/STM32_Drivers.dir/__/__/Drivers/STM32F4xx_HAL_Driver/Src/stm32f4xx_hal.c.obj
 .debug_abbrev  0x00001623      0x247 cmake/stm32cubemx/CMakeFiles/STM32_Drivers.dir/__/__/Drivers/STM32F4xx_HAL_Driver/Src/stm32f4xx_hal_dcmi.c.obj
 .debug_abbrev  0x0000186a      0x13e cmake/stm32cubemx/CMakeFiles/STM32_Drivers.dir/__/__/Drivers/STM32F4xx_HAL_Driver/Src/stm32f4xx_hal_dcmi_ex.c.obj
 .debug_abbrev  0x000019a8      0x2ad cmake/stm32cubemx/CMakeFiles/STM32_Drivers.dir/__/__/Drivers/STM32F4xx_HAL_Driver/Src/stm32f4xx_hal_i2c.c.obj
 .debug_abbrev  0x00001c55      0x27c cmake/stm32cubemx/CMakeFiles/USB_Device_Library.dir/__/__/Middlewares/ST/STM32_USB_Device_Library/Core/Src/usbd_core.c.obj
 .debug_abbrev  0x00001ed1      0x26f cmake/stm32cubemx/CMakeFiles/USB_Device_Library.dir/__/__/Middlewares/ST/STM32_USB_Device_Library/Core/Src/usbd_ctlreq.c.obj
 .debug_abbrev  0x00002140      0x19a cmake/stm32cubemx/CMakeFiles/USB_Device_Library.dir/__/__/Middlewares/ST/STM32_USB_Device_Library/Core/Src/usbd_ioreq.c.obj
 .debug_abbrev  0x000022da      0x2d2 cmake/stm32cubemx/CMakeFiles/USB_Device_Library.dir/197333d81b7587277aa101873a1ada28/Class/CDC/Src/usbd_cdc.c.obj
 .debug_abbrev  0x000025ac      0x33f CMakeFiles/ov7670_2.dir/USB_DEVICE/Target/usbd_conf.c.obj
 .debug_abbrev  0x000028eb      0x195 CMakeFiles/ov7670_2.dir/USB_DEVICE/App/usb_device.c.obj
 .debug_abbrev  0x00002a80      0x1e1 CMakeFiles/ov7670_2.dir/USB_DEVICE/App/usbd_desc.c.obj
 .debug_abbrev  0x00002c61      0x2bd CMakeFiles/ov7670_2.dir/USB_DEVICE/App/usbd_cdc_if.c.obj
 .debug_abbrev  0x00002f1e      0x31d CMakeFiles/ov7670_2.dir/Core/Src/main.c.obj
 .debug_abbrev  0x0000323b      0x1d2 CMakeFiles/ov7670_2.dir/Core/Src/stm32f4xx_it.c.obj
 .debug_abbrev  0x0000340d      0x211 CMakeFiles/ov7670_2.dir/Core/Src/stm32f4xx_hal_msp.c.obj
 .debug_abbrev  0x0000361e       0x24 CMakeFiles/ov7670_2.dir/startup_stm32f407xx.s.obj

.debug_aranges  0x00000000     0x1000
 .debug_aranges
                0x00000000       0x28 cmake/stm32cubemx/CMakeFiles/STM32_Drivers.dir/__/__/Core/Src/system_stm32f4xx.c.obj
 .debug_aranges
                0x00000028      0x148 cmake/stm32cubemx/CMakeFiles/STM32_Drivers.dir/__/__/Drivers/STM32F4xx_HAL_Driver/Src/stm32f4xx_hal_pcd.c.obj
 .debug_aranges
                0x00000170       0x38 cmake/stm32cubemx/CMakeFiles/STM32_Drivers.dir/__/__/Drivers/STM32F4xx_HAL_Driver/Src/stm32f4xx_hal_pcd_ex.c.obj
 .debug_aranges
                0x000001a8      0x1a0 cmake/stm32cubemx/CMakeFiles/STM32_Drivers.dir/__/__/Drivers/STM32F4xx_HAL_Driver/Src/stm32f4xx_ll_usb.c.obj
 .debug_aranges
                0x00000348       0x88 cmake/stm32cubemx/CMakeFiles/STM32_Drivers.dir/__/__/Drivers/STM32F4xx_HAL_Driver/Src/stm32f4xx_hal_rcc.c.obj
 .debug_aranges
                0x000003d0       0x58 cmake/stm32cubemx/CMakeFiles/STM32_Drivers.dir/__/__/Drivers/STM32F4xx_HAL_Driver/Src/stm32f4xx_hal_gpio.c.obj
 .debug_aranges
                0x00000428       0x38 cmake/stm32cubemx/CMakeFiles/STM32_Drivers.dir/__/__/Drivers/STM32F4xx_HAL_Driver/Src/stm32f4xx_hal_dma_ex.c.obj
 .debug_aranges
                0x00000460       0x90 cmake/stm32cubemx/CMakeFiles/STM32_Drivers.dir/__/__/Drivers/STM32F4xx_HAL_Driver/Src/stm32f4xx_hal_dma.c.obj
 .debug_aranges
                0x000004f0      0x130 cmake/stm32cubemx/CMakeFiles/STM32_Drivers.dir/__/__/Drivers/STM32F4xx_HAL_Driver/Src/stm32f4xx_hal_cortex.c.obj
 .debug_aranges
                0x00000620       0xf0 cmake/stm32cubemx/CMakeFiles/STM32_Drivers.dir/__/__/Drivers/STM32F4xx_HAL_Driver/Src/stm32f4xx_hal.c.obj
 .debug_aranges
                0x00000710       0xc0 cmake/stm32cubemx/CMakeFiles/STM32_Drivers.dir/__/__/Drivers/STM32F4xx_HAL_Driver/Src/stm32f4xx_hal_dcmi.c.obj
 .debug_aranges
                0x000007d0       0x20 cmake/stm32cubemx/CMakeFiles/STM32_Drivers.dir/__/__/Drivers/STM32F4xx_HAL_Driver/Src/stm32f4xx_hal_dcmi_ex.c.obj
 .debug_aranges
                0x000007f0      0x2a8 cmake/stm32cubemx/CMakeFiles/STM32_Drivers.dir/__/__/Drivers/STM32F4xx_HAL_Driver/Src/stm32f4xx_hal_i2c.c.obj
 .debug_aranges
                0x00000a98       0xd8 cmake/stm32cubemx/CMakeFiles/USB_Device_Library.dir/__/__/Middlewares/ST/STM32_USB_Device_Library/Core/Src/usbd_core.c.obj
 .debug_aranges
                0x00000b70       0x90 cmake/stm32cubemx/CMakeFiles/USB_Device_Library.dir/__/__/Middlewares/ST/STM32_USB_Device_Library/Core/Src/usbd_ctlreq.c.obj
 .debug_aranges
                0x00000c00       0x50 cmake/stm32cubemx/CMakeFiles/USB_Device_Library.dir/__/__/Middlewares/ST/STM32_USB_Device_Library/Core/Src/usbd_ioreq.c.obj
 .debug_aranges
                0x00000c50       0x90 cmake/stm32cubemx/CMakeFiles/USB_Device_Library.dir/197333d81b7587277aa101873a1ada28/Class/CDC/Src/usbd_cdc.c.obj
 .debug_aranges
                0x00000ce0      0x110 CMakeFiles/ov7670_2.dir/USB_DEVICE/Target/usbd_conf.c.obj
 .debug_aranges
                0x00000df0       0x20 CMakeFiles/ov7670_2.dir/USB_DEVICE/App/usb_device.c.obj
 .debug_aranges
                0x00000e10       0x60 CMakeFiles/ov7670_2.dir/USB_DEVICE/App/usbd_desc.c.obj
 .debug_aranges
                0x00000e70       0x50 CMakeFiles/ov7670_2.dir/USB_DEVICE/App/usbd_cdc_if.c.obj
 .debug_aranges
                0x00000ec0       0x68 CMakeFiles/ov7670_2.dir/Core/Src/main.c.obj
 .debug_aranges
                0x00000f28       0x70 CMakeFiles/ov7670_2.dir/Core/Src/stm32f4xx_it.c.obj
 .debug_aranges
                0x00000f98       0x40 CMakeFiles/ov7670_2.dir/Core/Src/stm32f4xx_hal_msp.c.obj
 .debug_aranges
                0x00000fd8       0x28 CMakeFiles/ov7670_2.dir/startup_stm32f407xx.s.obj

.debug_rnglists
                0x00000000      0xc16
 .debug_rnglists
                0x00000000       0x1a cmake/stm32cubemx/CMakeFiles/STM32_Drivers.dir/__/__/Core/Src/system_stm32f4xx.c.obj
 .debug_rnglists
                0x0000001a       0xfa cmake/stm32cubemx/CMakeFiles/STM32_Drivers.dir/__/__/Drivers/STM32F4xx_HAL_Driver/Src/stm32f4xx_hal_pcd.c.obj
 .debug_rnglists
                0x00000114       0x26 cmake/stm32cubemx/CMakeFiles/STM32_Drivers.dir/__/__/Drivers/STM32F4xx_HAL_Driver/Src/stm32f4xx_hal_pcd_ex.c.obj
 .debug_rnglists
                0x0000013a      0x147 cmake/stm32cubemx/CMakeFiles/STM32_Drivers.dir/__/__/Drivers/STM32F4xx_HAL_Driver/Src/stm32f4xx_ll_usb.c.obj
 .debug_rnglists
                0x00000281       0x66 cmake/stm32cubemx/CMakeFiles/STM32_Drivers.dir/__/__/Drivers/STM32F4xx_HAL_Driver/Src/stm32f4xx_hal_rcc.c.obj
 .debug_rnglists
                0x000002e7       0x3f cmake/stm32cubemx/CMakeFiles/STM32_Drivers.dir/__/__/Drivers/STM32F4xx_HAL_Driver/Src/stm32f4xx_hal_gpio.c.obj
 .debug_rnglists
                0x00000326       0x27 cmake/stm32cubemx/CMakeFiles/STM32_Drivers.dir/__/__/Drivers/STM32F4xx_HAL_Driver/Src/stm32f4xx_hal_dma_ex.c.obj
 .debug_rnglists
                0x0000034d       0x70 cmake/stm32cubemx/CMakeFiles/STM32_Drivers.dir/__/__/Drivers/STM32F4xx_HAL_Driver/Src/stm32f4xx_hal_dma.c.obj
 .debug_rnglists
                0x000003bd       0xe0 cmake/stm32cubemx/CMakeFiles/STM32_Drivers.dir/__/__/Drivers/STM32F4xx_HAL_Driver/Src/stm32f4xx_hal_cortex.c.obj
 .debug_rnglists
                0x0000049d       0xaf cmake/stm32cubemx/CMakeFiles/STM32_Drivers.dir/__/__/Drivers/STM32F4xx_HAL_Driver/Src/stm32f4xx_hal.c.obj
 .debug_rnglists
                0x0000054c       0x91 cmake/stm32cubemx/CMakeFiles/STM32_Drivers.dir/__/__/Drivers/STM32F4xx_HAL_Driver/Src/stm32f4xx_hal_dcmi.c.obj
 .debug_rnglists
                0x000005dd       0x14 cmake/stm32cubemx/CMakeFiles/STM32_Drivers.dir/__/__/Drivers/STM32F4xx_HAL_Driver/Src/stm32f4xx_hal_dcmi_ex.c.obj
 .debug_rnglists
                0x000005f1      0x23c cmake/stm32cubemx/CMakeFiles/STM32_Drivers.dir/__/__/Drivers/STM32F4xx_HAL_Driver/Src/stm32f4xx_hal_i2c.c.obj
 .debug_rnglists
                0x0000082d       0xa1 cmake/stm32cubemx/CMakeFiles/USB_Device_Library.dir/__/__/Middlewares/ST/STM32_USB_Device_Library/Core/Src/usbd_core.c.obj
 .debug_rnglists
                0x000008ce       0x6e cmake/stm32cubemx/CMakeFiles/USB_Device_Library.dir/__/__/Middlewares/ST/STM32_USB_Device_Library/Core/Src/usbd_ctlreq.c.obj
 .debug_rnglists
                0x0000093c       0x37 cmake/stm32cubemx/CMakeFiles/USB_Device_Library.dir/__/__/Middlewares/ST/STM32_USB_Device_Library/Core/Src/usbd_ioreq.c.obj
 .debug_rnglists
                0x00000973       0x6c cmake/stm32cubemx/CMakeFiles/USB_Device_Library.dir/197333d81b7587277aa101873a1ada28/Class/CDC/Src/usbd_cdc.c.obj
 .debug_rnglists
                0x000009df       0xc9 CMakeFiles/ov7670_2.dir/USB_DEVICE/Target/usbd_conf.c.obj
 .debug_rnglists
                0x00000aa8       0x13 CMakeFiles/ov7670_2.dir/USB_DEVICE/App/usb_device.c.obj
 .debug_rnglists
                0x00000abb       0x43 CMakeFiles/ov7670_2.dir/USB_DEVICE/App/usbd_desc.c.obj
 .debug_rnglists
                0x00000afe       0x39 CMakeFiles/ov7670_2.dir/USB_DEVICE/App/usbd_cdc_if.c.obj
 .debug_rnglists
                0x00000b37       0x4a CMakeFiles/ov7670_2.dir/Core/Src/main.c.obj
 .debug_rnglists
                0x00000b81       0x4f CMakeFiles/ov7670_2.dir/Core/Src/stm32f4xx_it.c.obj
 .debug_rnglists
                0x00000bd0       0x2d CMakeFiles/ov7670_2.dir/Core/Src/stm32f4xx_hal_msp.c.obj
 .debug_rnglists
                0x00000bfd       0x19 CMakeFiles/ov7670_2.dir/startup_stm32f407xx.s.obj

.debug_macro    0x00000000    0x23a22
 .debug_macro   0x00000000      0x207 cmake/stm32cubemx/CMakeFiles/STM32_Drivers.dir/__/__/Core/Src/system_stm32f4xx.c.obj
 .debug_macro   0x00000207      0xad8 cmake/stm32cubemx/CMakeFiles/STM32_Drivers.dir/__/__/Core/Src/system_stm32f4xx.c.obj
 .debug_macro   0x00000cdf       0x2e cmake/stm32cubemx/CMakeFiles/STM32_Drivers.dir/__/__/Core/Src/system_stm32f4xx.c.obj
 .debug_macro   0x00000d0d       0x2f cmake/stm32cubemx/CMakeFiles/STM32_Drivers.dir/__/__/Core/Src/system_stm32f4xx.c.obj
 .debug_macro   0x00000d3c       0x22 cmake/stm32cubemx/CMakeFiles/STM32_Drivers.dir/__/__/Core/Src/system_stm32f4xx.c.obj
 .debug_macro   0x00000d5e       0x8e cmake/stm32cubemx/CMakeFiles/STM32_Drivers.dir/__/__/Core/Src/system_stm32f4xx.c.obj
 .debug_macro   0x00000dec       0x51 cmake/stm32cubemx/CMakeFiles/STM32_Drivers.dir/__/__/Core/Src/system_stm32f4xx.c.obj
 .debug_macro   0x00000e3d      0x103 cmake/stm32cubemx/CMakeFiles/STM32_Drivers.dir/__/__/Core/Src/system_stm32f4xx.c.obj