Archive member included to satisfy reference by file (symbol)

C:/ST/STM32CubeCLT_1.18.0/GNU-tools-for-STM32/bin/../lib/gcc/arm-none-eabi/13.3.1/../../../../arm-none-eabi/lib/thumb/v7e-m+fp/hard\libc_nano.a(libc_a-exit.o)
                              C:/ST/STM32CubeCLT_1.18.0/GNU-tools-for-STM32/bin/../lib/gcc/arm-none-eabi/13.3.1/../../../../arm-none-eabi/lib/thumb/v7e-m+fp/hard/crt0.o (exit)
C:/ST/STM32CubeCLT_1.18.0/GNU-tools-for-STM32/bin/../lib/gcc/arm-none-eabi/13.3.1/../../../../arm-none-eabi/lib/thumb/v7e-m+fp/hard\libc_nano.a(libc_a-findfp.o)
                              C:/ST/STM32CubeCLT_1.18.0/GNU-tools-for-STM32/bin/../lib/gcc/arm-none-eabi/13.3.1/../../../../arm-none-eabi/lib/thumb/v7e-m+fp/hard\libc_nano.a(libc_a-exit.o) (__stdio_exit_handler)
C:/ST/STM32CubeCLT_1.18.0/GNU-tools-for-STM32/bin/../lib/gcc/arm-none-eabi/13.3.1/../../../../arm-none-eabi/lib/thumb/v7e-m+fp/hard\libc_nano.a(libc_a-fwalk.o)
                              C:/ST/STM32CubeCLT_1.18.0/GNU-tools-for-STM32/bin/../lib/gcc/arm-none-eabi/13.3.1/../../../../arm-none-eabi/lib/thumb/v7e-m+fp/hard\libc_nano.a(libc_a-findfp.o) (_fwalk_sglue)
C:/ST/STM32CubeCLT_1.18.0/GNU-tools-for-STM32/bin/../lib/gcc/arm-none-eabi/13.3.1/../../../../arm-none-eabi/lib/thumb/v7e-m+fp/hard\libc_nano.a(libc_a-stdio.o)
                              C:/ST/STM32CubeCLT_1.18.0/GNU-tools-for-STM32/bin/../lib/gcc/arm-none-eabi/13.3.1/../../../../arm-none-eabi/lib/thumb/v7e-m+fp/hard\libc_nano.a(libc_a-findfp.o) (__sread)
C:/ST/STM32CubeCLT_1.18.0/GNU-tools-for-STM32/bin/../lib/gcc/arm-none-eabi/13.3.1/../../../../arm-none-eabi/lib/thumb/v7e-m+fp/hard\libc_nano.a(libc_a-memset.o)
                              C:/ST/STM32CubeCLT_1.18.0/GNU-tools-for-STM32/bin/../lib/gcc/arm-none-eabi/13.3.1/../../../../arm-none-eabi/lib/thumb/v7e-m+fp/hard/crt0.o (memset)
C:/ST/STM32CubeCLT_1.18.0/GNU-tools-for-STM32/bin/../lib/gcc/arm-none-eabi/13.3.1/../../../../arm-none-eabi/lib/thumb/v7e-m+fp/hard\libc_nano.a(libc_a-closer.o)
                              C:/ST/STM32CubeCLT_1.18.0/GNU-tools-for-STM32/bin/../lib/gcc/arm-none-eabi/13.3.1/../../../../arm-none-eabi/lib/thumb/v7e-m+fp/hard\libc_nano.a(libc_a-stdio.o) (_close_r)
C:/ST/STM32CubeCLT_1.18.0/GNU-tools-for-STM32/bin/../lib/gcc/arm-none-eabi/13.3.1/../../../../arm-none-eabi/lib/thumb/v7e-m+fp/hard\libc_nano.a(libc_a-reent.o)
                              C:/ST/STM32CubeCLT_1.18.0/GNU-tools-for-STM32/bin/../lib/gcc/arm-none-eabi/13.3.1/../../../../arm-none-eabi/lib/thumb/v7e-m+fp/hard\libc_nano.a(libc_a-closer.o) (errno)
C:/ST/STM32CubeCLT_1.18.0/GNU-tools-for-STM32/bin/../lib/gcc/arm-none-eabi/13.3.1/../../../../arm-none-eabi/lib/thumb/v7e-m+fp/hard\libc_nano.a(libc_a-impure.o)
                              C:/ST/STM32CubeCLT_1.18.0/GNU-tools-for-STM32/bin/../lib/gcc/arm-none-eabi/13.3.1/../../../../arm-none-eabi/lib/thumb/v7e-m+fp/hard\libc_nano.a(libc_a-reent.o) (_impure_ptr)
C:/ST/STM32CubeCLT_1.18.0/GNU-tools-for-STM32/bin/../lib/gcc/arm-none-eabi/13.3.1/../../../../arm-none-eabi/lib/thumb/v7e-m+fp/hard\libc_nano.a(libc_a-lseekr.o)
                              C:/ST/STM32CubeCLT_1.18.0/GNU-tools-for-STM32/bin/../lib/gcc/arm-none-eabi/13.3.1/../../../../arm-none-eabi/lib/thumb/v7e-m+fp/hard\libc_nano.a(libc_a-stdio.o) (_lseek_r)
C:/ST/STM32CubeCLT_1.18.0/GNU-tools-for-STM32/bin/../lib/gcc/arm-none-eabi/13.3.1/../../../../arm-none-eabi/lib/thumb/v7e-m+fp/hard\libc_nano.a(libc_a-readr.o)
                              C:/ST/STM32CubeCLT_1.18.0/GNU-tools-for-STM32/bin/../lib/gcc/arm-none-eabi/13.3.1/../../../../arm-none-eabi/lib/thumb/v7e-m+fp/hard\libc_nano.a(libc_a-stdio.o) (_read_r)
C:/ST/STM32CubeCLT_1.18.0/GNU-tools-for-STM32/bin/../lib/gcc/arm-none-eabi/13.3.1/../../../../arm-none-eabi/lib/thumb/v7e-m+fp/hard\libc_nano.a(libc_a-writer.o)
                              C:/ST/STM32CubeCLT_1.18.0/GNU-tools-for-STM32/bin/../lib/gcc/arm-none-eabi/13.3.1/../../../../arm-none-eabi/lib/thumb/v7e-m+fp/hard\libc_nano.a(libc_a-stdio.o) (_write_r)
C:/ST/STM32CubeCLT_1.18.0/GNU-tools-for-STM32/bin/../lib/gcc/arm-none-eabi/13.3.1/../../../../arm-none-eabi/lib/thumb/v7e-m+fp/hard\libc_nano.a(libc_a-init.o)
                              C:/ST/STM32CubeCLT_1.18.0/GNU-tools-for-STM32/bin/../lib/gcc/arm-none-eabi/13.3.1/../../../../arm-none-eabi/lib/thumb/v7e-m+fp/hard/crt0.o (__libc_init_array)
C:/ST/STM32CubeCLT_1.18.0/GNU-tools-for-STM32/bin/../lib/gcc/arm-none-eabi/13.3.1/../../../../arm-none-eabi/lib/thumb/v7e-m+fp/hard\libc_nano.a(libc_a-lock.o)
                              C:/ST/STM32CubeCLT_1.18.0/GNU-tools-for-STM32/bin/../lib/gcc/arm-none-eabi/13.3.1/../../../../arm-none-eabi/lib/thumb/v7e-m+fp/hard\libc_nano.a(libc_a-findfp.o) (__retarget_lock_init_recursive)
C:/ST/STM32CubeCLT_1.18.0/GNU-tools-for-STM32/bin/../lib/gcc/arm-none-eabi/13.3.1/../../../../arm-none-eabi/lib/thumb/v7e-m+fp/hard\libc_nano.a(libc_a-freer.o)
[...]
Memory Configuration

Name             Origin             Length             Attributes
RAM              0x20000000         0x00030000         xrw
CCMRAM           0x10000000         0x00010000         xrw
FLASH            0x08000000         0x00200000         xr
*default*        0x00000000         0xffffffff

Linker script and memory map

LOAD C:/ST/STM32CubeCLT_1.18.0/GNU-tools-for-STM32/bin/../lib/gcc/arm-none-eabi/13.3.1/thumb/v7e-m+fp/hard/crti.o
LOAD C:/ST/STM32CubeCLT_1.18.0/GNU-tools-for-STM32/bin/../lib/gcc/arm-none-eabi/13.3.1/thumb/v7e-m+fp/hard/crtbegin.o
LOAD C:/ST/STM32CubeCLT_1.18.0/GNU-tools-for-STM32/bin/../lib/gcc/arm-none-eabi/13.3.1/../../../../arm-none-eabi/lib/thumb/v7e-m+fp/hard/crt0.o
START GROUP
LOAD C:/ST/STM32CubeCLT_1.18.0/GNU-tools-for-STM32/bin/../lib/gcc/arm-none-eabi/13.3.1/../../../../arm-none-eabi/lib/thumb/v7e-m+fp/hard\libc_nano.a
LOAD C:/ST/STM32CubeCLT_1.18.0/GNU-tools-for-STM32/bin/../lib/gcc/arm-none-eabi/13.3.1/../../../../arm-none-eabi/lib/thumb/v7e-m+fp/hard\libm.a
END GROUP
LOAD cmake/stm32cubemx/CMakeFiles/STM32_Drivers.dir/__/__/Core/Src/system_stm32f4xx.c.obj
LOAD cmake/stm32cubemx/CMakeFiles/STM32_Drivers.dir/__/__/Drivers/STM32F4xx_HAL_Driver/Src/stm32f4xx_hal_pcd.c.obj
LOAD cmake/stm32cubemx/CMakeFiles/STM32_Drivers.dir/__/__/Drivers/STM32F4xx_HAL_Driver/Src/stm32f4xx_hal_pcd_ex.c.obj
LOAD cmake/stm32cubemx/CMakeFiles/STM32_Drivers.dir/__/__/Drivers/STM32F4xx_HAL_Driver/Src/stm32f4xx_ll_usb.c.obj
LOAD cmake/stm32cubemx/CMakeFiles/STM32_Drivers.dir/__/__/Drivers/STM32F4xx_HAL_Driver/Src/stm32f4xx_hal_rcc.c.obj
LOAD cmake/stm32cubemx/CMakeFiles/STM32_Drivers.dir/__/__/Drivers/STM32F4xx_HAL_Driver/Src/stm32f4xx_hal_rcc_ex.c.obj
LOAD cmake/stm32cubemx/CMakeFiles/STM32_Drivers.dir/__/__/Drivers/STM32F4xx_HAL_Driver/Src/stm32f4xx_hal_flash.c.obj
LOAD cmake/stm32cubemx/CMakeFiles/STM32_Drivers.dir/__/__/Drivers/STM32F4xx_HAL_Driver/Src/stm32f4xx_hal_flash_ex.c.obj
LOAD cmake/stm32cubemx/CMakeFiles/STM32_Drivers.dir/__/__/Drivers/STM32F4xx_HAL_Driver/Src/stm32f4xx_hal_flash_ramfunc.c.obj
LOAD cmake/stm32cubemx/CMakeFiles/STM32_Drivers.dir/__/__/Drivers/STM32F4xx_HAL_Driver/Src/stm32f4xx_hal_gpio.c.obj
LOAD cmake/stm32cubemx/CMakeFiles/STM32_Drivers.dir/__/__/Drivers/STM32F4xx_HAL_Driver/Src/stm32f4xx_hal_dma_ex.c.obj
LOAD cmake/stm32cubemx/CMakeFiles/STM32_Drivers.dir/__/__/Drivers/STM32F4xx_HAL_Driver/Src/stm32f4xx_hal_dma.c.obj
LOAD cmake/stm32cubemx/CMakeFiles/STM32_Drivers.dir/__/__/Drivers/STM32F4xx_HAL_Driver/Src/stm32f4xx_hal_pwr.c.obj
LOAD cmake/stm32cubemx/CMakeFiles/STM32_Drivers.dir/__/__/Drivers/STM32F4xx_HAL_Driver/Src/stm32f4xx_hal_pwr_ex.c.obj
LOAD cmake/stm32cubemx/CMakeFiles/STM32_Drivers.dir/__/__/Drivers/STM32F4xx_HAL_Driver/Src/stm32f4xx_hal_cortex.c.obj
LOAD cmake/stm32cubemx/CMakeFiles/STM32_Drivers.dir/__/__/Drivers/STM32F4xx_HAL_Driver/Src/stm32f4xx_hal.c.obj
LOAD cmake/stm32cubemx/CMakeFiles/STM32_Drivers.dir/__/__/Drivers/STM32F4xx_HAL_Driver/Src/stm32f4xx_hal_exti.c.obj
LOAD cmake/stm32cubemx/CMakeFiles/STM32_Drivers.dir/__/__/Drivers/STM32F4xx_HAL_Driver/Src/stm32f4xx_hal_dcmi.c.obj
LOAD cmake/stm32cubemx/CMakeFiles/STM32_Drivers.dir/__/__/Drivers/STM32F4xx_HAL_Driver/Src/stm32f4xx_hal_dcmi_ex.c.obj
LOAD cmake/stm32cubemx/CMakeFiles/STM32_Drivers.dir/__/__/Drivers/STM32F4xx_HAL_Driver/Src/stm32f4xx_hal_eth.c.obj
LOAD cmake/stm32cubemx/CMakeFiles/STM32_Drivers.dir/__/__/Drivers/STM32F4xx_HAL_Driver/Src/stm32f4xx_hal_i2c.c.obj
LOAD cmake/stm32cubemx/CMakeFiles/STM32_Drivers.dir/__/__/Drivers/STM32F4xx_HAL_Driver/Src/stm32f4xx_hal_i2c_ex.c.obj
LOAD cmake/stm32cubemx/CMakeFiles/STM32_Drivers.dir/__/__/Drivers/STM32F4xx_HAL_Driver/Src/stm32f4xx_hal_uart.c.obj
LOAD cmake/stm32cubemx/CMakeFiles/USB_Device_Library.dir/__/__/Middlewares/ST/STM32_USB_Device_Library/Core/Src/usbd_core.c.obj
LOAD cmake/stm32cubemx/CMakeFiles/USB_Device_Library.dir/197333d81b7587277aa101873a1ada28/Core/Src/usbd_ctlreq.c.obj
LOAD cmake/stm32cubemx/CMakeFiles/USB_Device_Library.dir/197333d81b7587277aa101873a1ada28/Core/Src/usbd_ioreq.c.obj
LOAD cmake/stm32cubemx/CMakeFiles/USB_Device_Library.dir/197333d81b7587277aa101873a1ada28/Class/CDC/Src/usbd_cdc.c.obj
LOAD CMakeFiles/ov7670_new.dir/USB_DEVICE/Target/usbd_conf.c.obj
LOAD CMakeFiles/ov7670_new.dir/USB_DEVICE/App/usb_device.c.obj
LOAD CMakeFiles/ov7670_new.dir/USB_DEVICE/App/usbd_desc.c.obj
LOAD CMakeFiles/ov7670_new.dir/USB_DEVICE/App/usbd_cdc_if.c.obj
LOAD CMakeFiles/ov7670_new.dir/Core/Src/main.c.obj
LOAD CMakeFiles/ov7670_new.dir/Core/Src/stm32f4xx_it.c.obj
LOAD CMakeFiles/ov7670_new.dir/Core/Src/stm32f4xx_hal_msp.c.obj
LOAD CMakeFiles/ov7670_new.dir/Core/Src/sysmem.c.obj
LOAD CMakeFiles/ov7670_new.dir/Core/Src/syscalls.c.obj
LOAD CMakeFiles/ov7670_new.dir/startup_stm32f439xx.s.obj
LOAD CMakeFiles/ov7670_new.dir/Core/Src/ov7670.c.obj
START GROUP
LOAD C:/ST/STM32CubeCLT_1.18.0/GNU-tools-for-STM32/bin/../lib/gcc/arm-none-eabi/13.3.1/thumb/v7e-m+fp/hard\libgcc.a
LOAD C:/ST/STM32CubeCLT_1.18.0/GNU-tools-for-STM32/bin/../lib/gcc/arm-none-eabi/13.3.1/../../../../arm-none-eabi/lib/thumb/v7e-m+fp/hard\libg_nano.a
LOAD C:/ST/STM32CubeCLT_1.18.0/GNU-tools-for-STM32/bin/../lib/gcc/arm-none-eabi/13.3.1/../../../../arm-none-eabi/lib/thumb/v7e-m+fp/hard\libc_nano.a
END GROUP
START GROUP
LOAD C:/ST/STM32CubeCLT_1.18.0/GNU-tools-for-STM32/bin/../lib/gcc/arm-none-eabi/13.3.1/thumb/v7e-m+fp/hard\libgcc.a
LOAD C:/ST/STM32CubeCLT_1.18.0/GNU-tools-for-STM32/bin/../lib/gcc/arm-none-eabi/13.3.1/../../../../arm-none-eabi/lib/thumb/v7e-m+fp/hard\libc_nano.a
END GROUP
LOAD C:/ST/STM32CubeCLT_1.18.0/GNU-tools-for-STM32/bin/../lib/gcc/arm-none-eabi/13.3.1/thumb/v7e-m+fp/hard/crtend.o
LOAD C:/ST/STM32CubeCLT_1.18.0/GNU-tools-for-STM32/bin/../lib/gcc/arm-none-eabi/13.3.1/thumb/v7e-m+fp/hard/crtn.o
                0x20030000                        _estack = (ORIGIN (RAM) + LENGTH (RAM))
                0x00000200                        _Min_Heap_Size = 0x200
                0x00000400                        _Min_Stack_Size = 0x400

.isr_vector     0x08000000      0x1ac
                0x08000000                        . = ALIGN (0x4)
 *(.isr_vector)
 .isr_vector    0x08000000      0x1ac CMakeFiles/ov7670_new.dir/startup_stm32f439xx.s.obj
                0x08000000                g_pfnVectors
                0x080001ac                        . = ALIGN (0x4)

.text           0x080001ac     0x92ec
                0x080001ac                        . = ALIGN (0x4)
 *(.text)
 .text          0x080001ac       0x40 C:/ST/STM32CubeCLT_1.18.0/GNU-tools-for-STM32/bin/../lib/gcc/arm-none-eabi/13.3.1/thumb/v7e-m+fp/hard/crtbegin.o
 .text          0x080001ec       0x30 C:/ST/STM32CubeCLT_1.18.0/GNU-tools-for-STM32/bin/../lib/gcc/arm-none-eabi/13.3.1/thumb/v7e-m+fp/hard\libgcc.a(_aeabi_uldivmod.o)
                0x080001ec                __aeabi_uldivmod
 .text          0x0800021c      0x2f8 C:/ST/STM32CubeCLT_1.18.0/GNU-tools-for-STM32/bin/../lib/gcc/arm-none-eabi/13.3.1/thumb/v7e-m+fp/hard\libgcc.a(_udivmoddi4.o)
                0x0800021c                __udivmoddi4
 .text          0x08000514        0x4 C:/ST/STM32CubeCLT_1.18.0/GNU-tools-for-STM32/bin/../lib/gcc/arm-none-eabi/13.3.1/thumb/v7e-m+fp/hard\libgcc.a(_dvmd_tls.o)
                0x08000514                __aeabi_idiv0
                0x08000514                __aeabi_ldiv0
 *(.text*)
 .text.memset   0x08000518       0x10 C:/ST/STM32CubeCLT_1.18.0/GNU-tools-for-STM32/bin/../lib/gcc/arm-none-eabi/13.3.1/../../../../arm-none-eabi/lib/thumb/v7e-m+fp/hard\libc_nano.a(libc_a-memset.o)
                0x08000518                memset
 .text.__libc_init_array
                0x08000528       0x48 C:/ST/STM32CubeCLT_1.18.0/GNU-tools-for-STM32/bin/../lib/gcc/arm-none-eabi/13.3.1/../../../../arm-none-eabi/lib/thumb/v7e-m+fp/hard\libc_nano.a(libc_a-init.o)
                0x08000528                __libc_init_array
 .text.SystemInit
                0x08000570       0x24 cmake/stm32cubemx/CMakeFiles/STM32_Drivers.dir/__/__/Core/Src/system_stm32f4xx.c.obj
                0x08000570                SystemInit
 .text.HAL_PCD_Init
                0x08000594      0x21e cmake/stm32cubemx/CMakeFiles/STM32_Drivers.dir/__/__/Drivers/STM32F4xx_HAL_Driver/Src/stm32f4xx_hal_pcd.c.obj
                0x08000594                HAL_PCD_Init
 .text.HAL_PCD_Start
                0x080007b2       0x6a cmake/stm32cubemx/CMakeFiles/STM32_Drivers.dir/__/__/Drivers/STM32F4xx_HAL_Driver/Src/stm32f4xx_hal_pcd.c.obj
                0x080007b2                HAL_PCD_Start
 .text.HAL_PCD_IRQHandler
                0x0800081c      0x942 cmake/stm32cubemx/CMakeFiles/STM32_Drivers.dir/__/__/Drivers/STM32F4xx_HAL_Driver/Src/stm32f4xx_hal_pcd.c.obj
                0x0800081c                HAL_PCD_IRQHandler
 .text.HAL_PCD_SetAddress
                0x0800115e       0x48 cmake/stm32cubemx/CMakeFiles/STM32_Drivers.dir/__/__/Drivers/STM32F4xx_HAL_Driver/Src/stm32f4xx_hal_pcd.c.obj
                0x0800115e                HAL_PCD_SetAddress
 .text.HAL_PCD_EP_Open
                0x080011a6       0xd4 cmake/stm32cubemx/CMakeFiles/STM32_Drivers.dir/__/__/Drivers/STM32F4xx_HAL_Driver/Src/stm32f4xx_hal_pcd.c.obj
                0x080011a6                HAL_PCD_EP_Open
 .text.HAL_PCD_EP_Close
                0x0800127a       0x94 cmake/stm32cubemx/CMakeFiles/STM32_Drivers.dir/__/__/Drivers/STM32F4xx_HAL_Driver/Src/stm32f4xx_hal_pcd.c.obj
                0x0800127a                HAL_PCD_EP_Close
 .text.HAL_PCD_EP_Receive
                0x0800130e       0x76 cmake/stm32cubemx/CMakeFiles/STM32_Drivers.dir/__/__/Drivers/STM32F4xx_HAL_Driver/Src/stm32f4xx_hal_pcd.c.obj
                0x0800130e                HAL_PCD_EP_Receive
 .text.HAL_PCD_EP_GetRxCount
                0x08001384       0x30 cmake/stm32cubemx/CMakeFiles/STM32_Drivers.dir/__/__/Drivers/STM32F4xx_HAL_Driver/Src/stm32f4xx_hal_pcd.c.obj
                0x08001384                HAL_PCD_EP_GetRxCount
 .text.HAL_PCD_EP_Transmit
                0x080013b4       0x74 cmake/stm32cubemx/CMakeFiles/STM32_Drivers.dir/__/__/Drivers/STM32F4xx_HAL_Driver/Src/stm32f4xx_hal_pcd.c.obj
                0x080013b4                HAL_PCD_EP_Transmit
 .text.HAL_PCD_EP_SetStall
                0x08001428       0xc6 cmake/stm32cubemx/CMakeFiles/STM32_Drivers.dir/__/__/Drivers/STM32F4xx_HAL_Driver/Src/stm32f4xx_hal_pcd.c.obj
                0x08001428                HAL_PCD_EP_SetStall
 .text.HAL_PCD_EP_ClrStall
                0x080014ee       0xac cmake/stm32cubemx/CMakeFiles/STM32_Drivers.dir/__/__/Drivers/STM32F4xx_HAL_Driver/Src/stm32f4xx_hal_pcd.c.obj
                0x080014ee                HAL_PCD_EP_ClrStall
 .text.HAL_PCD_EP_Abort
                0x0800159a       0x62 cmake/stm32cubemx/CMakeFiles/STM32_Drivers.dir/__/__/Drivers/STM32F4xx_HAL_Driver/Src/stm32f4xx_hal_pcd.c.obj
                0x0800159a                HAL_PCD_EP_Abort
 .text.PCD_WriteEmptyTxFifo
                0x080015fc      0x118 cmake/stm32cubemx/CMakeFiles/STM32_Drivers.dir/__/__/Drivers/STM32F4xx_HAL_Driver/Src/stm32f4xx_hal_pcd.c.obj
 .text.PCD_EP_OutXfrComplete_int
                0x08001714      0x1d0 cmake/stm32cubemx/CMakeFiles/STM32_Drivers.dir/__/__/Drivers/STM32F4xx_HAL_Driver/Src/stm32f4xx_hal_pcd.c.obj
 .text.PCD_EP_OutSetupPacket_int
                0x080018e4       0x8c cmake/stm32cubemx/CMakeFiles/STM32_Drivers.dir/__/__/Drivers/STM32F4xx_HAL_Driver/Src/stm32f4xx_hal_pcd.c.obj
 .text.HAL_PCDEx_SetTxFiFo
                0x08001970       0x8e cmake/stm32cubemx/CMakeFiles/STM32_Drivers.dir/__/__/Drivers/STM32F4xx_HAL_Driver/Src/stm32f4xx_hal_pcd_ex.c.obj
                0x08001970                HAL_PCDEx_SetTxFiFo
 .text.HAL_PCDEx_SetRxFiFo
                0x080019fe       0x22 cmake/stm32cubemx/CMakeFiles/STM32_Drivers.dir/__/__/Drivers/STM32F4xx_HAL_Driver/Src/stm32f4xx_hal_pcd_ex.c.obj
                0x080019fe                HAL_PCDEx_SetRxFiFo
 .text.HAL_PCDEx_LPM_Callback
                0x08001a20       0x18 cmake/stm32cubemx/CMakeFiles/STM32_Drivers.dir/__/__/Drivers/STM32F4xx_HAL_Driver/Src/stm32f4xx_hal_pcd_ex.c.obj
                0x08001a20                HAL_PCDEx_LPM_Callback
 .text.USB_CoreInit
                0x08001a38       0xc8 cmake/stm32cubemx/CMakeFiles/STM32_Drivers.dir/__/__/Drivers/STM32F4xx_HAL_Driver/Src/stm32f4xx_ll_usb.c.obj
                0x08001a38                USB_CoreInit
 .text.USB_SetTurnaroundTime
                0x08001b00      0x144 cmake/stm32cubemx/CMakeFiles/STM32_Drivers.dir/__/__/Drivers/STM32F4xx_HAL_Driver/Src/stm32f4xx_ll_usb.c.obj
                0x08001b00                USB_SetTurnaroundTime
 .text.USB_EnableGlobalInt
                0x08001c44       0x22 cmake/stm32cubemx/CMakeFiles/STM32_Drivers.dir/__/__/Drivers/STM32F4xx_HAL_Driver/Src/stm32f4xx_ll_usb.c.obj
                0x08001c44                USB_EnableGlobalInt
 .text.USB_DisableGlobalInt
                0x08001c66       0x22 cmake/stm32cubemx/CMakeFiles/STM32_Drivers.dir/__/__/Drivers/STM32F4xx_HAL_Driver/Src/stm32f4xx_ll_usb.c.obj
                0x08001c66                USB_DisableGlobalInt
 .text.USB_SetCurrentMode
                0x08001c88       0x98 cmake/stm32cubemx/CMakeFiles/STM32_Drivers.dir/__/__/Drivers/STM32F4xx_HAL_Driver/Src/stm32f4xx_ll_usb.c.obj
                0x08001c88                USB_SetCurrentMode
 .text.USB_DevInit
                0x08001d20      0x2c8 cmake/stm32cubemx/CMakeFiles/STM32_Drivers.dir/__/__/Drivers/STM32F4xx_HAL_Driver/Src/stm32f4xx_ll_usb.c.obj
                0x08001d20                USB_DevInit
 .text.USB_FlushTxFifo
                0x08001fe8       0x64 cmake/stm32cubemx/CMakeFiles/STM32_Drivers.dir/__/__/Drivers/STM32F4xx_HAL_Driver/Src/stm32f4xx_ll_usb.c.obj
                0x08001fe8                USB_FlushTxFifo
 .text.USB_FlushRxFifo
                0x0800204c       0x5c cmake/stm32cubemx/CMakeFiles/STM32_Drivers.dir/__/__/Drivers/STM32F4xx_HAL_Driver/Src/stm32f4xx_ll_usb.c.obj
                0x0800204c                USB_FlushRxFifo
 .text.USB_SetDevSpeed
                0x080020a8       0x32 cmake/stm32cubemx/CMakeFiles/STM32_Drivers.dir/__/__/Drivers/STM32F4xx_HAL_Driver/Src/stm32f4xx_ll_usb.c.obj
                0x080020a8                USB_SetDevSpeed
 .text.USB_GetDevSpeed
                0x080020da       0x4a cmake/stm32cubemx/CMakeFiles/STM32_Drivers.dir/__/__/Drivers/STM32F4xx_HAL_Driver/Src/stm32f4xx_ll_usb.c.obj
                0x080020da                USB_GetDevSpeed
 .text.USB_ActivateEndpoint
                0x08002124      0x10e cmake/stm32cubemx/CMakeFiles/STM32_Drivers.dir/__/__/Drivers/STM32F4xx_HAL_Driver/Src/stm32f4xx_ll_usb.c.obj
                0x08002124                USB_ActivateEndpoint
 *fill*         0x08002232        0x2 
 .text.USB_DeactivateEndpoint
                0x08002234      0x1b8 cmake/stm32cubemx/CMakeFiles/STM32_Drivers.dir/__/__/Drivers/STM32F4xx_HAL_Driver/Src/stm32f4xx_ll_usb.c.obj
                0x08002234                USB_DeactivateEndpoint
 .text.USB_EPStartXfer
                0x080023ec      0x53c cmake/stm32cubemx/CMakeFiles/STM32_Drivers.dir/__/__/Drivers/STM32F4xx_HAL_Driver/Src/stm32f4xx_ll_usb.c.obj
                0x080023ec                USB_EPStartXfer
 .text.USB_EPStopXfer
                0x08002928      0x154 cmake/stm32cubemx/CMakeFiles/STM32_Drivers.dir/__/__/Drivers/STM32F4xx_HAL_Driver/Src/stm32f4xx_ll_usb.c.obj
                0x08002928                USB_EPStopXfer
 .text.USB_WritePacket
                0x08002a7c       0x7c cmake/stm32cubemx/CMakeFiles/STM32_Drivers.dir/__/__/Drivers/STM32F4xx_HAL_Driver/Src/stm32f4xx_ll_usb.c.obj
                0x08002a7c                USB_WritePacket
 .text.USB_ReadPacket
                0x08002af8       0xb0 cmake/stm32cubemx/CMakeFiles/STM32_Drivers.dir/__/__/Drivers/STM32F4xx_HAL_Driver/Src/stm32f4xx_ll_usb.c.obj
                0x08002af8                USB_ReadPacket
 .text.USB_EPSetStall
                0x08002ba8       0xdc cmake/stm32cubemx/CMakeFiles/STM32_Drivers.dir/__/__/Drivers/STM32F4xx_HAL_Driver/Src/stm32f4xx_ll_usb.c.obj
                0x08002ba8                USB_EPSetStall
 .text.USB_EPClearStall
                0x08002c84       0xcc cmake/stm32cubemx/CMakeFiles/STM32_Drivers.dir/__/__/Drivers/STM32F4xx_HAL_Driver/Src/stm32f4xx_ll_usb.c.obj
                0x08002c84                USB_EPClearStall
 .text.USB_SetDevAddress
                0x08002d50       0x4c cmake/stm32cubemx/CMakeFiles/STM32_Drivers.dir/__/__/Drivers/STM32F4xx_HAL_Driver/Src/stm32f4xx_ll_usb.c.obj
                0x08002d50                USB_SetDevAddress
 .text.USB_DevConnect
                0x08002d9c       0x42 cmake/stm32cubemx/CMakeFiles/STM32_Drivers.dir/__/__/Drivers/STM32F4xx_HAL_Driver/Src/stm32f4xx_ll_usb.c.obj
                0x08002d9c                USB_DevConnect
 .text.USB_DevDisconnect
                0x08002dde       0x42 cmake/stm32cubemx/CMakeFiles/STM32_Drivers.dir/__/__/Drivers/STM32F4xx_HAL_Driver/Src/stm32f4xx_ll_usb.c.obj
                0x08002dde                USB_DevDisconnect
 .text.USB_ReadInterrupts
                0x08002e20       0x26 cmake/stm32cubemx/CMakeFiles/STM32_Drivers.dir/__/__/Drivers/STM32F4xx_HAL_Driver/Src/stm32f4xx_ll_usb.c.obj
                0x08002e20                USB_ReadInterrupts
 .text.USB_ReadDevAllOutEpInterrupt
                0x08002e46       0x34 cmake/stm32cubemx/CMakeFiles/STM32_Drivers.dir/__/__/Drivers/STM32F4xx_HAL_Driver/Src/stm32f4xx_ll_usb.c.obj
                0x08002e46                USB_ReadDevAllOutEpInterrupt
 .text.USB_ReadDevAllInEpInterrupt
                0x08002e7a       0x34 cmake/stm32cubemx/CMakeFiles/STM32_Drivers.dir/__/__/Drivers/STM32F4xx_HAL_Driver/Src/stm32f4xx_ll_usb.c.obj
                0x08002e7a                USB_ReadDevAllInEpInterrupt
 .text.USB_ReadDevOutEPInterrupt
                0x08002eae       0x3c cmake/stm32cubemx/CMakeFiles/STM32_Drivers.dir/__/__/Drivers/STM32F4xx_HAL_Driver/Src/stm32f4xx_ll_usb.c.obj
                0x08002eae                USB_ReadDevOutEPInterrupt
 .text.USB_ReadDevInEPInterrupt
                0x08002eea       0x5c cmake/stm32cubemx/CMakeFiles/STM32_Drivers.dir/__/__/Drivers/STM32F4xx_HAL_Driver/Src/stm32f4xx_ll_usb.c.obj
                0x08002eea                USB_ReadDevInEPInterrupt
 .text.USB_GetMode
                0x08002f46       0x1c cmake/stm32cubemx/CMakeFiles/STM32_Drivers.dir/__/__/Drivers/STM32F4xx_HAL_Driver/Src/stm32f4xx_ll_usb.c.obj
                0x08002f46                USB_GetMode
 .text.USB_ActivateSetup
                0x08002f62       0x46 cmake/stm32cubemx/CMakeFiles/STM32_Drivers.dir/__/__/Drivers/STM32F4xx_HAL_Driver/Src/stm32f4xx_ll_usb.c.obj
                0x08002f62                USB_ActivateSetup
 .text.USB_EP0_OutStart
                0x08002fa8       0xbc cmake/stm32cubemx/CMakeFiles/STM32_Drivers.dir/__/__/Drivers/STM32F4xx_HAL_Driver/Src/stm32f4xx_ll_usb.c.obj
                0x08002fa8                USB_EP0_OutStart
 .text.USB_CoreReset
                0x08003064       0x62 cmake/stm32cubemx/CMakeFiles/STM32_Drivers.dir/__/__/Drivers/STM32F4xx_HAL_Driver/Src/stm32f4xx_ll_usb.c.obj
 *fill*         0x080030c6        0x2 
 .text.HAL_RCC_OscConfig
                0x080030c8      0x4f0 cmake/stm32cubemx/CMakeFiles/STM32_Drivers.dir/__/__/Drivers/STM32F4xx_HAL_Driver/Src/stm32f4xx_hal_rcc.c.obj
                0x080030c8                HAL_RCC_OscConfig
 .text.HAL_RCC_ClockConfig
                0x080035b8      0x1cc cmake/stm32cubemx/CMakeFiles/STM32_Drivers.dir/__/__/Drivers/STM32F4xx_HAL_Driver/Src/stm32f4xx_hal_rcc.c.obj
                0x080035b8                HAL_RCC_ClockConfig
 .text.HAL_RCC_MCOConfig
                0x08003784       0xd0 cmake/stm32cubemx/CMakeFiles/STM32_Drivers.dir/__/__/Drivers/STM32F4xx_HAL_Driver/Src/stm32f4xx_hal_rcc.c.obj
                0x08003784                HAL_RCC_MCOConfig
 .text.HAL_RCC_GetSysClockFreq
                0x08003854      0x20c cmake/stm32cubemx/CMakeFiles/STM32_Drivers.dir/__/__/Drivers/STM32F4xx_HAL_Driver/Src/stm32f4xx_hal_rcc.c.obj
                0x08003854                HAL_RCC_GetSysClockFreq
 .text.HAL_RCC_GetHCLKFreq
                0x08003a60       0x18 cmake/stm32cubemx/CMakeFiles/STM32_Drivers.dir/__/__/Drivers/STM32F4xx_HAL_Driver/Src/stm32f4xx_hal_rcc.c.obj
                0x08003a60                HAL_RCC_GetHCLKFreq
 .text.HAL_RCC_GetPCLK1Freq
                0x08003a78       0x28 cmake/stm32cubemx/CMakeFiles/STM32_Drivers.dir/__/__/Drivers/STM32F4xx_HAL_Driver/Src/stm32f4xx_hal_rcc.c.obj
                0x08003a78                HAL_RCC_GetPCLK1Freq
 .text.HAL_RCC_GetPCLK2Freq
                0x08003aa0       0x28 cmake/stm32cubemx/CMakeFiles/STM32_Drivers.dir/__/__/Drivers/STM32F4xx_HAL_Driver/Src/stm32f4xx_hal_rcc.c.obj
                0x08003aa0                HAL_RCC_GetPCLK2Freq
 .text.HAL_GPIO_Init
                0x08003ac8      0x358 cmake/stm32cubemx/CMakeFiles/STM32_Drivers.dir/__/__/Drivers/STM32F4xx_HAL_Driver/Src/stm32f4xx_hal_gpio.c.obj
                0x08003ac8                HAL_GPIO_Init
 .text.HAL_GPIO_WritePin
                0x08003e20       0x32 cmake/stm32cubemx/CMakeFiles/STM32_Drivers.dir/__/__/Drivers/STM32F4xx_HAL_Driver/Src/stm32f4xx_hal_gpio.c.obj
                0x08003e20                HAL_GPIO_WritePin
 *fill*         0x08003e52        0x2 
 .text.HAL_DMA_Init
                0x08003e54      0x15c cmake/stm32cubemx/CMakeFiles/STM32_Drivers.dir/__/__/Drivers/STM32F4xx_HAL_Driver/Src/stm32f4xx_hal_dma.c.obj
                0x08003e54                HAL_DMA_Init
 .text.HAL_DMA_IRQHandler
                0x08003fb0      0x314 cmake/stm32cubemx/CMakeFiles/STM32_Drivers.dir/__/__/Drivers/STM32F4xx_HAL_Driver/Src/stm32f4xx_hal_dma.c.obj
                0x08003fb0                HAL_DMA_IRQHandler
 .text.DMA_CalcBaseAndBitshift
                0x080042c4       0x6c cmake/stm32cubemx/CMakeFiles/STM32_Drivers.dir/__/__/Drivers/STM32F4xx_HAL_Driver/Src/stm32f4xx_hal_dma.c.obj
 .text.DMA_CheckFifoParam
                0x08004330       0xf8 cmake/stm32cubemx/CMakeFiles/STM32_Drivers.dir/__/__/Drivers/STM32F4xx_HAL_Driver/Src/stm32f4xx_hal_dma.c.obj
 .text.__NVIC_SetPriorityGrouping
                0x08004428       0x48 cmake/stm32cubemx/CMakeFiles/STM32_Drivers.dir/__/__/Drivers/STM32F4xx_HAL_Driver/Src/stm32f4xx_hal_cortex.c.obj
 .text.__NVIC_GetPriorityGrouping
                0x08004470       0x1c cmake/stm32cubemx/CMakeFiles/STM32_Drivers.dir/__/__/Drivers/STM32F4xx_HAL_Driver/Src/stm32f4xx_hal_cortex.c.obj
 .text.__NVIC_EnableIRQ
                0x0800448c       0x3c cmake/stm32cubemx/CMakeFiles/STM32_Drivers.dir/__/__/Drivers/STM32F4xx_HAL_Driver/Src/stm32f4xx_hal_cortex.c.obj
 .text.__NVIC_SetPriority
                0x080044c8       0x54 cmake/stm32cubemx/CMakeFiles/STM32_Drivers.dir/__/__/Drivers/STM32F4xx_HAL_Driver/Src/stm32f4xx_hal_cortex.c.obj
 .text.NVIC_EncodePriority
                0x0800451c       0x66 cmake/stm32cubemx/CMakeFiles/STM32_Drivers.dir/__/__/Drivers/STM32F4xx_HAL_Driver/Src/stm32f4xx_hal_cortex.c.obj
 *fill*         0x08004582        0x2 
 .text.SysTick_Config
                0x08004584       0x44 cmake/stm32cubemx/CMakeFiles/STM32_Drivers.dir/__/__/Drivers/STM32F4xx_HAL_Driver/Src/stm32f4xx_hal_cortex.c.obj
 .text.HAL_NVIC_SetPriorityGrouping
                0x080045c8       0x16 cmake/stm32cubemx/CMakeFiles/STM32_Drivers.dir/__/__/Drivers/STM32F4xx_HAL_Driver/Src/stm32f4xx_hal_cortex.c.obj
                0x080045c8                HAL_NVIC_SetPriorityGrouping
 .text.HAL_NVIC_SetPriority
                0x080045de       0x38 cmake/stm32cubemx/CMakeFiles/STM32_Drivers.dir/__/__/Drivers/STM32F4xx_HAL_Driver/Src/stm32f4xx_hal_cortex.c.obj
                0x080045de                HAL_NVIC_SetPriority
 .text.HAL_NVIC_EnableIRQ
                0x08004616       0x1c cmake/stm32cubemx/CMakeFiles/STM32_Drivers.dir/__/__/Drivers/STM32F4xx_HAL_Driver/Src/stm32f4xx_hal_cortex.c.obj
                0x08004616                HAL_NVIC_EnableIRQ
 .text.HAL_SYSTICK_Config
                0x08004632       0x18 cmake/stm32cubemx/CMakeFiles/STM32_Drivers.dir/__/__/Drivers/STM32F4xx_HAL_Driver/Src/stm32f4xx_hal_cortex.c.obj
                0x08004632                HAL_SYSTICK_Config
 *fill*         0x0800464a        0x2 
 .text.HAL_Init
                0x0800464c       0x44 cmake/stm32cubemx/CMakeFiles/STM32_Drivers.dir/__/__/Drivers/STM32F4xx_HAL_Driver/Src/stm32f4xx_hal.c.obj
                0x0800464c                HAL_Init
 .text.HAL_InitTick
                0x08004690       0x60 cmake/stm32cubemx/CMakeFiles/STM32_Drivers.dir/__/__/Drivers/STM32F4xx_HAL_Driver/Src/stm32f4xx_hal.c.obj
                0x08004690                HAL_InitTick
 .text.HAL_IncTick
                0x080046f0       0x28 cmake/stm32cubemx/CMakeFiles/STM32_Drivers.dir/__/__/Drivers/STM32F4xx_HAL_Driver/Src/stm32f4xx_hal.c.obj
                0x080046f0                HAL_IncTick
 .text.HAL_GetTick
                0x08004718       0x18 cmake/stm32cubemx/CMakeFiles/STM32_Drivers.dir/__/__/Drivers/STM32F4xx_HAL_Driver/Src/stm32f4xx_hal.c.obj
                0x08004718                HAL_GetTick
 .text.HAL_Delay
                0x08004730       0x48 cmake/stm32cubemx/CMakeFiles/STM32_Drivers.dir/__/__/Drivers/STM32F4xx_HAL_Driver/Src/stm32f4xx_hal.c.obj
                0x08004730                HAL_Delay
 .text.HAL_DCMI_Init
                0x08004778       0xda cmake/stm32cubemx/CMakeFiles/STM32_Drivers.dir/__/__/Drivers/STM32F4xx_HAL_Driver/Src/stm32f4xx_hal_dcmi_ex.c.obj
                0x08004778                HAL_DCMI_Init
 *fill*         0x08004852        0x2 
 .text.HAL_ETH_Init
                0x08004854      0x138 cmake/stm32cubemx/CMakeFiles/STM32_Drivers.dir/__/__/Drivers/STM32F4xx_HAL_Driver/Src/stm32f4xx_hal_eth.c.obj
                0x08004854                HAL_ETH_Init
 .text.ETH_SetMACConfig
                0x0800498c      0x168 cmake/stm32cubemx/CMakeFiles/STM32_Drivers.dir/__/__/Drivers/STM32F4xx_HAL_Driver/Src/stm32f4xx_hal_eth.c.obj
 .text.ETH_SetDMAConfig
                0x08004af4      0x114 cmake/stm32cubemx/CMakeFiles/STM32_Drivers.dir/__/__/Drivers/STM32F4xx_HAL_Driver/Src/stm32f4xx_hal_eth.c.obj
 .text.ETH_MACDMAConfig
                0x08004c08       0xea cmake/stm32cubemx/CMakeFiles/STM32_Drivers.dir/__/__/Drivers/STM32F4xx_HAL_Driver/Src/stm32f4xx_hal_eth.c.obj
 *fill*         0x08004cf2        0x2 
 .text.ETH_MACAddressConfig
                0x08004cf4       0x70 cmake/stm32cubemx/CMakeFiles/STM32_Drivers.dir/__/__/Drivers/STM32F4xx_HAL_Driver/Src/stm32f4xx_hal_eth.c.obj
 .text.ETH_DMATxDescListInit
                0x08004d64       0xb2 cmake/stm32cubemx/CMakeFiles/STM32_Drivers.dir/__/__/Drivers/STM32F4xx_HAL_Driver/Src/stm32f4xx_hal_eth.c.obj
 .text.ETH_DMARxDescListInit
                0x08004e16       0xde cmake/stm32cubemx/CMakeFiles/STM32_Drivers.dir/__/__/Drivers/STM32F4xx_HAL_Driver/Src/stm32f4xx_hal_eth.c.obj
 .text.HAL_I2C_Init
                0x08004ef4      0x288 cmake/stm32cubemx/CMakeFiles/STM32_Drivers.dir/__/__/Drivers/STM32F4xx_HAL_Driver/Src/stm32f4xx_hal_i2c.c.obj
                0x08004ef4                HAL_I2C_Init
 .text.HAL_I2C_Mem_Write
                0x0800517c      0x1f4 cmake/stm32cubemx/CMakeFiles/STM32_Drivers.dir/__/__/Drivers/STM32F4xx_HAL_Driver/Src/stm32f4xx_hal_i2c.c.obj
                0x0800517c                HAL_I2C_Mem_Write
 .text.I2C_RequestMemoryWrite
                0x08005370      0x12c cmake/stm32cubemx/CMakeFiles/STM32_Drivers.dir/__/__/Drivers/STM32F4xx_HAL_Driver/Src/stm32f4xx_hal_i2c.c.obj
 .text.I2C_WaitOnFlagUntilTimeout
                0x0800549c       0xf4 cmake/stm32cubemx/CMakeFiles/STM32_Drivers.dir/__/__/Drivers/STM32F4xx_HAL_Driver/Src/stm32f4xx_hal_i2c.c.obj
 .text.I2C_WaitOnMasterAddressFlagUntilTimeout
                0x08005590      0x140 cmake/stm32cubemx/CMakeFiles/STM32_Drivers.dir/__/__/Drivers/STM32F4xx_HAL_Driver/Src/stm32f4xx_hal_i2c.c.obj
 .text.I2C_WaitOnTXEFlagUntilTimeout
                0x080056d0       0x90 cmake/stm32cubemx/CMakeFiles/STM32_Drivers.dir/__/__/Drivers/STM32F4xx_HAL_Driver/Src/stm32f4xx_hal_i2c.c.obj
 .text.I2C_WaitOnBTFFlagUntilTimeout
                0x08005760       0x90 cmake/stm32cubemx/CMakeFiles/STM32_Drivers.dir/__/__/Drivers/STM32F4xx_HAL_Driver/Src/stm32f4xx_hal_i2c.c.obj
 .text.I2C_IsAcknowledgeFailed
                0x080057f0       0x5e cmake/stm32cubemx/CMakeFiles/STM32_Drivers.dir/__/__/Drivers/STM32F4xx_HAL_Driver/Src/stm32f4xx_hal_i2c.c.obj
 .text.HAL_I2CEx_ConfigAnalogFilter
                0x0800584e       0x78 cmake/stm32cubemx/CMakeFiles/STM32_Drivers.dir/__/__/Drivers/STM32F4xx_HAL_Driver/Src/stm32f4xx_hal_i2c_ex.c.obj
                0x0800584e                HAL_I2CEx_ConfigAnalogFilter
 .text.HAL_I2CEx_ConfigDigitalFilter
                0x080058c6       0x7e cmake/stm32cubemx/CMakeFiles/STM32_Drivers.dir/__/__/Drivers/STM32F4xx_HAL_Driver/Src/stm32f4xx_hal_i2c_ex.c.obj
                0x080058c6                HAL_I2CEx_ConfigDigitalFilter
 .text.HAL_UART_Init
                0x08005944       0xa0 cmake/stm32cubemx/CMakeFiles/STM32_Drivers.dir/__/__/Drivers/STM32F4xx_HAL_Driver/Src/stm32f4xx_hal_uart.c.obj
                0x08005944                HAL_UART_Init
 .text.UART_SetConfig
                0x080059e4      0x4e8 cmake/stm32cubemx/CMakeFiles/STM32_Drivers.dir/__/__/Drivers/STM32F4xx_HAL_Driver/Src/stm32f4xx_hal_uart.c.obj
 .text.USBD_Init
                0x08005ecc       0x60 cmake/stm32cubemx/CMakeFiles/USB_Device_Library.dir/__/__/Middlewares/ST/STM32_USB_Device_Library/Core/Src/usbd_core.c.obj
                0x08005ecc                USBD_Init
 .text.USBD_RegisterClass
                0x08005f2c       0x6c cmake/stm32cubemx/CMakeFiles/USB_Device_Library.dir/__/__/Middlewares/ST/STM32_USB_Device_Library/Core/Src/usbd_core.c.obj
                0x08005f2c                USBD_RegisterClass
 .text.USBD_Start
                0x08005f98       0x18 cmake/stm32cubemx/CMakeFiles/USB_Device_Library.dir/__/__/Middlewares/ST/STM32_USB_Device_Library/Core/Src/usbd_core.c.obj
                0x08005f98                USBD_Start
 .text.USBD_RunTestMode
                0x08005fb0       0x16 cmake/stm32cubemx/CMakeFiles/USB_Device_Library.dir/__/__/Middlewares/ST/STM32_USB_Device_Library/Core/Src/usbd_core.c.obj
                0x08005fb0                USBD_RunTestMode
 .text.USBD_SetClassConfig
                0x08005fc6       0x38 cmake/stm32cubemx/CMakeFiles/USB_Device_Library.dir/__/__/Middlewares/ST/STM32_USB_Device_Library/Core/Src/usbd_core.c.obj
                0x08005fc6                USBD_SetClassConfig
 .text.USBD_ClrClassConfig
                0x08005ffe       0x34 cmake/stm32cubemx/CMakeFiles/USB_Device_Library.dir/__/__/Middlewares/ST/STM32_USB_Device_Library/Core/Src/usbd_core.c.obj
                0x08005ffe                USBD_ClrClassConfig
 .text.USBD_LL_SetupStage
                0x08006032       0xaa cmake/stm32cubemx/CMakeFiles/USB_Device_Library.dir/__/__/Middlewares/ST/STM32_USB_Device_Library/Core/Src/usbd_core.c.obj
                0x08006032                USBD_LL_SetupStage
 .text.USBD_LL_DataOutStage
                0x080060dc      0x166 cmake/stm32cubemx/CMakeFiles/USB_Device_Library.dir/__/__/Middlewares/ST/STM32_USB_Device_Library/Core/Src/usbd_core.c.obj
                0x080060dc                USBD_LL_DataOutStage
 .text.USBD_LL_DataInStage
                0x08006242      0x164 cmake/stm32cubemx/CMakeFiles/USB_Device_Library.dir/__/__/Middlewares/ST/STM32_USB_Device_Library/Core/Src/usbd_core.c.obj
                0x08006242                USBD_LL_DataInStage
 .text.USBD_LL_Reset
                0x080063a6       0xa4 cmake/stm32cubemx/CMakeFiles/USB_Device_Library.dir/__/__/Middlewares/ST/STM32_USB_Device_Library/Core/Src/usbd_core.c.obj
                0x080063a6                USBD_LL_Reset
 .text.USBD_LL_SetSpeed
                0x0800644a       0x20 cmake/stm32cubemx/CMakeFiles/USB_Device_Library.dir/__/__/Middlewares/ST/STM32_USB_Device_Library/Core/Src/usbd_core.c.obj
                0x0800644a                USBD_LL_SetSpeed
 .text.USBD_LL_Suspend
                0x0800646a       0x38 cmake/stm32cubemx/CMakeFiles/USB_Device_Library.dir/__/__/Middlewares/ST/STM32_USB_Device_Library/Core/Src/usbd_core.c.obj
                0x0800646a                USBD_LL_Suspend
 .text.USBD_LL_Resume
                0x080064a2       0x30 cmake/stm32cubemx/CMakeFiles/USB_Device_Library.dir/__/__/Middlewares/ST/STM32_USB_Device_Library/Core/Src/usbd_core.c.obj
                0x080064a2                USBD_LL_Resume
 .text.USBD_LL_SOF
                0x080064d2       0x40 cmake/stm32cubemx/CMakeFiles/USB_Device_Library.dir/__/__/Middlewares/ST/STM32_USB_Device_Library/Core/Src/usbd_core.c.obj
                0x080064d2                USBD_LL_SOF
 .text.USBD_LL_IsoINIncomplete
                0x08006512       0x64 cmake/stm32cubemx/CMakeFiles/USB_Device_Library.dir/__/__/Middlewares/ST/STM32_USB_Device_Library/Core/Src/usbd_core.c.obj
                0x08006512                USBD_LL_IsoINIncomplete
 .text.USBD_LL_IsoOUTIncomplete
                0x08006576       0x64 cmake/stm32cubemx/CMakeFiles/USB_Device_Library.dir/__/__/Middlewares/ST/STM32_USB_Device_Library/Core/Src/usbd_core.c.obj
                0x08006576                USBD_LL_IsoOUTIncomplete
 .text.USBD_LL_DevConnected
                0x080065da       0x16 cmake/stm32cubemx/CMakeFiles/USB_Device_Library.dir/__/__/Middlewares/ST/STM32_USB_Device_Library/Core/Src/usbd_core.c.obj
                0x080065da                USBD_LL_DevConnected
 .text.USBD_LL_DevDisconnected
                0x080065f0       0x46 cmake/stm32cubemx/CMakeFiles/USB_Device_Library.dir/__/__/Middlewares/ST/STM32_USB_Device_Library/Core/Src/usbd_core.c.obj
                0x080065f0                USBD_LL_DevDisconnected
 .text.USBD_CoreFindIF
                0x08006636       0x1a cmake/stm32cubemx/CMakeFiles/USB_Device_Library.dir/__/__/Middlewares/ST/STM32_USB_Device_Library/Core/Src/usbd_core.c.obj
                0x08006636                USBD_CoreFindIF
 .text.USBD_CoreFindEP
                0x08006650       0x1a cmake/stm32cubemx/CMakeFiles/USB_Device_Library.dir/__/__/Middlewares/ST/STM32_USB_Device_Library/Core/Src/usbd_core.c.obj
                0x08006650                USBD_CoreFindEP
 .text.USBD_GetEpDesc
                0x0800666a       0x70 cmake/stm32cubemx/CMakeFiles/USB_Device_Library.dir/__/__/Middlewares/ST/STM32_USB_Device_Library/Core/Src/usbd_core.c.obj
                0x0800666a                USBD_GetEpDesc
 .text.USBD_GetNextDesc
                0x080066da       0x38 cmake/stm32cubemx/CMakeFiles/USB_Device_Library.dir/__/__/Middlewares/ST/STM32_USB_Device_Library/Core/Src/usbd_core.c.obj
                0x080066da                USBD_GetNextDesc
 .text.SWAPBYTE
                0x08006712       0x3e cmake/stm32cubemx/CMakeFiles/USB_Device_Library.dir/197333d81b7587277aa101873a1ada28/Core/Src/usbd_ctlreq.c.obj
 .text.USBD_StdDevReq
                0x08006750       0xe4 cmake/stm32cubemx/CMakeFiles/USB_Device_Library.dir/197333d81b7587277aa101873a1ada28/Core/Src/usbd_ctlreq.c.obj
                0x08006750                USBD_StdDevReq
 .text.USBD_StdItfReq
                0x08006834       0xd8 cmake/stm32cubemx/CMakeFiles/USB_Device_Library.dir/197333d81b7587277aa101873a1ada28/Core/Src/usbd_ctlreq.c.obj
                0x08006834                USBD_StdItfReq
 .text.USBD_StdEPReq
                0x0800690c      0x33a cmake/stm32cubemx/CMakeFiles/USB_Device_Library.dir/197333d81b7587277aa101873a1ada28/Core/Src/usbd_ctlreq.c.obj
                0x0800690c                USBD_StdEPReq
 *fill*         0x08006c46        0x2 
 .text.USBD_GetDescriptor
                0x08006c48      0x2d4 cmake/stm32cubemx/CMakeFiles/USB_Device_Library.dir/197333d81b7587277aa101873a1ada28/Core/Src/usbd_ctlreq.c.obj
 .text.USBD_SetAddress
                0x08006f1c       0x88 cmake/stm32cubemx/CMakeFiles/USB_Device_Library.dir/197333d81b7587277aa101873a1ada28/Core/Src/usbd_ctlreq.c.obj
 .text.USBD_SetConfig
                0x08006fa4      0x154 cmake/stm32cubemx/CMakeFiles/USB_Device_Library.dir/197333d81b7587277aa101873a1ada28/Core/Src/usbd_ctlreq.c.obj
 .text.USBD_GetConfig
                0x080070f8       0x6c cmake/stm32cubemx/CMakeFiles/USB_Device_Library.dir/197333d81b7587277aa101873a1ada28/Core/Src/usbd_ctlreq.c.obj
 .text.USBD_GetStatus
                0x08007164       0x68 cmake/stm32cubemx/CMakeFiles/USB_Device_Library.dir/197333d81b7587277aa101873a1ada28/Core/Src/usbd_ctlreq.c.obj
 .text.USBD_SetFeature
                0x080071cc       0x52 cmake/stm32cubemx/CMakeFiles/USB_Device_Library.dir/197333d81b7587277aa101873a1ada28/Core/Src/usbd_ctlreq.c.obj
 .text.USBD_ClrFeature
                0x0800721e       0x44 cmake/stm32cubemx/CMakeFiles/USB_Device_Library.dir/197333d81b7587277aa101873a1ada28/Core/Src/usbd_ctlreq.c.obj
 .text.USBD_ParseSetupRequest
                0x08007262       0x74 cmake/stm32cubemx/CMakeFiles/USB_Device_Library.dir/197333d81b7587277aa101873a1ada28/Core/Src/usbd_ctlreq.c.obj
                0x08007262                USBD_ParseSetupRequest
 .text.USBD_CtlError
                0x080072d6       0x22 cmake/stm32cubemx/CMakeFiles/USB_Device_Library.dir/197333d81b7587277aa101873a1ada28/Core/Src/usbd_ctlreq.c.obj
                0x080072d6                USBD_CtlError
 .text.USBD_GetString
                0x080072f8       0xa4 cmake/stm32cubemx/CMakeFiles/USB_Device_Library.dir/197333d81b7587277aa101873a1ada28/Core/Src/usbd_ctlreq.c.obj
                0x080072f8                USBD_GetString
 .text.USBD_GetLen
                0x0800739c       0x34 cmake/stm32cubemx/CMakeFiles/USB_Device_Library.dir/197333d81b7587277aa101873a1ada28/Core/Src/usbd_ctlreq.c.obj
 .text.USBD_CtlSendData
                0x080073d0       0x36 cmake/stm32cubemx/CMakeFiles/USB_Device_Library.dir/197333d81b7587277aa101873a1ada28/Core/Src/usbd_ioreq.c.obj
                0x080073d0                USBD_CtlSendData
 .text.USBD_CtlContinueSendData
                0x08007406       0x22 cmake/stm32cubemx/CMakeFiles/USB_Device_Library.dir/197333d81b7587277aa101873a1ada28/Core/Src/usbd_ioreq.c.obj
                0x08007406                USBD_CtlContinueSendData
 .text.USBD_CtlPrepareRx
                0x08007428       0x3a cmake/stm32cubemx/CMakeFiles/USB_Device_Library.dir/197333d81b7587277aa101873a1ada28/Core/Src/usbd_ioreq.c.obj
                0x08007428                USBD_CtlPrepareRx
 .text.USBD_CtlContinueRx
                0x08007462       0x22 cmake/stm32cubemx/CMakeFiles/USB_Device_Library.dir/197333d81b7587277aa101873a1ada28/Core/Src/usbd_ioreq.c.obj
                0x08007462                USBD_CtlContinueRx
 .text.USBD_CtlSendStatus
                0x08007484       0x26 cmake/stm32cubemx/CMakeFiles/USB_Device_Library.dir/197333d81b7587277aa101873a1ada28/Core/Src/usbd_ioreq.c.obj
                0x08007484                USBD_CtlSendStatus
 .text.USBD_CtlReceiveStatus
                0x080074aa       0x26 cmake/stm32cubemx/CMakeFiles/USB_Device_Library.dir/197333d81b7587277aa101873a1ada28/Core/Src/usbd_ioreq.c.obj
                0x080074aa                USBD_CtlReceiveStatus
 .text.USBD_CDC_Init
                0x080074d0      0x1f0 cmake/stm32cubemx/CMakeFiles/USB_Device_Library.dir/197333d81b7587277aa101873a1ada28/Class/CDC/Src/usbd_cdc.c.obj
 .text.USBD_CDC_DeInit
                0x080076c0      0x104 cmake/stm32cubemx/CMakeFiles/USB_Device_Library.dir/197333d81b7587277aa101873a1ada28/Class/CDC/Src/usbd_cdc.c.obj
 .text.USBD_CDC_Setup
                0x080077c4      0x1b8 cmake/stm32cubemx/CMakeFiles/USB_Device_Library.dir/197333d81b7587277aa101873a1ada28/Class/CDC/Src/usbd_cdc.c.obj
 .text.USBD_CDC_DataIn
                0x0800797c       0xfe cmake/stm32cubemx/CMakeFiles/USB_Device_Library.dir/197333d81b7587277aa101873a1ada28/Class/CDC/Src/usbd_cdc.c.obj
 .text.USBD_CDC_DataOut
                0x08007a7a       0x70 cmake/stm32cubemx/CMakeFiles/USB_Device_Library.dir/197333d81b7587277aa101873a1ada28/Class/CDC/Src/usbd_cdc.c.obj
 .text.USBD_CDC_EP0_RxReady
                0x08007aea       0x74 cmake/stm32cubemx/CMakeFiles/USB_Device_Library.dir/197333d81b7587277aa101873a1ada28/Class/CDC/Src/usbd_cdc.c.obj
 *fill*         0x08007b5e        0x2 
 .text.USBD_CDC_GetFSCfgDesc
                0x08007b60       0x70 cmake/stm32cubemx/CMakeFiles/USB_Device_Library.dir/197333d81b7587277aa101873a1ada28/Class/CDC/Src/usbd_cdc.c.obj
 .text.USBD_CDC_GetHSCfgDesc
                0x08007bd0       0x70 cmake/stm32cubemx/CMakeFiles/USB_Device_Library.dir/197333d81b7587277aa101873a1ada28/Class/CDC/Src/usbd_cdc.c.obj
 .text.USBD_CDC_GetOtherSpeedCfgDesc
                0x08007c40       0x70 cmake/stm32cubemx/CMakeFiles/USB_Device_Library.dir/197333d81b7587277aa101873a1ada28/Class/CDC/Src/usbd_cdc.c.obj
 .text.USBD_CDC_GetDeviceQualifierDescriptor
                0x08007cb0       0x20 cmake/stm32cubemx/CMakeFiles/USB_Device_Library.dir/197333d81b7587277aa101873a1ada28/Class/CDC/Src/usbd_cdc.c.obj
                0x08007cb0                USBD_CDC_GetDeviceQualifierDescriptor
 .text.USBD_CDC_RegisterInterface
                0x08007cd0       0x34 cmake/stm32cubemx/CMakeFiles/USB_Device_Library.dir/197333d81b7587277aa101873a1ada28/Class/CDC/Src/usbd_cdc.c.obj
                0x08007cd0                USBD_CDC_RegisterInterface
 .text.USBD_CDC_SetTxBuffer
                0x08007d04       0x44 cmake/stm32cubemx/CMakeFiles/USB_Device_Library.dir/197333d81b7587277aa101873a1ada28/Class/CDC/Src/usbd_cdc.c.obj
                0x08007d04                USBD_CDC_SetTxBuffer
 .text.USBD_CDC_SetRxBuffer
                0x08007d48       0x3a cmake/stm32cubemx/CMakeFiles/USB_Device_Library.dir/197333d81b7587277aa101873a1ada28/Class/CDC/Src/usbd_cdc.c.obj
                0x08007d48                USBD_CDC_SetRxBuffer
 *fill*         0x08007d82        0x2 
 .text.USBD_CDC_TransmitPacket
                0x08007d84       0x80 cmake/stm32cubemx/CMakeFiles/USB_Device_Library.dir/197333d81b7587277aa101873a1ada28/Class/CDC/Src/usbd_cdc.c.obj
                0x08007d84                USBD_CDC_TransmitPacket
 .text.USBD_CDC_ReceivePacket
                0x08007e04       0x6c cmake/stm32cubemx/CMakeFiles/USB_Device_Library.dir/197333d81b7587277aa101873a1ada28/Class/CDC/Src/usbd_cdc.c.obj
                0x08007e04                USBD_CDC_ReceivePacket
 .text.HAL_PCD_MspInit
                0x08007e70       0xc4 CMakeFiles/ov7670_new.dir/USB_DEVICE/Target/usbd_conf.c.obj
                0x08007e70                HAL_PCD_MspInit
 .text.HAL_PCD_SetupStageCallback
                0x08007f34       0x24 CMakeFiles/ov7670_new.dir/USB_DEVICE/Target/usbd_conf.c.obj
                0x08007f34                HAL_PCD_SetupStageCallback
 .text.HAL_PCD_DataOutStageCallback
                0x08007f58       0x36 CMakeFiles/ov7670_new.dir/USB_DEVICE/Target/usbd_conf.c.obj
                0x08007f58                HAL_PCD_DataOutStageCallback
 .text.HAL_PCD_DataInStageCallback
                0x08007f8e       0x34 CMakeFiles/ov7670_new.dir/USB_DEVICE/Target/usbd_conf.c.obj
                0x08007f8e                HAL_PCD_DataInStageCallback
 .text.HAL_PCD_SOFCallback
                0x08007fc2       0x1c CMakeFiles/ov7670_new.dir/USB_DEVICE/Target/usbd_conf.c.obj
                0x08007fc2                HAL_PCD_SOFCallback
 .text.HAL_PCD_ResetCallback
                0x08007fde       0x50 CMakeFiles/ov7670_new.dir/USB_DEVICE/Target/usbd_conf.c.obj
                0x08007fde                HAL_PCD_ResetCallback
 *fill*         0x0800802e        0x2 
 .text.HAL_PCD_SuspendCallback
                0x08008030       0x4c CMakeFiles/ov7670_new.dir/USB_DEVICE/Target/usbd_conf.c.obj
                0x08008030                HAL_PCD_SuspendCallback
 .text.HAL_PCD_ResumeCallback
                0x0800807c       0x1c CMakeFiles/ov7670_new.dir/USB_DEVICE/Target/usbd_conf.c.obj
                0x0800807c                HAL_PCD_ResumeCallback
 .text.HAL_PCD_ISOOUTIncompleteCallback
                0x08008098       0x24 CMakeFiles/ov7670_new.dir/USB_DEVICE/Target/usbd_conf.c.obj
                0x08008098                HAL_PCD_ISOOUTIncompleteCallback
 .text.HAL_PCD_ISOINIncompleteCallback
                0x080080bc       0x24 CMakeFiles/ov7670_new.dir/USB_DEVICE/Target/usbd_conf.c.obj
                0x080080bc                HAL_PCD_ISOINIncompleteCallback
 .text.HAL_PCD_ConnectCallback
                0x080080e0       0x1c CMakeFiles/ov7670_new.dir/USB_DEVICE/Target/usbd_conf.c.obj
                0x080080e0                HAL_PCD_ConnectCallback
 .text.HAL_PCD_DisconnectCallback
                0x080080fc       0x1c CMakeFiles/ov7670_new.dir/USB_DEVICE/Target/usbd_conf.c.obj
                0x080080fc                HAL_PCD_DisconnectCallback
 .text.USBD_LL_Init
                0x08008118       0x98 CMakeFiles/ov7670_new.dir/USB_DEVICE/Target/usbd_conf.c.obj
                0x08008118                USBD_LL_Init
 .text.USBD_LL_Start
                0x080081b0       0x36 CMakeFiles/ov7670_new.dir/USB_DEVICE/Target/usbd_conf.c.obj
                0x080081b0                USBD_LL_Start
 .text.USBD_LL_OpenEP
                0x080081e6       0x4c CMakeFiles/ov7670_new.dir/USB_DEVICE/Target/usbd_conf.c.obj
                0x080081e6                USBD_LL_OpenEP
 .text.USBD_LL_CloseEP
                0x08008232       0x3e CMakeFiles/ov7670_new.dir/USB_DEVICE/Target/usbd_conf.c.obj
                0x08008232                USBD_LL_CloseEP
 .text.USBD_LL_StallEP
                0x08008270       0x3e CMakeFiles/ov7670_new.dir/USB_DEVICE/Target/usbd_conf.c.obj
                0x08008270                USBD_LL_StallEP
 .text.USBD_LL_ClearStallEP
                0x080082ae       0x3e CMakeFiles/ov7670_new.dir/USB_DEVICE/Target/usbd_conf.c.obj
                0x080082ae                USBD_LL_ClearStallEP
 .text.USBD_LL_IsStallEP
                0x080082ec       0x58 CMakeFiles/ov7670_new.dir/USB_DEVICE/Target/usbd_conf.c.obj
                0x080082ec                USBD_LL_IsStallEP
 .text.USBD_LL_SetUSBAddress
                0x08008344       0x3e CMakeFiles/ov7670_new.dir/USB_DEVICE/Target/usbd_conf.c.obj
                0x08008344                USBD_LL_SetUSBAddress
 .text.USBD_LL_Transmit
                0x08008382       0x42 CMakeFiles/ov7670_new.dir/USB_DEVICE/Target/usbd_conf.c.obj
                0x08008382                USBD_LL_Transmit
 .text.USBD_LL_PrepareReceive
                0x080083c4       0x42 CMakeFiles/ov7670_new.dir/USB_DEVICE/Target/usbd_conf.c.obj
                0x080083c4                USBD_LL_PrepareReceive
 .text.USBD_LL_GetRxDataSize
                0x08008406       0x26 CMakeFiles/ov7670_new.dir/USB_DEVICE/Target/usbd_conf.c.obj
                0x08008406                USBD_LL_GetRxDataSize
 .text.USBD_static_malloc
                0x0800842c       0x1c CMakeFiles/ov7670_new.dir/USB_DEVICE/Target/usbd_conf.c.obj
                0x0800842c                USBD_static_malloc
 .text.USBD_static_free
                0x08008448       0x14 CMakeFiles/ov7670_new.dir/USB_DEVICE/Target/usbd_conf.c.obj
                0x08008448                USBD_static_free
 .text.USBD_Get_USB_Status
                0x0800845c       0x58 CMakeFiles/ov7670_new.dir/USB_DEVICE/Target/usbd_conf.c.obj
                0x0800845c                USBD_Get_USB_Status
 .text.MX_USB_DEVICE_Init
                0x080084b4       0x60 CMakeFiles/ov7670_new.dir/USB_DEVICE/App/usb_device.c.obj
                0x080084b4                MX_USB_DEVICE_Init
 .text.USBD_FS_DeviceDescriptor
                0x08008514       0x24 CMakeFiles/ov7670_new.dir/USB_DEVICE/App/usbd_desc.c.obj
                0x08008514                USBD_FS_DeviceDescriptor
 .text.USBD_FS_LangIDStrDescriptor
                0x08008538       0x24 CMakeFiles/ov7670_new.dir/USB_DEVICE/App/usbd_desc.c.obj
                0x08008538                USBD_FS_LangIDStrDescriptor
 .text.USBD_FS_ProductStrDescriptor
                0x0800855c       0x3c CMakeFiles/ov7670_new.dir/USB_DEVICE/App/usbd_desc.c.obj
                0x0800855c                USBD_FS_ProductStrDescriptor
 .text.USBD_FS_ManufacturerStrDescriptor
                0x08008598       0x28 CMakeFiles/ov7670_new.dir/USB_DEVICE/App/usbd_desc.c.obj
                0x08008598                USBD_FS_ManufacturerStrDescriptor
 .text.USBD_FS_SerialStrDescriptor
                0x080085c0       0x24 CMakeFiles/ov7670_new.dir/USB_DEVICE/App/usbd_desc.c.obj
                0x080085c0                USBD_FS_SerialStrDescriptor
 .text.USBD_FS_ConfigStrDescriptor
                0x080085e4       0x3c CMakeFiles/ov7670_new.dir/USB_DEVICE/App/usbd_desc.c.obj
                0x080085e4                USBD_FS_ConfigStrDescriptor
 .text.USBD_FS_InterfaceStrDescriptor
                0x08008620       0x3c CMakeFiles/ov7670_new.dir/USB_DEVICE/App/usbd_desc.c.obj
                0x08008620                USBD_FS_InterfaceStrDescriptor
 .text.Get_SerialNum
                0x0800865c       0x58 CMakeFiles/ov7670_new.dir/USB_DEVICE/App/usbd_desc.c.obj
 .text.IntToUnicode
                0x080086b4       0x7e CMakeFiles/ov7670_new.dir/USB_DEVICE/App/usbd_desc.c.obj
 *fill*         0x08008732        0x2 
 .text.CDC_Init_FS
                0x08008734       0x28 CMakeFiles/ov7670_new.dir/USB_DEVICE/App/usbd_cdc_if.c.obj
 .text.CDC_DeInit_FS
                0x0800875c       0x10 CMakeFiles/ov7670_new.dir/USB_DEVICE/App/usbd_cdc_if.c.obj
 .text.CDC_Control_FS
                0x0800876c       0xbc CMakeFiles/ov7670_new.dir/USB_DEVICE/App/usbd_cdc_if.c.obj
 .text.CDC_Receive_FS
                0x08008828       0x28 CMakeFiles/ov7670_new.dir/USB_DEVICE/App/usbd_cdc_if.c.obj
 .text.CDC_Transmit_FS
                0x08008850       0x4c CMakeFiles/ov7670_new.dir/USB_DEVICE/App/usbd_cdc_if.c.obj
                0x08008850                CDC_Transmit_FS
 .text.CDC_TransmitCplt_FS
                0x0800889c       0x22 CMakeFiles/ov7670_new.dir/USB_DEVICE/App/usbd_cdc_if.c.obj
 *fill*         0x080088be        0x2 
 .text.main     0x080088c0       0x68 CMakeFiles/ov7670_new.dir/Core/Src/main.c.obj
                0x080088c0                main
 .text.SystemClock_Config
                0x08008928       0xe4 CMakeFiles/ov7670_new.dir/Core/Src/main.c.obj
                0x08008928                SystemClock_Config
 .text.MX_DCMI_Init
                0x08008a0c       0x50 CMakeFiles/ov7670_new.dir/Core/Src/main.c.obj
 .text.MX_ETH_Init
                0x08008a5c       0x9c CMakeFiles/ov7670_new.dir/Core/Src/main.c.obj
 .text.MX_I2C2_Init
                0x08008af8       0x80 CMakeFiles/ov7670_new.dir/Core/Src/main.c.obj
 .text.MX_USART3_UART_Init
                0x08008b78       0x54 CMakeFiles/ov7670_new.dir/Core/Src/main.c.obj
 .text.MX_DMA_Init
                0x08008bcc       0x40 CMakeFiles/ov7670_new.dir/Core/Src/main.c.obj
 .text.MX_GPIO_Init
                0x08008c0c      0x1b8 CMakeFiles/ov7670_new.dir/Core/Src/main.c.obj
 .text.MX_MCO1_Config
                0x08008dc4       0x12 CMakeFiles/ov7670_new.dir/Core/Src/main.c.obj
                0x08008dc4                MX_MCO1_Config
 .text.Error_Handler
                0x08008dd6        0xc CMakeFiles/ov7670_new.dir/Core/Src/main.c.obj
                0x08008dd6                Error_Handler
 .text.NMI_Handler
                0x08008de2        0x8 CMakeFiles/ov7670_new.dir/Core/Src/stm32f4xx_it.c.obj
                0x08008de2                NMI_Handler
 .text.HardFault_Handler
                0x08008dea        0x8 CMakeFiles/ov7670_new.dir/Core/Src/stm32f4xx_it.c.obj
                0x08008dea                HardFault_Handler
 .text.MemManage_Handler
                0x08008df2        0x8 CMakeFiles/ov7670_new.dir/Core/Src/stm32f4xx_it.c.obj
                0x08008df2                MemManage_Handler
 .text.BusFault_Handler
                0x08008dfa        0x8 CMakeFiles/ov7670_new.dir/Core/Src/stm32f4xx_it.c.obj
                0x08008dfa                BusFault_Handler
 .text.UsageFault_Handler
                0x08008e02        0x8 CMakeFiles/ov7670_new.dir/Core/Src/stm32f4xx_it.c.obj
                0x08008e02                UsageFault_Handler
 .text.SVC_Handler
                0x08008e0a        0xe CMakeFiles/ov7670_new.dir/Core/Src/stm32f4xx_it.c.obj
                0x08008e0a                SVC_Handler
 .text.DebugMon_Handler
                0x08008e18        0xe CMakeFiles/ov7670_new.dir/Core/Src/stm32f4xx_it.c.obj
                0x08008e18                DebugMon_Handler
 .text.PendSV_Handler
                0x08008e26        0xe CMakeFiles/ov7670_new.dir/Core/Src/stm32f4xx_it.c.obj
                0x08008e26                PendSV_Handler
 .text.SysTick_Handler
                0x08008e34        0xc CMakeFiles/ov7670_new.dir/Core/Src/stm32f4xx_it.c.obj
                0x08008e34                SysTick_Handler
 .text.DMA1_Stream2_IRQHandler
                0x08008e40       0x14 CMakeFiles/ov7670_new.dir/Core/Src/stm32f4xx_it.c.obj
                0x08008e40                DMA1_Stream2_IRQHandler
 .text.OTG_FS_IRQHandler
                0x08008e54       0x14 CMakeFiles/ov7670_new.dir/Core/Src/stm32f4xx_it.c.obj
                0x08008e54                OTG_FS_IRQHandler
 .text.HAL_MspInit
                0x08008e68       0x50 CMakeFiles/ov7670_new.dir/Core/Src/stm32f4xx_hal_msp.c.obj
                0x08008e68                HAL_MspInit
 .text.HAL_DCMI_MspInit
                0x08008eb8      0x194 CMakeFiles/ov7670_new.dir/Core/Src/stm32f4xx_hal_msp.c.obj
                0x08008eb8                HAL_DCMI_MspInit
 .text.HAL_ETH_MspInit
                0x0800904c      0x18c CMakeFiles/ov7670_new.dir/Core/Src/stm32f4xx_hal_msp.c.obj
                0x0800904c                HAL_ETH_MspInit
 .text.HAL_I2C_MspInit
                0x080091d8       0xf4 CMakeFiles/ov7670_new.dir/Core/Src/stm32f4xx_hal_msp.c.obj
                0x080091d8                HAL_I2C_MspInit
 .text.HAL_UART_MspInit
                0x080092cc       0x90 CMakeFiles/ov7670_new.dir/Core/Src/stm32f4xx_hal_msp.c.obj
                0x080092cc                HAL_UART_MspInit
 .text.Reset_Handler
                0x0800935c       0x50 CMakeFiles/ov7670_new.dir/startup_stm32f439xx.s.obj
                0x0800935c                Reset_Handler
 .text.Default_Handler
                0x080093ac        0x2 CMakeFiles/ov7670_new.dir/startup_stm32f439xx.s.obj
                0x080093ac                RTC_Alarm_IRQHandler
                0x080093ac                HASH_RNG_IRQHandler
                0x080093ac                EXTI2_IRQHandler
                0x080093ac                TIM8_CC_IRQHandler
                0x080093ac                UART8_IRQHandler
                0x080093ac                SPI4_IRQHandler
                0x080093ac                TIM1_CC_IRQHandler
                0x080093ac                DMA2_Stream5_IRQHandler
                0x080093ac                DMA1_Stream5_IRQHandler
                0x080093ac                PVD_IRQHandler
                0x080093ac                SDIO_IRQHandler
                0x080093ac                TAMP_STAMP_IRQHandler
                0x080093ac                CAN2_RX1_IRQHandler
                0x080093ac                EXTI3_IRQHandler
                0x080093ac                TIM8_TRG_COM_TIM14_IRQHandler
                0x080093ac                TIM1_UP_TIM10_IRQHandler
                0x080093ac                TIM8_UP_TIM13_IRQHandler
                0x080093ac                I2C3_ER_IRQHandler
                0x080093ac                EXTI0_IRQHandler
                0x080093ac                I2C2_EV_IRQHandler
                0x080093ac                CAN1_RX0_IRQHandler
                0x080093ac                FPU_IRQHandler
                0x080093ac                OTG_HS_WKUP_IRQHandler
                0x080093ac                LTDC_ER_IRQHandler
                0x080093ac                CAN2_SCE_IRQHandler
                0x080093ac                DMA2_Stream2_IRQHandler
                0x080093ac                SPI1_IRQHandler
                0x080093ac                TIM6_DAC_IRQHandler
                0x080093ac                TIM1_BRK_TIM9_IRQHandler
                0x080093ac                DCMI_IRQHandler
                0x080093ac                CAN2_RX0_IRQHandler
                0x080093ac                DMA2_Stream3_IRQHandler
                0x080093ac                USART6_IRQHandler
                0x080093ac                USART3_IRQHandler
                0x080093ac                CRYP_IRQHandler
                0x080093ac                CAN1_RX1_IRQHandler
                0x080093ac                UART5_IRQHandler
                0x080093ac                DMA2_Stream0_IRQHandler
                0x080093ac                TIM4_IRQHandler
                0x080093ac                I2C1_EV_IRQHandler
                0x080093ac                DMA1_Stream6_IRQHandler
                0x080093ac                DMA1_Stream1_IRQHandler
                0x080093ac                UART4_IRQHandler
                0x080093ac                TIM3_IRQHandler
                0x080093ac                RCC_IRQHandler
                0x080093ac                TIM8_BRK_TIM12_IRQHandler
                0x080093ac                Default_Handler
                0x080093ac                EXTI15_10_IRQHandler
                0x080093ac                ADC_IRQHandler
                0x080093ac                DMA1_Stream7_IRQHandler
                0x080093ac                SPI5_IRQHandler
                0x080093ac                TIM7_IRQHandler
                0x080093ac                CAN2_TX_IRQHandler
                0x080093ac                TIM5_IRQHandler
                0x080093ac                DMA2_Stream7_IRQHandler
                0x080093ac                I2C3_EV_IRQHandler
                0x080093ac                EXTI9_5_IRQHandler
                0x080093ac                RTC_WKUP_IRQHandler
                0x080093ac                LTDC_IRQHandler
                0x080093ac                ETH_WKUP_IRQHandler
                0x080093ac                SPI2_IRQHandler
                0x080093ac                OTG_HS_EP1_IN_IRQHandler
                0x080093ac                DMA1_Stream0_IRQHandler
                0x080093ac                CAN1_TX_IRQHandler
                0x080093ac                EXTI4_IRQHandler
                0x080093ac                ETH_IRQHandler
                0x080093ac                OTG_HS_EP1_OUT_IRQHandler
                0x080093ac                WWDG_IRQHandler
                0x080093ac                SPI6_IRQHandler
                0x080093ac                TIM2_IRQHandler
                0x080093ac                OTG_FS_WKUP_IRQHandler
                0x080093ac                TIM1_TRG_COM_TIM11_IRQHandler
                0x080093ac                OTG_HS_IRQHandler
                0x080093ac                DMA2D_IRQHandler
                0x080093ac                EXTI1_IRQHandler
                0x080093ac                UART7_IRQHandler
                0x080093ac                USART2_IRQHandler
                0x080093ac                I2C2_ER_IRQHandler
                0x080093ac                DMA2_Stream1_IRQHandler
                0x080093ac                CAN1_SCE_IRQHandler
                0x080093ac                FLASH_IRQHandler
                0x080093ac                DMA2_Stream4_IRQHandler
                0x080093ac                USART1_IRQHandler
                0x080093ac                SPI3_IRQHandler
                0x080093ac                DMA1_Stream4_IRQHandler
                0x080093ac                I2C1_ER_IRQHandler
                0x080093ac                FMC_IRQHandler
                0x080093ac                DMA2_Stream6_IRQHandler
                0x080093ac                SAI1_IRQHandler
                0x080093ac                DMA1_Stream3_IRQHandler
 .text.ov7670_write
                0x080093ae       0x38 CMakeFiles/ov7670_new.dir/Core/Src/ov7670.c.obj
 .text.ov7670_init
                0x080093e6       0x98 CMakeFiles/ov7670_new.dir/Core/Src/ov7670.c.obj
                0x080093e6                ov7670_init
 *(.glue_7)
 .glue_7        0x0800947e        0x0 linker stubs
 *(.glue_7t)
 .glue_7t       0x0800947e        0x0 linker stubs
 *(.eh_frame)
 *fill*         0x0800947e        0x2 
 .eh_frame      0x08009480        0x0 C:/ST/STM32CubeCLT_1.18.0/GNU-tools-for-STM32/bin/../lib/gcc/arm-none-eabi/13.3.1/thumb/v7e-m+fp/hard/crtbegin.o
 *(.init)
 .init          0x08009480        0x4 C:/ST/STM32CubeCLT_1.18.0/GNU-tools-for-STM32/bin/../lib/gcc/arm-none-eabi/13.3.1/thumb/v7e-m+fp/hard/crti.o
                0x08009480                _init
 .init          0x08009484        0x8 C:/ST/STM32CubeCLT_1.18.0/GNU-tools-for-STM32/bin/../lib/gcc/arm-none-eabi/13.3.1/thumb/v7e-m+fp/hard/crtn.o
 *(.fini)
 .fini          0x0800948c        0x4 C:/ST/STM32CubeCLT_1.18.0/GNU-tools-for-STM32/bin/../lib/gcc/arm-none-eabi/13.3.1/thumb/v7e-m+fp/hard/crti.o
                0x0800948c                _fini
 .fini          0x08009490        0x8 C:/ST/STM32CubeCLT_1.18.0/GNU-tools-for-STM32/bin/../lib/gcc/arm-none-eabi/13.3.1/thumb/v7e-m+fp/hard/crtn.o
                0x08009498                        . = ALIGN (0x4)
                0x08009498                        _etext = .

.vfp11_veneer   0x08009498        0x0
 .vfp11_veneer  0x08009498        0x0 linker stubs

.v4_bx          0x08009498        0x0
 .v4_bx         0x08009498        0x0 linker stubs

.iplt           0x08009498        0x0
 .iplt          0x08009498        0x0 C:/ST/STM32CubeCLT_1.18.0/GNU-tools-for-STM32/bin/../lib/gcc/arm-none-eabi/13.3.1/thumb/v7e-m+fp/hard/crtbegin.o

.rodata         0x08009498       0x7c
                0x08009498                        . = ALIGN (0x4)
 *(.rodata)
 .rodata        0x08009498       0x46 CMakeFiles/ov7670_new.dir/USB_DEVICE/App/usbd_desc.c.obj
 *fill*         0x080094de        0x2 
 .rodata        0x080094e0       0x13 CMakeFiles/ov7670_new.dir/Core/Src/main.c.obj
 *(.rodata*)
 *fill*         0x080094f3        0x1 
 .rodata.AHBPrescTable
                0x080094f4       0x10 cmake/stm32cubemx/CMakeFiles/STM32_Drivers.dir/__/__/Core/Src/system_stm32f4xx.c.obj
                0x080094f4                AHBPrescTable
 .rodata.APBPrescTable
                0x08009504        0x8 cmake/stm32cubemx/CMakeFiles/STM32_Drivers.dir/__/__/Core/Src/system_stm32f4xx.c.obj
                0x08009504                APBPrescTable
 .rodata.flagBitshiftOffset.0
                0x0800950c        0x8 cmake/stm32cubemx/CMakeFiles/STM32_Drivers.dir/__/__/Drivers/STM32F4xx_HAL_Driver/Src/stm32f4xx_hal_dma.c.obj
                0x08009514                        . = ALIGN (0x4)

.ARM.extab      0x08009514        0x0
                0x08009514                        . = ALIGN (0x4)
 *(.ARM.extab* .gnu.linkonce.armextab.*)
                0x08009514                        . = ALIGN (0x4)

.ARM            0x08009514        0x8
                0x08009514                        . = ALIGN (0x4)
                0x08009514                        __exidx_start = .
 *(.ARM.exidx*)
 .ARM.exidx     0x08009514        0x8 C:/ST/STM32CubeCLT_1.18.0/GNU-tools-for-STM32/bin/../lib/gcc/arm-none-eabi/13.3.1/thumb/v7e-m+fp/hard\libgcc.a(_udivmoddi4.o)
                0x0800951c                        __exidx_end = .
                0x0800951c                        . = ALIGN (0x4)

.preinit_array  0x0800951c        0x0
                0x0800951c                        . = ALIGN (0x4)
                0x0800951c                        PROVIDE (__preinit_array_start = .)
 *(.preinit_array*)
                0x0800951c                        PROVIDE (__preinit_array_end = .)
                0x0800951c                        . = ALIGN (0x4)

.init_array     0x0800951c        0x4
                0x0800951c                        . = ALIGN (0x4)
                0x0800951c                        PROVIDE (__init_array_start = .)
 *(SORT_BY_NAME(.init_array.*))
 *(.init_array*)
 .init_array    0x0800951c        0x4 C:/ST/STM32CubeCLT_1.18.0/GNU-tools-for-STM32/bin/../lib/gcc/arm-none-eabi/13.3.1/thumb/v7e-m+fp/hard/crtbegin.o
                0x08009520                        PROVIDE (__init_array_end = .)
                0x08009520                        . = ALIGN (0x4)

.fini_array     0x08009520        0x4
                0x08009520                        . = ALIGN (0x4)
                [!provide]                        PROVIDE (__fini_array_start = .)
 *(SORT_BY_NAME(.fini_array.*))
 *(.fini_array*)
 .fini_array    0x08009520        0x4 C:/ST/STM32CubeCLT_1.18.0/GNU-tools-for-STM32/bin/../lib/gcc/arm-none-eabi/13.3.1/thumb/v7e-m+fp/hard/crtbegin.o
                [!provide]                        PROVIDE (__fini_array_end = .)
                0x08009524                        . = ALIGN (0x4)
                0x08009524                        _sidata = LOADADDR (.data)

.rel.dyn        0x08009524        0x0
 .rel.iplt      0x08009524        0x0 C:/ST/STM32CubeCLT_1.18.0/GNU-tools-for-STM32/bin/../lib/gcc/arm-none-eabi/13.3.1/thumb/v7e-m+fp/hard/crtbegin.o

.data           0x20000000       0xfc load address 0x08009524
                0x20000000                        . = ALIGN (0x4)
                0x20000000                        _sdata = .
 *(.data)
 *(.data*)
 .data.SystemCoreClock
                0x20000000        0x4 cmake/stm32cubemx/CMakeFiles/STM32_Drivers.dir/__/__/Core/Src/system_stm32f4xx.c.obj
                0x20000000                SystemCoreClock
 .data.uwTickPrio
                0x20000004        0x4 cmake/stm32cubemx/CMakeFiles/STM32_Drivers.dir/__/__/Drivers/STM32F4xx_HAL_Driver/Src/stm32f4xx_hal.c.obj
                0x20000004                uwTickPrio
 .data.uwTickFreq
                0x20000008        0x1 cmake/stm32cubemx/CMakeFiles/STM32_Drivers.dir/__/__/Drivers/STM32F4xx_HAL_Driver/Src/stm32f4xx_hal.c.obj
                0x20000008                uwTickFreq
 *fill*         0x20000009        0x3 
 .data.USBD_CDC_DeviceQualifierDesc
                0x2000000c        0xa cmake/stm32cubemx/CMakeFiles/USB_Device_Library.dir/197333d81b7587277aa101873a1ada28/Class/CDC/Src/usbd_cdc.c.obj
 *fill*         0x20000016        0x2 
 .data.USBD_CDC
                0x20000018       0x38 cmake/stm32cubemx/CMakeFiles/USB_Device_Library.dir/197333d81b7587277aa101873a1ada28/Class/CDC/Src/usbd_cdc.c.obj
                0x20000018                USBD_CDC
 .data.USBD_CDC_CfgDesc
                0x20000050       0x43 cmake/stm32cubemx/CMakeFiles/USB_Device_Library.dir/197333d81b7587277aa101873a1ada28/Class/CDC/Src/usbd_cdc.c.obj
 .data.CDCInEpAdd
                0x20000093        0x1 cmake/stm32cubemx/CMakeFiles/USB_Device_Library.dir/197333d81b7587277aa101873a1ada28/Class/CDC/Src/usbd_cdc.c.obj
 .data.CDCOutEpAdd
                0x20000094        0x1 cmake/stm32cubemx/CMakeFiles/USB_Device_Library.dir/197333d81b7587277aa101873a1ada28/Class/CDC/Src/usbd_cdc.c.obj
 .data.CDCCmdEpAdd
                0x20000095        0x1 cmake/stm32cubemx/CMakeFiles/USB_Device_Library.dir/197333d81b7587277aa101873a1ada28/Class/CDC/Src/usbd_cdc.c.obj
 *fill*         0x20000096        0x2 
 .data.FS_Desc  0x20000098       0x1c CMakeFiles/ov7670_new.dir/USB_DEVICE/App/usbd_desc.c.obj
                0x20000098                FS_Desc
 .data.USBD_FS_DeviceDesc
                0x200000b4       0x12 CMakeFiles/ov7670_new.dir/USB_DEVICE/App/usbd_desc.c.obj
                0x200000b4                USBD_FS_DeviceDesc
 *fill*         0x200000c6        0x2 
 .data.USBD_LangIDDesc
                0x200000c8        0x4 CMakeFiles/ov7670_new.dir/USB_DEVICE/App/usbd_desc.c.obj
                0x200000c8                USBD_LangIDDesc
 .data.USBD_StringSerial
                0x200000cc       0x1a CMakeFiles/ov7670_new.dir/USB_DEVICE/App/usbd_desc.c.obj
                0x200000cc                USBD_StringSerial
 *fill*         0x200000e6        0x2 
 .data.USBD_Interface_fops_FS
                0x200000e8       0x14 CMakeFiles/ov7670_new.dir/USB_DEVICE/App/usbd_cdc_if.c.obj
                0x200000e8                USBD_Interface_fops_FS
 *(.RamFunc)
 *(.RamFunc*)
                0x200000fc                        . = ALIGN (0x4)
                0x200000fc                        _edata = .
                0x08009620                        _siccmram = LOADADDR (.ccmram)

.igot.plt       0x200000fc        0x0 load address 0x08009620
 .igot.plt      0x200000fc        0x0 C:/ST/STM32CubeCLT_1.18.0/GNU-tools-for-STM32/bin/../lib/gcc/arm-none-eabi/13.3.1/thumb/v7e-m+fp/hard/crtbegin.o

.ccmram         0x10000000        0x0 load address 0x08009620
                0x10000000                        . = ALIGN (0x4)
                0x10000000                        _sccmram = .
 *(.ccmram)
 *(.ccmram*)
                0x10000000                        . = ALIGN (0x4)
                0x10000000                        _eccmram = .
                0x10000000                        . = ALIGN (0x4)

.bss            0x200000fc     0x1f70
                0x200000fc                        _sbss = .
                0x200000fc                        __bss_start__ = _sbss
 *(.bss)
 .bss           0x200000fc       0x1c C:/ST/STM32CubeCLT_1.18.0/GNU-tools-for-STM32/bin/../lib/gcc/arm-none-eabi/13.3.1/thumb/v7e-m+fp/hard/crtbegin.o
 *(.bss*)
 .bss.uwTick    0x20000118        0x4 cmake/stm32cubemx/CMakeFiles/STM32_Drivers.dir/__/__/Drivers/STM32F4xx_HAL_Driver/Src/stm32f4xx_hal.c.obj
                0x20000118                uwTick
 .bss.cfgidx.0  0x2000011c        0x1 cmake/stm32cubemx/CMakeFiles/USB_Device_Library.dir/197333d81b7587277aa101873a1ada28/Core/Src/usbd_ctlreq.c.obj
 *fill*         0x2000011d        0x3 
 .bss.hpcd_USB_OTG_FS
                0x20000120      0x4e4 CMakeFiles/ov7670_new.dir/USB_DEVICE/Target/usbd_conf.c.obj
                0x20000120                hpcd_USB_OTG_FS
 .bss.mem.0     0x20000604      0x220 CMakeFiles/ov7670_new.dir/USB_DEVICE/Target/usbd_conf.c.obj
 .bss.hUsbDeviceFS
                0x20000824      0x2dc CMakeFiles/ov7670_new.dir/USB_DEVICE/App/usb_device.c.obj
                0x20000824                hUsbDeviceFS
 .bss.USBD_StrDesc
                0x20000b00      0x200 CMakeFiles/ov7670_new.dir/USB_DEVICE/App/usbd_desc.c.obj
                0x20000b00                USBD_StrDesc
 .bss.UserRxBufferFS
                0x20000d00      0x800 CMakeFiles/ov7670_new.dir/USB_DEVICE/App/usbd_cdc_if.c.obj
                0x20000d00                UserRxBufferFS
 .bss.UserTxBufferFS
                0x20001500      0x800 CMakeFiles/ov7670_new.dir/USB_DEVICE/App/usbd_cdc_if.c.obj
                0x20001500                UserTxBufferFS
 .bss.TxConfig  0x20001d00       0x38 CMakeFiles/ov7670_new.dir/Core/Src/main.c.obj
                0x20001d00                TxConfig
 .bss.DMARxDscrTab
                0x20001d38       0xa0 CMakeFiles/ov7670_new.dir/Core/Src/main.c.obj
                0x20001d38                DMARxDscrTab
 .bss.DMATxDscrTab
                0x20001dd8       0xa0 CMakeFiles/ov7670_new.dir/Core/Src/main.c.obj
                0x20001dd8                DMATxDscrTab
 .bss.hdcmi     0x20001e78       0x40 CMakeFiles/ov7670_new.dir/Core/Src/main.c.obj
                0x20001e78                hdcmi
 .bss.heth      0x20001eb8       0xb0 CMakeFiles/ov7670_new.dir/Core/Src/main.c.obj
                0x20001eb8                heth
 .bss.hi2c2     0x20001f68       0x54 CMakeFiles/ov7670_new.dir/Core/Src/main.c.obj
                0x20001f68                hi2c2
 .bss.hdma_i2c2_rx
                0x20001fbc       0x60 CMakeFiles/ov7670_new.dir/Core/Src/main.c.obj
                0x20001fbc                hdma_i2c2_rx
 .bss.huart3    0x2000201c       0x48 CMakeFiles/ov7670_new.dir/Core/Src/main.c.obj
                0x2000201c                huart3
 .bss.MACAddr.0
                0x20002064        0x6 CMakeFiles/ov7670_new.dir/Core/Src/main.c.obj
 *(COMMON)
                0x2000206c                        . = ALIGN (0x4)
 *fill*         0x2000206a        0x2 
                0x2000206c                        _ebss = .
                0x2000206c                        __bss_end__ = _ebss

._user_heap_stack
                0x2000206c      0x604
                0x20002070                        . = ALIGN (0x8)
 *fill*         0x2000206c        0x4 
                [!provide]                        PROVIDE (end = .)
                0x20002070                        PROVIDE (_end = .)
                0x20002270                        . = (. + _Min_Heap_Size)
 *fill*         0x20002070      0x200 
                0x20002670                        . = (. + _Min_Stack_Size)
 *fill*         0x20002270      0x400 
                0x20002670                        . = ALIGN (0x8)

/DISCARD/
 libc.a(*)
 libm.a(*)
 libgcc.a(*)
OUTPUT(ov7670_new.elf elf32-littlearm)
LOAD linker stubs
LOAD C:/ST/STM32CubeCLT_1.18.0/GNU-tools-for-STM32/bin/../lib/gcc/arm-none-eabi/13.3.1/../../../../arm-none-eabi/lib/thumb/v7e-m+fp/hard\libc.a
LOAD C:/ST/STM32CubeCLT_1.18.0/GNU-tools-for-STM32/bin/../lib/gcc/arm-none-eabi/13.3.1/../../../../arm-none-eabi/lib/thumb/v7e-m+fp/hard\libm.a
LOAD C:/ST/STM32CubeCLT_1.18.0/GNU-tools-for-STM32/bin/../lib/gcc/arm-none-eabi/13.3.1/thumb/v7e-m+fp/hard\libgcc.a

.ARM.attributes
                0x00000000       0x30
 .ARM.attributes
                0x00000000       0x22 C:/ST/STM32CubeCLT_1.18.0/GNU-tools-for-STM32/bin/../lib/gcc/arm-none-eabi/13.3.1/thumb/v7e-m+fp/hard/crti.o
 .ARM.attributes
                0x00000022       0x34 C:/ST/STM32CubeCLT_1.18.0/GNU-tools-for-STM32/bin/../lib/gcc/arm-none-eabi/13.3.1/thumb/v7e-m+fp/hard/crtbegin.o
 .ARM.attributes
                0x00000056       0x34 C:/ST/STM32CubeCLT_1.18.0/GNU-tools-for-STM32/bin/../lib/gcc/arm-none-eabi/13.3.1/../../../../arm-none-eabi/lib/thumb/v7e-m+fp/hard\libc_nano.a(libc_a-memset.o)
 .ARM.attributes
                0x0000008a       0x34 C:/ST/STM32CubeCLT_1.18.0/GNU-tools-for-STM32/bin/../lib/gcc/arm-none-eabi/13.3.1/../../../../arm-none-eabi/lib/thumb/v7e-m+fp/hard\libc_nano.a(libc_a-init.o)
 .ARM.attributes
                0x000000be       0x34 cmake/stm32cubemx/CMakeFiles/STM32_Drivers.dir/__/__/Core/Src/system_stm32f4xx.c.obj
 .ARM.attributes
                0x000000f2       0x34 cmake/stm32cubemx/CMakeFiles/STM32_Drivers.dir/__/__/Drivers/STM32F4xx_HAL_Driver/Src/stm32f4xx_hal_pcd.c.obj
 .ARM.attributes
                0x00000126       0x34 cmake/stm32cubemx/CMakeFiles/STM32_Drivers.dir/__/__/Drivers/STM32F4xx_HAL_Driver/Src/stm32f4xx_hal_pcd_ex.c.obj
 .ARM.attributes
                0x0000015a       0x34 cmake/stm32cubemx/CMakeFiles/STM32_Drivers.dir/__/__/Drivers/STM32F4xx_HAL_Driver/Src/stm32f4xx_ll_usb.c.obj
 .ARM.attributes
                0x0000018e       0x34 cmake/stm32cubemx/CMakeFiles/STM32_Drivers.dir/__/__/Drivers/STM32F4xx_HAL_Driver/Src/stm32f4xx_hal_rcc.c.obj
 .ARM.attributes
                0x000001c2       0x34 cmake/stm32cubemx/CMakeFiles/STM32_Drivers.dir/__/__/Drivers/STM32F4xx_HAL_Driver/Src/stm32f4xx_hal_gpio.c.obj
 .ARM.attributes
                0x000001f6       0x34 cmake/stm32cubemx/CMakeFiles/STM32_Drivers.dir/__/__/Drivers/STM32F4xx_HAL_Driver/Src/stm32f4xx_hal_dma.c.obj
 .ARM.attributes
                0x0000022a       0x34 cmake/stm32cubemx/CMakeFiles/STM32_Drivers.dir/__/__/Drivers/STM32F4xx_HAL_Driver/Src/stm32f4xx_hal_cortex.c.obj
 .ARM.attributes
                0x0000025e       0x34 cmake/stm32cubemx/CMakeFiles/STM32_Drivers.dir/__/__/Drivers/STM32F4xx_HAL_Driver/Src/stm32f4xx_hal.c.obj
 .ARM.attributes
                0x00000292       0x34 cmake/stm32cubemx/CMakeFiles/STM32_Drivers.dir/__/__/Drivers/STM32F4xx_HAL_Driver/Src/stm32f4xx_hal_dcmi_ex.c.obj
 .ARM.attributes
                0x000002c6       0x34 cmake/stm32cubemx/CMakeFiles/STM32_Drivers.dir/__/__/Drivers/STM32F4xx_HAL_Driver/Src/stm32f4xx_hal_eth.c.obj
 .ARM.attributes
                0x000002fa       0x34 cmake/stm32cubemx/CMakeFiles/STM32_Drivers.dir/__/__/Drivers/STM32F4xx_HAL_Driver/Src/stm32f4xx_hal_i2c.c.obj
 .ARM.attributes
                0x0000032e       0x34 cmake/stm32cubemx/CMakeFiles/STM32_Drivers.dir/__/__/Drivers/STM32F4xx_HAL_Driver/Src/stm32f4xx_hal_i2c_ex.c.obj
 .ARM.attributes
                0x00000362       0x34 cmake/stm32cubemx/CMakeFiles/STM32_Drivers.dir/__/__/Drivers/STM32F4xx_HAL_Driver/Src/stm32f4xx_hal_uart.c.obj
 .ARM.attributes
                0x00000396       0x34 cmake/stm32cubemx/CMakeFiles/USB_Device_Library.dir/__/__/Middlewares/ST/STM32_USB_Device_Library/Core/Src/usbd_core.c.obj
 .ARM.attributes
                0x000003ca       0x34 cmake/stm32cubemx/CMakeFiles/USB_Device_Library.dir/197333d81b7587277aa101873a1ada28/Core/Src/usbd_ctlreq.c.obj
 .ARM.attributes
                0x000003fe       0x34 cmake/stm32cubemx/CMakeFiles/USB_Device_Library.dir/197333d81b7587277aa101873a1ada28/Core/Src/usbd_ioreq.c.obj
 .ARM.attributes
                0x00000432       0x34 cmake/stm32cubemx/CMakeFiles/USB_Device_Library.dir/197333d81b7587277aa101873a1ada28/Class/CDC/Src/usbd_cdc.c.obj
 .ARM.attributes
                0x00000466       0x34 CMakeFiles/ov7670_new.dir/USB_DEVICE/Target/usbd_conf.c.obj
 .ARM.attributes
                0x0000049a       0x34 CMakeFiles/ov7670_new.dir/USB_DEVICE/App/usb_device.c.obj
 .ARM.attributes
                0x000004ce       0x34 CMakeFiles/ov7670_new.dir/USB_DEVICE/App/usbd_desc.c.obj
 .ARM.attributes
                0x00000502       0x34 CMakeFiles/ov7670_new.dir/USB_DEVICE/App/usbd_cdc_if.c.obj
 .ARM.attributes
                0x00000536       0x34 CMakeFiles/ov7670_new.dir/Core/Src/main.c.obj
 .ARM.attributes
                0x0000056a       0x34 CMakeFiles/ov7670_new.dir/Core/Src/stm32f4xx_it.c.obj
 .ARM.attributes
                0x0000059e       0x34 CMakeFiles/ov7670_new.dir/Core/Src/stm32f4xx_hal_msp.c.obj
 .ARM.attributes
                0x000005d2       0x21 CMakeFiles/ov7670_new.dir/startup_stm32f439xx.s.obj
 .ARM.attributes
                0x000005f3       0x34 CMakeFiles/ov7670_new.dir/Core/Src/ov7670.c.obj
 .ARM.attributes
                0x00000627       0x22 C:/ST/STM32CubeCLT_1.18.0/GNU-tools-for-STM32/bin/../lib/gcc/arm-none-eabi/13.3.1/thumb/v7e-m+fp/hard\libgcc.a(_aeabi_uldivmod.o)
 .ARM.attributes
                0x00000649       0x34 C:/ST/STM32CubeCLT_1.18.0/GNU-tools-for-STM32/bin/../lib/gcc/arm-none-eabi/13.3.1/thumb/v7e-m+fp/hard\libgcc.a(_udivmoddi4.o)
 .ARM.attributes
                0x0000067d       0x22 C:/ST/STM32CubeCLT_1.18.0/GNU-tools-for-STM32/bin/../lib/gcc/arm-none-eabi/13.3.1/thumb/v7e-m+fp/hard\libgcc.a(_dvmd_tls.o)
 .ARM.attributes
                0x0000069f       0x22 C:/ST/STM32CubeCLT_1.18.0/GNU-tools-for-STM32/bin/../lib/gcc/arm-none-eabi/13.3.1/thumb/v7e-m+fp/hard/crtn.o

.comment        0x00000000       0x43
 .comment       0x00000000       0x43 cmake/stm32cubemx/CMakeFiles/STM32_Drivers.dir/__/__/Core/Src/system_stm32f4xx.c.obj
                                 0x44 (size before relaxing)
 .comment       0x00000043       0x44 cmake/stm32cubemx/CMakeFiles/STM32_Drivers.dir/__/__/Drivers/STM32F4xx_HAL_Driver/Src/stm32f4xx_hal_pcd.c.obj
 .comment       0x00000043       0x44 cmake/stm32cubemx/CMakeFiles/STM32_Drivers.dir/__/__/Drivers/STM32F4xx_HAL_Driver/Src/stm32f4xx_hal_pcd_ex.c.obj
 .comment       0x00000043       0x44 cmake/stm32cubemx/CMakeFiles/STM32_Drivers.dir/__/__/Drivers/STM32F4xx_HAL_Driver/Src/stm32f4xx_ll_usb.c.obj
 .comment       0x00000043       0x44 cmake/stm32cubemx/CMakeFiles/STM32_Drivers.dir/__/__/Drivers/STM32F4xx_HAL_Driver/Src/stm32f4xx_hal_rcc.c.obj
 .comment       0x00000043       0x44 cmake/stm32cubemx/CMakeFiles/STM32_Drivers.dir/__/__/Drivers/STM32F4xx_HAL_Driver/Src/stm32f4xx_hal_gpio.c.obj
 .comment       0x00000043       0x44 cmake/stm32cubemx/CMakeFiles/STM32_Drivers.dir/__/__/Drivers/STM32F4xx_HAL_Driver/Src/stm32f4xx_hal_dma.c.obj
 .comment       0x00000043       0x44 cmake/stm32cubemx/CMakeFiles/STM32_Drivers.dir/__/__/Drivers/STM32F4xx_HAL_Driver/Src/stm32f4xx_hal_cortex.c.obj
 .comment       0x00000043       0x44 cmake/stm32cubemx/CMakeFiles/STM32_Drivers.dir/__/__/Drivers/STM32F4xx_HAL_Driver/Src/stm32f4xx_hal.c.obj
 .comment       0x00000043       0x44 cmake/stm32cubemx/CMakeFiles/STM32_Drivers.dir/__/__/Drivers/STM32F4xx_HAL_Driver/Src/stm32f4xx_hal_dcmi_ex.c.obj
 .comment       0x00000043       0x44 cmake/stm32cubemx/CMakeFiles/STM32_Drivers.dir/__/__/Drivers/STM32F4xx_HAL_Driver/Src/stm32f4xx_hal_eth.c.obj
 .comment       0x00000043       0x44 cmake/stm32cubemx/CMakeFiles/STM32_Drivers.dir/__/__/Drivers/STM32F4xx_HAL_Driver/Src/stm32f4xx_hal_i2c.c.obj
 .comment       0x00000043       0x44 cmake/stm32cubemx/CMakeFiles/STM32_Drivers.dir/__/__/Drivers/STM32F4xx_HAL_Driver/Src/stm32f4xx_hal_i2c_ex.c.obj
 .comment       0x00000043       0x44 cmake/stm32cubemx/CMakeFiles/STM32_Drivers.dir/__/__/Drivers/STM32F4xx_HAL_Driver/Src/stm32f4xx_hal_uart.c.obj
 .comment       0x00000043       0x44 cmake/stm32cubemx/CMakeFiles/USB_Device_Library.dir/__/__/Middlewares/ST/STM32_USB_Device_Library/Core/Src/usbd_core.c.obj
 .comment       0x00000043       0x44 cmake/stm32cubemx/CMakeFiles/USB_Device_Library.dir/197333d81b7587277aa101873a1ada28/Core/Src/usbd_ctlreq.c.obj
 .comment       0x00000043       0x44 cmake/stm32cubemx/CMakeFiles/USB_Device_Library.dir/197333d81b7587277aa101873a1ada28/Core/Src/usbd_ioreq.c.obj
 .comment       0x00000043       0x44 cmake/stm32cubemx/CMakeFiles/USB_Device_Library.dir/197333d81b7587277aa101873a1ada28/Class/CDC/Src/usbd_cdc.c.obj
 .comment       0x00000043       0x44 CMakeFiles/ov7670_new.dir/USB_DEVICE/Target/usbd_conf.c.obj
 .comment       0x00000043       0x44 CMakeFiles/ov7670_new.dir/USB_DEVICE/App/usb_device.c.obj
 .comment       0x00000043       0x44 CMakeFiles/ov7670_new.dir/USB_DEVICE/App/usbd_desc.c.obj
 .comment       0x00000043       0x44 CMakeFiles/ov7670_new.dir/USB_DEVICE/App/usbd_cdc_if.c.obj
 .comment       0x00000043       0x44 CMakeFiles/ov7670_new.dir/Core/Src/main.c.obj
 .comment       0x00000043       0x44 CMakeFiles/ov7670_new.dir/Core/Src/stm32f4xx_it.c.obj
 .comment       0x00000043       0x44 CMakeFiles/ov7670_new.dir/Core/Src/stm32f4xx_hal_msp.c.obj
 .comment       0x00000043       0x44 CMakeFiles/ov7670_new.dir/Core/Src/ov7670.c.obj

.debug_frame    0x00000000     0x50ac
 .debug_frame   0x00000000       0x20 C:/ST/STM32CubeCLT_1.18.0/GNU-tools-for-STM32/bin/../lib/gcc/arm-none-eabi/13.3.1/../../../../arm-none-eabi/lib/thumb/v7e-m+fp/hard\libc_nano.a(libc_a-memset.o)
 .debug_frame   0x00000020       0x2c C:/ST/STM32CubeCLT_1.18.0/GNU-tools-for-STM32/bin/../lib/gcc/arm-none-eabi/13.3.1/../../../../arm-none-eabi/lib/thumb/v7e-m+fp/hard\libc_nano.a(libc_a-init.o)
 .debug_frame   0x0000004c       0x58 cmake/stm32cubemx/CMakeFiles/STM32_Drivers.dir/__/__/Core/Src/system_stm32f4xx.c.obj
 .debug_frame   0x000000a4      0x5b8 cmake/stm32cubemx/CMakeFiles/STM32_Drivers.dir/__/__/Drivers/STM32F4xx_HAL_Driver/Src/stm32f4xx_hal_pcd.c.obj
 .debug_frame   0x0000065c       0xb0 cmake/stm32cubemx/CMakeFiles/STM32_Drivers.dir/__/__/Drivers/STM32F4xx_HAL_Driver/Src/stm32f4xx_hal_pcd_ex.c.obj
 .debug_frame   0x0000070c      0x7c0 cmake/stm32cubemx/CMakeFiles/STM32_Drivers.dir/__/__/Drivers/STM32F4xx_HAL_Driver/Src/stm32f4xx_ll_usb.c.obj
 .debug_frame   0x00000ecc      0x1f4 cmake/stm32cubemx/CMakeFiles/STM32_Drivers.dir/__/__/Drivers/STM32F4xx_HAL_Driver/Src/stm32f4xx_hal_rcc.c.obj
 .debug_frame   0x000010c0      0x14c cmake/stm32cubemx/CMakeFiles/STM32_Drivers.dir/__/__/Drivers/STM32F4xx_HAL_Driver/Src/stm32f4xx_hal_gpio.c.obj
 .debug_frame   0x0000120c      0x250 cmake/stm32cubemx/CMakeFiles/STM32_Drivers.dir/__/__/Drivers/STM32F4xx_HAL_Driver/Src/stm32f4xx_hal_dma.c.obj
 .debug_frame   0x0000145c      0x508 cmake/stm32cubemx/CMakeFiles/STM32_Drivers.dir/__/__/Drivers/STM32F4xx_HAL_Driver/Src/stm32f4xx_hal_cortex.c.obj
 .debug_frame   0x00001964      0x3b4 cmake/stm32cubemx/CMakeFiles/STM32_Drivers.dir/__/__/Drivers/STM32F4xx_HAL_Driver/Src/stm32f4xx_hal.c.obj
 .debug_frame   0x00001d18       0x34 cmake/stm32cubemx/CMakeFiles/STM32_Drivers.dir/__/__/Drivers/STM32F4xx_HAL_Driver/Src/stm32f4xx_hal_dcmi_ex.c.obj
 .debug_frame   0x00001d4c      0x898 cmake/stm32cubemx/CMakeFiles/STM32_Drivers.dir/__/__/Drivers/STM32F4xx_HAL_Driver/Src/stm32f4xx_hal_eth.c.obj
 .debug_frame   0x000025e4      0xc84 cmake/stm32cubemx/CMakeFiles/STM32_Drivers.dir/__/__/Drivers/STM32F4xx_HAL_Driver/Src/stm32f4xx_hal_i2c.c.obj
 .debug_frame   0x00003268       0x60 cmake/stm32cubemx/CMakeFiles/STM32_Drivers.dir/__/__/Drivers/STM32F4xx_HAL_Driver/Src/stm32f4xx_hal_i2c_ex.c.obj
 .debug_frame   0x000032c8      0x954 cmake/stm32cubemx/CMakeFiles/STM32_Drivers.dir/__/__/Drivers/STM32F4xx_HAL_Driver/Src/stm32f4xx_hal_uart.c.obj
 .debug_frame   0x00003c1c      0x390 cmake/stm32cubemx/CMakeFiles/USB_Device_Library.dir/__/__/Middlewares/ST/STM32_USB_Device_Library/Core/Src/usbd_core.c.obj
 .debug_frame   0x00003fac      0x23c cmake/stm32cubemx/CMakeFiles/USB_Device_Library.dir/197333d81b7587277aa101873a1ada28/Core/Src/usbd_ctlreq.c.obj
 .debug_frame   0x000041e8      0x10c cmake/stm32cubemx/CMakeFiles/USB_Device_Library.dir/197333d81b7587277aa101873a1ada28/Core/Src/usbd_ioreq.c.obj
 .debug_frame   0x000042f4      0x23c cmake/stm32cubemx/CMakeFiles/USB_Device_Library.dir/197333d81b7587277aa101873a1ada28/Class/CDC/Src/usbd_cdc.c.obj
 .debug_frame   0x00004530      0x47c CMakeFiles/ov7670_new.dir/USB_DEVICE/Target/usbd_conf.c.obj
 .debug_frame   0x000049ac       0x2c CMakeFiles/ov7670_new.dir/USB_DEVICE/App/usb_device.c.obj
 .debug_frame   0x000049d8      0x160 CMakeFiles/ov7670_new.dir/USB_DEVICE/App/usbd_desc.c.obj
 .debug_frame   0x00004b38       0xe4 CMakeFiles/ov7670_new.dir/USB_DEVICE/App/usbd_cdc_if.c.obj
 .debug_frame   0x00004c1c      0x144 CMakeFiles/ov7670_new.dir/Core/Src/main.c.obj
 .debug_frame   0x00004d60      0x13c CMakeFiles/ov7670_new.dir/Core/Src/stm32f4xx_it.c.obj
 .debug_frame   0x00004e9c      0x158 CMakeFiles/ov7670_new.dir/Core/Src/stm32f4xx_hal_msp.c.obj
 .debug_frame   0x00004ff4       0x58 CMakeFiles/ov7670_new.dir/Core/Src/ov7670.c.obj
 .debug_frame   0x0000504c       0x2c C:/ST/STM32CubeCLT_1.18.0/GNU-tools-for-STM32/bin/../lib/gcc/arm-none-eabi/13.3.1/thumb/v7e-m+fp/hard\libgcc.a(_aeabi_uldivmod.o)
 .debug_frame   0x00005078       0x34 C:/ST/STM32CubeCLT_1.18.0/GNU-tools-for-STM32/bin/../lib/gcc/arm-none-eabi/13.3.1/thumb/v7e-m+fp/hard\libgcc.a(_udivmoddi4.o)

.debug_info     0x00000000    0x198da
 .debug_info    0x00000000      0x52e cmake/stm32cubemx/CMakeFiles/STM32_Drivers.dir/__/__/Core/Src/system_stm32f4xx.c.obj
 .debug_info    0x0000052e     0x156f cmake/stm32cubemx/CMakeFiles/STM32_Drivers.dir/__/__/Drivers/STM32F4xx_HAL_Driver/Src/stm32f4xx_hal_pcd.c.obj
 .debug_info    0x00001a9d      0x6ea cmake/stm32cubemx/CMakeFiles/STM32_Drivers.dir/__/__/Drivers/STM32F4xx_HAL_Driver/Src/stm32f4xx_hal_pcd_ex.c.obj
 .debug_info    0x00002187     0x1993 cmake/stm32cubemx/CMakeFiles/STM32_Drivers.dir/__/__/Drivers/STM32F4xx_HAL_Driver/Src/stm32f4xx_ll_usb.c.obj
 .debug_info    0x00003b1a      0x8c7 cmake/stm32cubemx/CMakeFiles/STM32_Drivers.dir/__/__/Drivers/STM32F4xx_HAL_Driver/Src/stm32f4xx_hal_rcc.c.obj
 .debug_info    0x000043e1      0x6db cmake/stm32cubemx/CMakeFiles/STM32_Drivers.dir/__/__/Drivers/STM32F4xx_HAL_Driver/Src/stm32f4xx_hal_gpio.c.obj
 .debug_info    0x00004abc      0x8e7 cmake/stm32cubemx/CMakeFiles/STM32_Drivers.dir/__/__/Drivers/STM32F4xx_HAL_Driver/Src/stm32f4xx_hal_dma.c.obj
 .debug_info    0x000053a3      0xdc8 cmake/stm32cubemx/CMakeFiles/STM32_Drivers.dir/__/__/Drivers/STM32F4xx_HAL_Driver/Src/stm32f4xx_hal_cortex.c.obj
 .debug_info    0x0000616b      0x9c0 cmake/stm32cubemx/CMakeFiles/STM32_Drivers.dir/__/__/Drivers/STM32F4xx_HAL_Driver/Src/stm32f4xx_hal.c.obj
 .debug_info    0x00006b2b      0x5b8 cmake/stm32cubemx/CMakeFiles/STM32_Drivers.dir/__/__/Drivers/STM32F4xx_HAL_Driver/Src/stm32f4xx_hal_dcmi_ex.c.obj
 .debug_info    0x000070e3     0x2169 cmake/stm32cubemx/CMakeFiles/STM32_Drivers.dir/__/__/Drivers/STM32F4xx_HAL_Driver/Src/stm32f4xx_hal_eth.c.obj
 .debug_info    0x0000924c     0x2421 cmake/stm32cubemx/CMakeFiles/STM32_Drivers.dir/__/__/Drivers/STM32F4xx_HAL_Driver/Src/stm32f4xx_hal_i2c.c.obj
 .debug_info    0x0000b66d      0x672 cmake/stm32cubemx/CMakeFiles/STM32_Drivers.dir/__/__/Drivers/STM32F4xx_HAL_Driver/Src/stm32f4xx_hal_i2c_ex.c.obj
 .debug_info    0x0000bcdf     0x2f4f cmake/stm32cubemx/CMakeFiles/STM32_Drivers.dir/__/__/Drivers/STM32F4xx_HAL_Driver/Src/stm32f4xx_hal_uart.c.obj
 .debug_info    0x0000ec2e      0xe05 cmake/stm32cubemx/CMakeFiles/USB_Device_Library.dir/__/__/Middlewares/ST/STM32_USB_Device_Library/Core/Src/usbd_core.c.obj
 .debug_info    0x0000fa33      0xade cmake/stm32cubemx/CMakeFiles/USB_Device_Library.dir/197333d81b7587277aa101873a1ada28/Core/Src/usbd_ctlreq.c.obj
 .debug_info    0x00010511      0x755 cmake/stm32cubemx/CMakeFiles/USB_Device_Library.dir/197333d81b7587277aa101873a1ada28/Core/Src/usbd_ioreq.c.obj
 .debug_info    0x00010c66     0x12a3 cmake/stm32cubemx/CMakeFiles/USB_Device_Library.dir/197333d81b7587277aa101873a1ada28/Class/CDC/Src/usbd_cdc.c.obj
 .debug_info    0x00011f09     0x1cc3 CMakeFiles/ov7670_new.dir/USB_DEVICE/Target/usbd_conf.c.obj
 .debug_info    0x00013bcc      0x701 CMakeFiles/ov7670_new.dir/USB_DEVICE/App/usb_device.c.obj
 .debug_info    0x000142cd      0x458 CMakeFiles/ov7670_new.dir/USB_DEVICE/App/usbd_desc.c.obj
 .debug_info    0x00014725      0x8fa CMakeFiles/ov7670_new.dir/USB_DEVICE/App/usbd_cdc_if.c.obj
 .debug_info    0x0001501f     0x1fd2 CMakeFiles/ov7670_new.dir/Core/Src/main.c.obj
 .debug_info    0x00016ff1      0x891 CMakeFiles/ov7670_new.dir/Core/Src/stm32f4xx_it.c.obj
 .debug_info    0x00017882     0x1988 CMakeFiles/ov7670_new.dir/Core/Src/stm32f4xx_hal_msp.c.obj
 .debug_info    0x0001920a       0x30 CMakeFiles/ov7670_new.dir/startup_stm32f439xx.s.obj
 .debug_info    0x0001923a      0x6a0 CMakeFiles/ov7670_new.dir/Core/Src/ov7670.c.obj

.debug_abbrev   0x00000000     0x3bf1
 .debug_abbrev  0x00000000      0x11a cmake/stm32cubemx/CMakeFiles/STM32_Drivers.dir/__/__/Core/Src/system_stm32f4xx.c.obj
 .debug_abbrev  0x0000011a      0x2b9 cmake/stm32cubemx/CMakeFiles/STM32_Drivers.dir/__/__/Drivers/STM32F4xx_HAL_Driver/Src/stm32f4xx_hal_pcd.c.obj
 .debug_abbrev  0x000003d3      0x1da cmake/stm32cubemx/CMakeFiles/STM32_Drivers.dir/__/__/Drivers/STM32F4xx_HAL_Driver/Src/stm32f4xx_hal_pcd_ex.c.obj
 .debug_abbrev  0x000005ad      0x2b3 cmake/stm32cubemx/CMakeFiles/STM32_Drivers.dir/__/__/Drivers/STM32F4xx_HAL_Driver/Src/stm32f4xx_ll_usb.c.obj
 .debug_abbrev  0x00000860      0x2b7 cmake/stm32cubemx/CMakeFiles/STM32_Drivers.dir/__/__/Drivers/STM32F4xx_HAL_Driver/Src/stm32f4xx_hal_rcc.c.obj
 .debug_abbrev  0x00000b17      0x1d4 cmake/stm32cubemx/CMakeFiles/STM32_Drivers.dir/__/__/Drivers/STM32F4xx_HAL_Driver/Src/stm32f4xx_hal_gpio.c.obj
 .debug_abbrev  0x00000ceb      0x264 cmake/stm32cubemx/CMakeFiles/STM32_Drivers.dir/__/__/Drivers/STM32F4xx_HAL_Driver/Src/stm32f4xx_hal_dma.c.obj
 .debug_abbrev  0x00000f4f      0x31d cmake/stm32cubemx/CMakeFiles/STM32_Drivers.dir/__/__/Drivers/STM32F4xx_HAL_Driver/Src/stm32f4xx_hal_cortex.c.obj
 .debug_abbrev  0x0000126c      0x214 cmake/stm32cubemx/CMakeFiles/STM32_Drivers.dir/__/__/Drivers/STM32F4xx_HAL_Driver/Src/stm32f4xx_hal.c.obj
 .debug_abbrev  0x00001480      0x13e cmake/stm32cubemx/CMakeFiles/STM32_Drivers.dir/__/__/Drivers/STM32F4xx_HAL_Driver/Src/stm32f4xx_hal_dcmi_ex.c.obj
 .debug_abbrev  0x000015be      0x35c cmake/stm32cubemx/CMakeFiles/STM32_Drivers.dir/__/__/Drivers/STM32F4xx_HAL_Driver/Src/stm32f4xx_hal_eth.c.obj
 .debug_abbrev  0x0000191a      0x2ad cmake/stm32cubemx/CMakeFiles/STM32_Drivers.dir/__/__/Drivers/STM32F4xx_HAL_Driver/Src/stm32f4xx_hal_i2c.c.obj
 .debug_abbrev  0x00001bc7      0x157 cmake/stm32cubemx/CMakeFiles/STM32_Drivers.dir/__/__/Drivers/STM32F4xx_HAL_Driver/Src/stm32f4xx_hal_i2c_ex.c.obj
 .debug_abbrev  0x00001d1e      0x30e cmake/stm32cubemx/CMakeFiles/STM32_Drivers.dir/__/__/Drivers/STM32F4xx_HAL_Driver/Src/stm32f4xx_hal_uart.c.obj
 .debug_abbrev  0x0000202c      0x27c cmake/stm32cubemx/CMakeFiles/USB_Device_Library.dir/__/__/Middlewares/ST/STM32_USB_Device_Library/Core/Src/usbd_core.c.obj
 .debug_abbrev  0x000022a8      0x26f cmake/stm32cubemx/CMakeFiles/USB_Device_Library.dir/197333d81b7587277aa101873a1ada28/Core/Src/usbd_ctlreq.c.obj
 .debug_abbrev  0x00002517      0x19a cmake/stm32cubemx/CMakeFiles/USB_Device_Library.dir/197333d81b7587277aa101873a1ada28/Core/Src/usbd_ioreq.c.obj
 .debug_abbrev  0x000026b1      0x2d2 cmake/stm32cubemx/CMakeFiles/USB_Device_Library.dir/197333d81b7587277aa101873a1ada28/Class/CDC/Src/usbd_cdc.c.obj
 .debug_abbrev  0x00002983      0x33f CMakeFiles/ov7670_new.dir/USB_DEVICE/Target/usbd_conf.c.obj
 .debug_abbrev  0x00002cc2      0x195 CMakeFiles/ov7670_new.dir/USB_DEVICE/App/usb_device.c.obj
 .debug_abbrev  0x00002e57      0x1e1 CMakeFiles/ov7670_new.dir/USB_DEVICE/App/usbd_desc.c.obj
 .debug_abbrev  0x00003038      0x29d CMakeFiles/ov7670_new.dir/USB_DEVICE/App/usbd_cdc_if.c.obj
 .debug_abbrev  0x000032d5      0x339 CMakeFiles/ov7670_new.dir/Core/Src/main.c.obj
 .debug_abbrev  0x0000360e      0x1d2 CMakeFiles/ov7670_new.dir/Core/Src/stm32f4xx_it.c.obj
 .debug_abbrev  0x000037e0      0x26e CMakeFiles/ov7670_new.dir/Core/Src/stm32f4xx_hal_msp.c.obj
 .debug_abbrev  0x00003a4e       0x24 CMakeFiles/ov7670_new.dir/startup_stm32f439xx.s.obj
 .debug_abbrev  0x00003a72      0x17f CMakeFiles/ov7670_new.dir/Core/Src/ov7670.c.obj

.debug_aranges  0x00000000     0x1368
 .debug_aranges
                0x00000000       0x28 cmake/stm32cubemx/CMakeFiles/STM32_Drivers.dir/__/__/Core/Src/system_stm32f4xx.c.obj
 .debug_aranges
                0x00000028      0x148 cmake/stm32cubemx/CMakeFiles/STM32_Drivers.dir/__/__/Drivers/STM32F4xx_HAL_Driver/Src/stm32f4xx_hal_pcd.c.obj
 .debug_aranges
                0x00000170       0x38 cmake/stm32cubemx/CMakeFiles/STM32_Drivers.dir/__/__/Drivers/STM32F4xx_HAL_Driver/Src/stm32f4xx_hal_pcd_ex.c.obj
 .debug_aranges
                0x000001a8      0x1a0 cmake/stm32cubemx/CMakeFiles/STM32_Drivers.dir/__/__/Drivers/STM32F4xx_HAL_Driver/Src/stm32f4xx_ll_usb.c.obj
 .debug_aranges
                0x00000348       0x88 cmake/stm32cubemx/CMakeFiles/STM32_Drivers.dir/__/__/Drivers/STM32F4xx_HAL_Driver/Src/stm32f4xx_hal_rcc.c.obj
 .debug_aranges
                0x000003d0       0x58 cmake/stm32cubemx/CMakeFiles/STM32_Drivers.dir/__/__/Drivers/STM32F4xx_HAL_Driver/Src/stm32f4xx_hal_gpio.c.obj
 .debug_aranges
                0x00000428       0x90 cmake/stm32cubemx/CMakeFiles/STM32_Drivers.dir/__/__/Drivers/STM32F4xx_HAL_Driver/Src/stm32f4xx_hal_dma.c.obj
 .debug_aranges
                0x000004b8      0x130 cmake/stm32cubemx/CMakeFiles/STM32_Drivers.dir/__/__/Drivers/STM32F4xx_HAL_Driver/Src/stm32f4xx_hal_cortex.c.obj
 .debug_aranges